Picked up JAVA_TOOL_OPTIONS: -Dfile.encoding=UTF-8
FHIR Implementation Guide Publisher (v?? (not a build IGPublisher?), gen-code v4.1.0 / 3) @ Friday, April 26, 2019 8:51:02 PM
Detected Java version: 1.8.0_201 from /Library/Java/JavaVirtualMachines/jdk1.8.0_201.jdk/Contents/Home/jre on x86_64 (64bit). 1820MB available
[/Users/doug/Documents/cdl-master] -ig ig.json
Package Cache: /Users/doug/.fhir/packages
Load Configuration from /Users/doug/Documents/cdl-master/ig.json                 (00.0195sec)
Logging init
Logging progress
Logging context
Logging html
Root directory: /Users/doug/Documents/cdl-master                                 (00.0212sec)
Check folders                                                                    (00.0227sec)
Source: /Users/doug/Documents/cdl-master/source/resources                        (00.0227sec)
Source: /Users/doug/Documents/cdl-master/source/examples                         (00.0228sec)
Pages: /Users/doug/Documents/cdl-master/framework                                (00.0229sec)
Pages: /Users/doug/Documents/cdl-master/source/pages                             (00.0229sec)
Temp: /Users/doug/Documents/cdl-master/generated_output/temp                     (00.0229sec)
Output: /Users/doug/Documents/cdl-master/output                                  (00.0941sec)
Temp: /Users/doug/Documents/cdl-master/generated_output/qa                       (00.0990sec)
Terminology Cache is at /Users/doug/Documents/cdl-master/generated_output/txCache. 1 files in cache (00.0992sec)
Contacting Build Server...                                                       (00.0992sec)
 ... done                                                                        (02.0373sec)
Load hl7.fhir.core-4.0.0 package from /Users/doug/.fhir/packages/hl7.fhir.core#4.0.0 (02.0384sec)
Unable to generate snapshot for http://hl7.org/fhir/StructureDefinition/example-section-library because null
Unable to generate snapshot for http://hl7.org/fhir/StructureDefinition/example-composition because null
Load Terminology Cache from /Users/doug/Documents/cdl-master/generated_output/txCache (17.0827sec)
Connect to Terminology Server at http://tx.fhir.org                              (17.0829sec)
-tx cache miss: Connect to http://tx.fhir.org//r4
Load sdc (http://hl7.org/fhir/uv/sdc) from hl7.fhir.uv.sdc#current               (18.0925sec)
In IG sdc map: No identity found for http://hl7.org/fhir/uv/sdc/OperationDefinition/QuestionnaireResponse-extract|0.0.0
In IG sdc map: No identity found for http://hl7.org/fhir/uv/sdc/OperationDefinition/Questionnaire-next-question|0.0.0
In IG sdc map: No identity found for http://hl7.org/fhir/uv/sdc/Questionnaire/questionnaire-sdc-profile-example-loinc|2012-04
Load uscoreR4 (http://hl7.org/fhir/us/core) from hl7.fhir.us.core#current        (19.0405sec)
Version mismatch. This IG is version 4.0.0, while the IG 'uscoreR4' is from version 3.0.1 (will try to run anyway) (19.0409sec)
Check Generate /Users/doug/Documents/cdl-master/generated_output/qa/tbl_bck1512.png (21.0960sec)
Check Generate /Users/doug/Documents/cdl-master/generated_output/temp/tbl_bck1512.png (21.0961sec)
Check Generate /Users/doug/Documents/cdl-master/generated_output/qa/tbl_bck01000.png (21.0962sec)
Check Generate /Users/doug/Documents/cdl-master/generated_output/temp/tbl_bck01000.png (21.0963sec)
Check Generate /Users/doug/Documents/cdl-master/generated_output/qa/icon_profile.png (21.0963sec)
Check Generate /Users/doug/Documents/cdl-master/generated_output/temp/icon_profile.png (21.0964sec)
Check Generate /Users/doug/Documents/cdl-master/generated_output/qa/tbl_bck01.png (21.0965sec)
Check Generate /Users/doug/Documents/cdl-master/generated_output/temp/tbl_bck01.png (21.0966sec)
Check Generate /Users/doug/Documents/cdl-master/generated_output/qa/icon-infrastructure.png (21.0966sec)
Check Generate /Users/doug/Documents/cdl-master/generated_output/temp/icon-infrastructure.png (21.0968sec)
Check Generate /Users/doug/Documents/cdl-master/generated_output/qa/tbl_bck11110.png (21.0970sec)
Check Generate /Users/doug/Documents/cdl-master/generated_output/temp/tbl_bck11110.png (21.0971sec)
Check Generate /Users/doug/Documents/cdl-master/generated_output/qa/tbl_bck010.png (21.0971sec)
Check Generate /Users/doug/Documents/cdl-master/generated_output/temp/tbl_bck010.png (21.0972sec)
Check Generate /Users/doug/Documents/cdl-master/generated_output/qa/tbl_bck1040.png (21.0973sec)
Check Generate /Users/doug/Documents/cdl-master/generated_output/temp/tbl_bck1040.png (21.0974sec)
Check Generate /Users/doug/Documents/cdl-master/generated_output/qa/tbl_bck001001.png (21.0974sec)
Check Generate /Users/doug/Documents/cdl-master/generated_output/temp/tbl_bck001001.png (21.0975sec)
Check Generate /Users/doug/Documents/cdl-master/generated_output/qa/tbl_bck00010.png (21.0975sec)
Check Generate /Users/doug/Documents/cdl-master/generated_output/temp/tbl_bck00010.png (21.0976sec)
Check Generate /Users/doug/Documents/cdl-master/generated_output/qa/tbl_bck0111.png (21.0976sec)
Check Generate /Users/doug/Documents/cdl-master/generated_output/temp/tbl_bck0111.png (21.0978sec)
Check Generate /Users/doug/Documents/cdl-master/generated_output/qa/icon-warning.png (21.0978sec)
Check Generate /Users/doug/Documents/cdl-master/generated_output/temp/icon-warning.png (21.0979sec)
Check Generate /Users/doug/Documents/cdl-master/generated_output/qa/tbl_bck041.png (21.0979sec)
Check Generate /Users/doug/Documents/cdl-master/generated_output/temp/tbl_bck041.png (21.0979sec)
Check Generate /Users/doug/Documents/cdl-master/generated_output/qa/icon_element.gif (21.0980sec)
Check Generate /Users/doug/Documents/cdl-master/generated_output/temp/icon_element.gif (21.0981sec)
Check Generate /Users/doug/Documents/cdl-master/generated_output/qa/tbl_bck0510.png (21.0981sec)
Check Generate /Users/doug/Documents/cdl-master/generated_output/temp/tbl_bck0510.png (21.0982sec)
Check Generate /Users/doug/Documents/cdl-master/generated_output/qa/tbl_bck10011.png (21.0982sec)
Check Generate /Users/doug/Documents/cdl-master/generated_output/temp/tbl_bck10011.png (21.0983sec)
Check Generate /Users/doug/Documents/cdl-master/generated_output/qa/tbl_bck150.png (21.0983sec)
Check Generate /Users/doug/Documents/cdl-master/generated_output/temp/tbl_bck150.png (21.0984sec)
Check Generate /Users/doug/Documents/cdl-master/generated_output/qa/icon-include.png (21.0984sec)
Check Generate /Users/doug/Documents/cdl-master/generated_output/temp/icon-include.png (21.0985sec)
Check Generate /Users/doug/Documents/cdl-master/generated_output/qa/tbl_bck0.png (21.0985sec)
Check Generate /Users/doug/Documents/cdl-master/generated_output/temp/tbl_bck0.png (21.0986sec)
Check Generate /Users/doug/Documents/cdl-master/generated_output/qa/tbl_bck05140.png (21.0986sec)
Check Generate /Users/doug/Documents/cdl-master/generated_output/temp/tbl_bck05140.png (21.0987sec)
Check Generate /Users/doug/Documents/cdl-master/generated_output/qa/tbl_bck101010.png (21.0987sec)
Check Generate /Users/doug/Documents/cdl-master/generated_output/temp/tbl_bck101010.png (21.0988sec)
Check Generate /Users/doug/Documents/cdl-master/generated_output/qa/tbl_bck0010010.png (21.0988sec)
Check Generate /Users/doug/Documents/cdl-master/generated_output/temp/tbl_bck0010010.png (21.0989sec)
Check Generate /Users/doug/Documents/cdl-master/generated_output/qa/icon-toc.png (21.0990sec)
Check Generate /Users/doug/Documents/cdl-master/generated_output/temp/icon-toc.png (21.0990sec)
Check Generate /Users/doug/Documents/cdl-master/generated_output/qa/tbl_bck1152.png (21.0991sec)
Check Generate /Users/doug/Documents/cdl-master/generated_output/temp/tbl_bck1152.png (21.0992sec)
Check Generate /Users/doug/Documents/cdl-master/generated_output/qa/icon-page.png (21.0992sec)
Check Generate /Users/doug/Documents/cdl-master/generated_output/temp/icon-page.png (21.0993sec)
Check Generate /Users/doug/Documents/cdl-master/generated_output/qa/tbl_bck0410.png (21.0993sec)
Check Generate /Users/doug/Documents/cdl-master/generated_output/temp/tbl_bck0410.png (21.0994sec)
Check Generate /Users/doug/Documents/cdl-master/generated_output/qa/tbl_bck101100.png (21.0995sec)
Check Generate /Users/doug/Documents/cdl-master/generated_output/temp/tbl_bck101100.png (21.0995sec)
Check Generate /Users/doug/Documents/cdl-master/generated_output/qa/icon_modifier_extension_simple.png (21.0996sec)
Check Generate /Users/doug/Documents/cdl-master/generated_output/temp/icon_modifier_extension_simple.png (21.0997sec)
Check Generate /Users/doug/Documents/cdl-master/generated_output/qa/tbl_bck011010.png (21.0997sec)
Check Generate /Users/doug/Documents/cdl-master/generated_output/temp/tbl_bck011010.png (21.0998sec)
Check Generate /Users/doug/Documents/cdl-master/generated_output/qa/mustsupport.png (21.0998sec)
Check Generate /Users/doug/Documents/cdl-master/generated_output/temp/mustsupport.png (21.0999sec)
Check Generate /Users/doug/Documents/cdl-master/generated_output/qa/icon_page.gif (22.0000sec)
Check Generate /Users/doug/Documents/cdl-master/generated_output/temp/icon_page.gif (22.0001sec)
Check Generate /Users/doug/Documents/cdl-master/generated_output/qa/icon_resource.png (22.0001sec)
Check Generate /Users/doug/Documents/cdl-master/generated_output/temp/icon_resource.png (22.0002sec)
Check Generate /Users/doug/Documents/cdl-master/generated_output/qa/tbl_bck1540.png (22.0003sec)
Check Generate /Users/doug/Documents/cdl-master/generated_output/temp/tbl_bck1540.png (22.0004sec)
Check Generate /Users/doug/Documents/cdl-master/generated_output/qa/tbl_bck01100.png (22.0004sec)
Check Generate /Users/doug/Documents/cdl-master/generated_output/temp/tbl_bck01100.png (22.0005sec)
Check Generate /Users/doug/Documents/cdl-master/generated_output/qa/tbl_vline_slice.png (22.0006sec)
Check Generate /Users/doug/Documents/cdl-master/generated_output/temp/tbl_vline_slice.png (22.0007sec)
Check Generate /Users/doug/Documents/cdl-master/generated_output/qa/tbl_bck110.png (22.0007sec)
Check Generate /Users/doug/Documents/cdl-master/generated_output/temp/tbl_bck110.png (22.0009sec)
Check Generate /Users/doug/Documents/cdl-master/generated_output/qa/tbl_bck111000.png (22.0009sec)
Check Generate /Users/doug/Documents/cdl-master/generated_output/temp/tbl_bck111000.png (22.0010sec)
Check Generate /Users/doug/Documents/cdl-master/generated_output/qa/tbl_blank.png (22.0010sec)
Check Generate /Users/doug/Documents/cdl-master/generated_output/temp/tbl_blank.png (22.0011sec)
Check Generate /Users/doug/Documents/cdl-master/generated_output/qa/tbl_bck12.png (22.0012sec)
Check Generate /Users/doug/Documents/cdl-master/generated_output/temp/tbl_bck12.png (22.0012sec)
Check Generate /Users/doug/Documents/cdl-master/generated_output/qa/tbl_bck0011.png (22.0013sec)
Check Generate /Users/doug/Documents/cdl-master/generated_output/temp/tbl_bck0011.png (22.0013sec)
Check Generate /Users/doug/Documents/cdl-master/generated_output/qa/tbl_bck15152.png (22.0014sec)
Check Generate /Users/doug/Documents/cdl-master/generated_output/temp/tbl_bck15152.png (22.0014sec)
Check Generate /Users/doug/Documents/cdl-master/generated_output/qa/tbl_bck010110.png (22.0015sec)
Check Generate /Users/doug/Documents/cdl-master/generated_output/temp/tbl_bck010110.png (22.0015sec)
Check Generate /Users/doug/Documents/cdl-master/generated_output/qa/tbl_bck10101.png (22.0016sec)
Check Generate /Users/doug/Documents/cdl-master/generated_output/temp/tbl_bck10101.png (22.0016sec)
Check Generate /Users/doug/Documents/cdl-master/generated_output/qa/tbl_bck000000.png (22.0017sec)
Check Generate /Users/doug/Documents/cdl-master/generated_output/temp/tbl_bck000000.png (22.0017sec)
Check Generate /Users/doug/Documents/cdl-master/generated_output/qa/tbl_bck00.png (22.0018sec)
Check Generate /Users/doug/Documents/cdl-master/generated_output/temp/tbl_bck00.png (22.0018sec)
Check Generate /Users/doug/Documents/cdl-master/generated_output/qa/tbl_bck001.png (22.0019sec)
Check Generate /Users/doug/Documents/cdl-master/generated_output/temp/tbl_bck001.png (22.0019sec)
Check Generate /Users/doug/Documents/cdl-master/generated_output/qa/tbl_bck11101.png (22.0020sec)
Check Generate /Users/doug/Documents/cdl-master/generated_output/temp/tbl_bck11101.png (22.0021sec)
Check Generate /Users/doug/Documents/cdl-master/generated_output/qa/tbl_bck05050.png (22.0021sec)
Check Generate /Users/doug/Documents/cdl-master/generated_output/temp/tbl_bck05050.png (22.0022sec)
Check Generate /Users/doug/Documents/cdl-master/generated_output/qa/tbl_vline_slicer.png (22.0022sec)
Check Generate /Users/doug/Documents/cdl-master/generated_output/temp/tbl_vline_slicer.png (22.0023sec)
Check Generate /Users/doug/Documents/cdl-master/generated_output/qa/tbl_bck10111.png (22.0023sec)
Check Generate /Users/doug/Documents/cdl-master/generated_output/temp/tbl_bck10111.png (22.0024sec)
Check Generate /Users/doug/Documents/cdl-master/generated_output/qa/tbl_bck000010.png (22.0024sec)
Check Generate /Users/doug/Documents/cdl-master/generated_output/temp/tbl_bck000010.png (22.0024sec)
Check Generate /Users/doug/Documents/cdl-master/generated_output/qa/tbl_bck10.png (22.0025sec)
Check Generate /Users/doug/Documents/cdl-master/generated_output/temp/tbl_bck10.png (22.0025sec)
Check Generate /Users/doug/Documents/cdl-master/generated_output/qa/tbl_bck00001.png (22.0026sec)
Check Generate /Users/doug/Documents/cdl-master/generated_output/temp/tbl_bck00001.png (22.0026sec)
Check Generate /Users/doug/Documents/cdl-master/generated_output/qa/icon_modifier_extension_complex.png (22.0027sec)
Check Generate /Users/doug/Documents/cdl-master/generated_output/temp/icon_modifier_extension_complex.png (22.0027sec)
Check Generate /Users/doug/Documents/cdl-master/generated_output/qa/icon-clinical.png (22.0027sec)
Check Generate /Users/doug/Documents/cdl-master/generated_output/temp/icon-clinical.png (22.0029sec)
Check Generate /Users/doug/Documents/cdl-master/generated_output/qa/tbl_bck05040.png (22.0029sec)
Check Generate /Users/doug/Documents/cdl-master/generated_output/temp/tbl_bck05040.png (22.0030sec)
Check Generate /Users/doug/Documents/cdl-master/generated_output/qa/tbl_bck011.png (22.0030sec)
Check Generate /Users/doug/Documents/cdl-master/generated_output/temp/tbl_bck011.png (22.0031sec)
Check Generate /Users/doug/Documents/cdl-master/generated_output/qa/tbl_bck050.png (22.0031sec)
Check Generate /Users/doug/Documents/cdl-master/generated_output/temp/tbl_bck050.png (22.0031sec)
Check Generate /Users/doug/Documents/cdl-master/generated_output/qa/tbl_bck100.png (22.0032sec)
Check Generate /Users/doug/Documents/cdl-master/generated_output/temp/tbl_bck100.png (22.0032sec)
Check Generate /Users/doug/Documents/cdl-master/generated_output/qa/icon_page_n.gif (22.0033sec)
Check Generate /Users/doug/Documents/cdl-master/generated_output/temp/icon_page_n.gif (22.0033sec)
Check Generate /Users/doug/Documents/cdl-master/generated_output/qa/target.png   (22.0033sec)
Check Generate /Users/doug/Documents/cdl-master/generated_output/temp/target.png (22.0034sec)
Check Generate /Users/doug/Documents/cdl-master/generated_output/qa/tbl_bck10010.png (22.0035sec)
Check Generate /Users/doug/Documents/cdl-master/generated_output/temp/tbl_bck10010.png (22.0035sec)
Check Generate /Users/doug/Documents/cdl-master/generated_output/qa/tbl_bck101000.png (22.0035sec)
Check Generate /Users/doug/Documents/cdl-master/generated_output/temp/tbl_bck101000.png (22.0036sec)
Check Generate /Users/doug/Documents/cdl-master/generated_output/qa/tbl_bck04.png (22.0036sec)
Check Generate /Users/doug/Documents/cdl-master/generated_output/temp/tbl_bck04.png (22.0037sec)
Check Generate /Users/doug/Documents/cdl-master/generated_output/qa/tbl_bck1010.png (22.0037sec)
Check Generate /Users/doug/Documents/cdl-master/generated_output/temp/tbl_bck1010.png (22.0037sec)
Check Generate /Users/doug/Documents/cdl-master/generated_output/qa/tbl_bck1515.png (22.0038sec)
Check Generate /Users/doug/Documents/cdl-master/generated_output/temp/tbl_bck1515.png (22.0038sec)
Check Generate /Users/doug/Documents/cdl-master/generated_output/qa/tbl_bck115.png (22.0039sec)
Check Generate /Users/doug/Documents/cdl-master/generated_output/temp/tbl_bck115.png (22.0039sec)
Check Generate /Users/doug/Documents/cdl-master/generated_output/qa/tbl_bck1550.png (22.0040sec)
Check Generate /Users/doug/Documents/cdl-master/generated_output/temp/tbl_bck1550.png (22.0040sec)
Check Generate /Users/doug/Documents/cdl-master/generated_output/qa/tbl_bck05.png (22.0041sec)
Check Generate /Users/doug/Documents/cdl-master/generated_output/temp/tbl_bck05.png (22.0041sec)
Check Generate /Users/doug/Documents/cdl-master/generated_output/qa/tbl_bck111.png (22.0042sec)
Check Generate /Users/doug/Documents/cdl-master/generated_output/temp/tbl_bck111.png (22.0042sec)
Check Generate /Users/doug/Documents/cdl-master/generated_output/qa/tbl_bck011000.png (22.0042sec)
Check Generate /Users/doug/Documents/cdl-master/generated_output/temp/tbl_bck011000.png (22.0043sec)
Check Generate /Users/doug/Documents/cdl-master/generated_output/qa/icon_datatype.gif (22.0043sec)
Check Generate /Users/doug/Documents/cdl-master/generated_output/temp/icon_datatype.gif (22.0044sec)
Check Generate /Users/doug/Documents/cdl-master/generated_output/qa/tbl_bck01110.png (22.0044sec)
Check Generate /Users/doug/Documents/cdl-master/generated_output/temp/tbl_bck01110.png (22.0044sec)
Check Generate /Users/doug/Documents/cdl-master/generated_output/qa/icon_extension.png (22.0045sec)
Check Generate /Users/doug/Documents/cdl-master/generated_output/temp/icon_extension.png (22.0045sec)
Check Generate /Users/doug/Documents/cdl-master/generated_output/qa/icon_extension_complex.png (22.0045sec)
Check Generate /Users/doug/Documents/cdl-master/generated_output/temp/icon_extension_complex.png (22.0046sec)
Check Generate /Users/doug/Documents/cdl-master/generated_output/qa/tbl_bck10000.png (22.0046sec)
Check Generate /Users/doug/Documents/cdl-master/generated_output/temp/tbl_bck10000.png (22.0047sec)
Check Generate /Users/doug/Documents/cdl-master/generated_output/qa/icon-example.png (22.0047sec)
Check Generate /Users/doug/Documents/cdl-master/generated_output/temp/icon-example.png (22.0048sec)
Check Generate /Users/doug/Documents/cdl-master/generated_output/qa/tbl_bck1500.png (22.0048sec)
Check Generate /Users/doug/Documents/cdl-master/generated_output/temp/tbl_bck1500.png (22.0049sec)
Check Generate /Users/doug/Documents/cdl-master/generated_output/qa/tbl_bck1110.png (22.0049sec)
Check Generate /Users/doug/Documents/cdl-master/generated_output/temp/tbl_bck1110.png (22.0050sec)
Check Generate /Users/doug/Documents/cdl-master/generated_output/qa/external.png (22.0051sec)
Check Generate /Users/doug/Documents/cdl-master/generated_output/temp/external.png (22.0051sec)
Check Generate /Users/doug/Documents/cdl-master/generated_output/qa/tbl_bck15.png (22.0052sec)
Check Generate /Users/doug/Documents/cdl-master/generated_output/temp/tbl_bck15.png (22.0052sec)
Check Generate /Users/doug/Documents/cdl-master/generated_output/qa/icon_page_n_o.gif (22.0053sec)
Check Generate /Users/doug/Documents/cdl-master/generated_output/temp/icon_page_n_o.gif (22.0053sec)
Check Generate /Users/doug/Documents/cdl-master/generated_output/qa/icon-administration.png (22.0054sec)
Check Generate /Users/doug/Documents/cdl-master/generated_output/temp/icon-administration.png (22.0055sec)
Check Generate /Users/doug/Documents/cdl-master/generated_output/qa/icon_choice.gif (22.0055sec)
Check Generate /Users/doug/Documents/cdl-master/generated_output/temp/icon_choice.gif (22.0056sec)
Check Generate /Users/doug/Documents/cdl-master/generated_output/qa/tbl_bck11.png (22.0056sec)
Check Generate /Users/doug/Documents/cdl-master/generated_output/temp/tbl_bck11.png (22.0057sec)
Check Generate /Users/doug/Documents/cdl-master/generated_output/qa/tbl_bck100110.png (22.0057sec)
Check Generate /Users/doug/Documents/cdl-master/generated_output/temp/tbl_bck100110.png (22.0057sec)
Check Generate /Users/doug/Documents/cdl-master/generated_output/qa/tbl_bck05150.png (22.0058sec)
Check Generate /Users/doug/Documents/cdl-master/generated_output/temp/tbl_bck05150.png (22.0058sec)
Check Generate /Users/doug/Documents/cdl-master/generated_output/qa/tbl_bck1505.png (22.0059sec)
Check Generate /Users/doug/Documents/cdl-master/generated_output/temp/tbl_bck1505.png (22.0060sec)
Check Generate /Users/doug/Documents/cdl-master/generated_output/qa/tbl_bck105.png (22.0061sec)
Check Generate /Users/doug/Documents/cdl-master/generated_output/temp/tbl_bck105.png (22.0061sec)
Check Generate /Users/doug/Documents/cdl-master/generated_output/qa/tbl_bck1400.png (22.0062sec)
Check Generate /Users/doug/Documents/cdl-master/generated_output/temp/tbl_bck1400.png (22.0062sec)
Check Generate /Users/doug/Documents/cdl-master/generated_output/qa/icon_reuse.png (22.0063sec)
Check Generate /Users/doug/Documents/cdl-master/generated_output/temp/icon_reuse.png (22.0064sec)
Check Generate /Users/doug/Documents/cdl-master/generated_output/qa/tbl_bck10100.png (22.0064sec)
Check Generate /Users/doug/Documents/cdl-master/generated_output/temp/tbl_bck10100.png (22.0065sec)
Check Generate /Users/doug/Documents/cdl-master/generated_output/qa/tbl_bck000.png (22.0065sec)
Check Generate /Users/doug/Documents/cdl-master/generated_output/temp/tbl_bck000.png (22.0066sec)
Check Generate /Users/doug/Documents/cdl-master/generated_output/qa/icon-fhir-16.png (22.0066sec)
Check Generate /Users/doug/Documents/cdl-master/generated_output/temp/icon-fhir-16.png (22.0067sec)
Check Generate /Users/doug/Documents/cdl-master/generated_output/qa/tbl_bck0512.png (22.0067sec)
Check Generate /Users/doug/Documents/cdl-master/generated_output/temp/tbl_bck0512.png (22.0068sec)
Check Generate /Users/doug/Documents/cdl-master/generated_output/qa/tbl_bck10110.png (22.0068sec)
Check Generate /Users/doug/Documents/cdl-master/generated_output/temp/tbl_bck10110.png (22.0068sec)
Check Generate /Users/doug/Documents/cdl-master/generated_output/qa/tbl_bck111010.png (22.0069sec)
Check Generate /Users/doug/Documents/cdl-master/generated_output/temp/tbl_bck111010.png (22.0069sec)
Check Generate /Users/doug/Documents/cdl-master/generated_output/qa/tbl_bck00000.png (22.0070sec)
Check Generate /Users/doug/Documents/cdl-master/generated_output/temp/tbl_bck00000.png (22.0070sec)
Check Generate /Users/doug/Documents/cdl-master/generated_output/qa/tbl_bck140.png (22.0071sec)
Check Generate /Users/doug/Documents/cdl-master/generated_output/temp/tbl_bck140.png (22.0071sec)
Check Generate /Users/doug/Documents/cdl-master/generated_output/qa/tbl_bck051.png (22.0071sec)
Check Generate /Users/doug/Documents/cdl-master/generated_output/temp/tbl_bck051.png (22.0072sec)
Check Generate /Users/doug/Documents/cdl-master/generated_output/qa/tbl_vline.png (22.0072sec)
Check Generate /Users/doug/Documents/cdl-master/generated_output/temp/tbl_vline.png (22.0073sec)
Check Generate /Users/doug/Documents/cdl-master/generated_output/qa/icon-list.gif (22.0073sec)
Check Generate /Users/doug/Documents/cdl-master/generated_output/temp/icon-list.gif (22.0074sec)
Check Generate /Users/doug/Documents/cdl-master/generated_output/qa/tbl_bck01010.png (22.0074sec)
Check Generate /Users/doug/Documents/cdl-master/generated_output/temp/tbl_bck01010.png (22.0074sec)
Check Generate /Users/doug/Documents/cdl-master/generated_output/qa/tbl_bck101.png (22.0075sec)
Check Generate /Users/doug/Documents/cdl-master/generated_output/temp/tbl_bck101.png (22.0075sec)
Check Generate /Users/doug/Documents/cdl-master/generated_output/qa/tbl_bck0001.png (22.0075sec)
Check Generate /Users/doug/Documents/cdl-master/generated_output/temp/tbl_bck0001.png (22.0076sec)
Check Generate /Users/doug/Documents/cdl-master/generated_output/qa/tbl_bck0010000.png (22.0076sec)
Check Generate /Users/doug/Documents/cdl-master/generated_output/temp/tbl_bck0010000.png (22.0076sec)
Check Generate /Users/doug/Documents/cdl-master/generated_output/qa/tbl_vjoin_end.png (22.0077sec)
Check Generate /Users/doug/Documents/cdl-master/generated_output/temp/tbl_vjoin_end.png (22.0077sec)
Check Generate /Users/doug/Documents/cdl-master/generated_output/qa/summary.png  (22.0077sec)
Check Generate /Users/doug/Documents/cdl-master/generated_output/temp/summary.png (22.0078sec)
Check Generate /Users/doug/Documents/cdl-master/generated_output/qa/tbl_bck11100.png (22.0079sec)
Check Generate /Users/doug/Documents/cdl-master/generated_output/temp/tbl_bck11100.png (22.0079sec)
Check Generate /Users/doug/Documents/cdl-master/generated_output/qa/tbl_bck00101.png (22.0080sec)
Check Generate /Users/doug/Documents/cdl-master/generated_output/temp/tbl_bck00101.png (22.0080sec)
Check Generate /Users/doug/Documents/cdl-master/generated_output/qa/icon_primitive.png (22.0080sec)
Check Generate /Users/doug/Documents/cdl-master/generated_output/temp/icon_primitive.png (22.0081sec)
Check Generate /Users/doug/Documents/cdl-master/generated_output/qa/tbl_bck0400.png (22.0081sec)
Check Generate /Users/doug/Documents/cdl-master/generated_output/temp/tbl_bck0400.png (22.0082sec)
Check Generate /Users/doug/Documents/cdl-master/generated_output/qa/tbl_bck1011.png (22.0082sec)
Check Generate /Users/doug/Documents/cdl-master/generated_output/temp/tbl_bck1011.png (22.0083sec)
Check Generate /Users/doug/Documents/cdl-master/generated_output/qa/icon_extension_simple.png (22.0083sec)
Check Generate /Users/doug/Documents/cdl-master/generated_output/temp/icon_extension_simple.png (22.0084sec)
Check Generate /Users/doug/Documents/cdl-master/generated_output/qa/icon_text.png (22.0084sec)
Check Generate /Users/doug/Documents/cdl-master/generated_output/temp/icon_text.png (22.0085sec)
Check Generate /Users/doug/Documents/cdl-master/generated_output/qa/tbl_bck1100.png (22.0085sec)
Check Generate /Users/doug/Documents/cdl-master/generated_output/temp/tbl_bck1100.png (22.0086sec)
Check Generate /Users/doug/Documents/cdl-master/generated_output/qa/tbl_bck14.png (22.0086sec)
Check Generate /Users/doug/Documents/cdl-master/generated_output/temp/tbl_bck14.png (22.0088sec)
Check Generate /Users/doug/Documents/cdl-master/generated_output/qa/tbl_bck0101.png (22.0088sec)
Check Generate /Users/doug/Documents/cdl-master/generated_output/temp/tbl_bck0101.png (22.0088sec)
Check Generate /Users/doug/Documents/cdl-master/generated_output/qa/tbl_bck1.png (22.0089sec)
Check Generate /Users/doug/Documents/cdl-master/generated_output/temp/tbl_bck1.png (22.0089sec)
Check Generate /Users/doug/Documents/cdl-master/generated_output/qa/tbl_bck112.png (22.0090sec)
Check Generate /Users/doug/Documents/cdl-master/generated_output/temp/tbl_bck112.png (22.0091sec)
Check Generate /Users/doug/Documents/cdl-master/generated_output/qa/tbl_bck1410.png (22.0091sec)
Check Generate /Users/doug/Documents/cdl-master/generated_output/temp/tbl_bck1410.png (22.0092sec)
Check Generate /Users/doug/Documents/cdl-master/generated_output/qa/tbl_bck155.png (22.0092sec)
Check Generate /Users/doug/Documents/cdl-master/generated_output/temp/tbl_bck155.png (22.0093sec)
Check Generate /Users/doug/Documents/cdl-master/generated_output/qa/tbl_bck11000.png (22.0093sec)
Check Generate /Users/doug/Documents/cdl-master/generated_output/temp/tbl_bck11000.png (22.0094sec)
Check Generate /Users/doug/Documents/cdl-master/generated_output/qa/tbl_bck0500.png (22.0094sec)
Check Generate /Users/doug/Documents/cdl-master/generated_output/temp/tbl_bck0500.png (22.0095sec)
Check Generate /Users/doug/Documents/cdl-master/generated_output/qa/tbl_bck100100.png (22.0095sec)
Check Generate /Users/doug/Documents/cdl-master/generated_output/temp/tbl_bck100100.png (22.0096sec)
Check Generate /Users/doug/Documents/cdl-master/generated_output/qa/lock.png     (22.0096sec)
Check Generate /Users/doug/Documents/cdl-master/generated_output/temp/lock.png   (22.0097sec)
Check Generate /Users/doug/Documents/cdl-master/generated_output/qa/icon-dictionary.png (22.0097sec)
Check Generate /Users/doug/Documents/cdl-master/generated_output/temp/icon-dictionary.png (22.0098sec)
Check Generate /Users/doug/Documents/cdl-master/generated_output/qa/tbl_bck1111.png (22.0098sec)
Check Generate /Users/doug/Documents/cdl-master/generated_output/temp/tbl_bck1111.png (22.0099sec)
Check Generate /Users/doug/Documents/cdl-master/generated_output/qa/icon_page_n_p.gif (22.0100sec)
Check Generate /Users/doug/Documents/cdl-master/generated_output/temp/icon_page_n_p.gif (22.0100sec)
Check Generate /Users/doug/Documents/cdl-master/generated_output/qa/tbl_bck010100.png (22.0101sec)
Check Generate /Users/doug/Documents/cdl-master/generated_output/temp/tbl_bck010100.png (22.0101sec)
Check Generate /Users/doug/Documents/cdl-master/generated_output/qa/tbl_bck012.png (22.0102sec)
Check Generate /Users/doug/Documents/cdl-master/generated_output/temp/tbl_bck012.png (22.0102sec)
Check Generate /Users/doug/Documents/cdl-master/generated_output/qa/tbl_bck11011.png (22.0102sec)
Check Generate /Users/doug/Documents/cdl-master/generated_output/temp/tbl_bck11011.png (22.0103sec)
Check Generate /Users/doug/Documents/cdl-master/generated_output/qa/icon_reference.png (22.0103sec)
Check Generate /Users/doug/Documents/cdl-master/generated_output/temp/icon_reference.png (22.0104sec)
Check Generate /Users/doug/Documents/cdl-master/generated_output/qa/icon_slice.png (22.0104sec)
Check Generate /Users/doug/Documents/cdl-master/generated_output/temp/icon_slice.png (22.0104sec)
Check Generate /Users/doug/Documents/cdl-master/generated_output/qa/tbl_bck1510.png (22.0105sec)
Check Generate /Users/doug/Documents/cdl-master/generated_output/temp/tbl_bck1510.png (22.0105sec)
Check Generate /Users/doug/Documents/cdl-master/generated_output/qa/tbl_bck0515.png (22.0105sec)
Check Generate /Users/doug/Documents/cdl-master/generated_output/temp/tbl_bck0515.png (22.0106sec)
Check Generate /Users/doug/Documents/cdl-master/generated_output/qa/tbl_bck141.png (22.0106sec)
Check Generate /Users/doug/Documents/cdl-master/generated_output/temp/tbl_bck141.png (22.0106sec)
Check Generate /Users/doug/Documents/cdl-master/generated_output/qa/icon_page_n_i.gif (22.0107sec)
Check Generate /Users/doug/Documents/cdl-master/generated_output/temp/icon_page_n_i.gif (22.0107sec)
Check Generate /Users/doug/Documents/cdl-master/generated_output/qa/icon-implementation.png (22.0108sec)
Check Generate /Users/doug/Documents/cdl-master/generated_output/temp/icon-implementation.png (22.0109sec)
Check Generate /Users/doug/Documents/cdl-master/generated_output/qa/tbl_vjoin_end_slicer.png (22.0109sec)
Check Generate /Users/doug/Documents/cdl-master/generated_output/temp/tbl_vjoin_end_slicer.png (22.0110sec)
Check Generate /Users/doug/Documents/cdl-master/generated_output/qa/icon-resource.png (22.0110sec)
Check Generate /Users/doug/Documents/cdl-master/generated_output/temp/icon-resource.png (22.0110sec)
Check Generate /Users/doug/Documents/cdl-master/generated_output/qa/icon_bundle.png (22.0111sec)
Check Generate /Users/doug/Documents/cdl-master/generated_output/temp/icon_bundle.png (22.0111sec)
Check Generate /Users/doug/Documents/cdl-master/generated_output/qa/tbl_bck110100.png (22.0112sec)
Check Generate /Users/doug/Documents/cdl-master/generated_output/temp/tbl_bck110100.png (22.0112sec)
Check Generate /Users/doug/Documents/cdl-master/generated_output/qa/tbl_vjoin.png (22.0112sec)
Check Generate /Users/doug/Documents/cdl-master/generated_output/temp/tbl_vjoin.png (22.0113sec)
Check Generate /Users/doug/Documents/cdl-master/generated_output/qa/tbl_bck1140.png (22.0113sec)
Check Generate /Users/doug/Documents/cdl-master/generated_output/temp/tbl_bck1140.png (22.0114sec)
Check Generate /Users/doug/Documents/cdl-master/generated_output/qa/icon-documentation.png (22.0114sec)
Check Generate /Users/doug/Documents/cdl-master/generated_output/temp/icon-documentation.png (22.0115sec)
Check Generate /Users/doug/Documents/cdl-master/generated_output/qa/tbl_bck15150.png (22.0115sec)
Check Generate /Users/doug/Documents/cdl-master/generated_output/temp/tbl_bck15150.png (22.0116sec)
Check Generate /Users/doug/Documents/cdl-master/generated_output/qa/tbl_bck0000.png (22.0116sec)
Check Generate /Users/doug/Documents/cdl-master/generated_output/temp/tbl_bck0000.png (22.0116sec)
Check Generate /Users/doug/Documents/cdl-master/generated_output/qa/tbl_bck1000.png (22.0117sec)
Check Generate /Users/doug/Documents/cdl-master/generated_output/temp/tbl_bck1000.png (22.0117sec)
Check Generate /Users/doug/Documents/cdl-master/generated_output/qa/tbl_bck101110.png (22.0117sec)
Check Generate /Users/doug/Documents/cdl-master/generated_output/temp/tbl_bck101110.png (22.0118sec)
Check Generate /Users/doug/Documents/cdl-master/generated_output/qa/tbl_vjoin_end_slice.png (22.0118sec)
Check Generate /Users/doug/Documents/cdl-master/generated_output/temp/tbl_vjoin_end_slice.png (22.0118sec)
Check Generate /Users/doug/Documents/cdl-master/generated_output/qa/tbl_bck151.png (22.0119sec)
Check Generate /Users/doug/Documents/cdl-master/generated_output/temp/tbl_bck151.png (22.0119sec)
Check Generate /Users/doug/Documents/cdl-master/generated_output/qa/tbl_bck01011.png (22.0120sec)
Check Generate /Users/doug/Documents/cdl-master/generated_output/temp/tbl_bck01011.png (22.0120sec)
Check Generate /Users/doug/Documents/cdl-master/generated_output/qa/tbl_bck00100.png (22.0121sec)
Check Generate /Users/doug/Documents/cdl-master/generated_output/temp/tbl_bck00100.png (22.0121sec)
Check Generate /Users/doug/Documents/cdl-master/generated_output/qa/tbl_bck0505.png (22.0122sec)
Check Generate /Users/doug/Documents/cdl-master/generated_output/temp/tbl_bck0505.png (22.0122sec)
Check Generate /Users/doug/Documents/cdl-master/generated_output/qa/tbl_bck110110.png (22.0123sec)
Check Generate /Users/doug/Documents/cdl-master/generated_output/temp/tbl_bck110110.png (22.0123sec)
Check Generate /Users/doug/Documents/cdl-master/generated_output/qa/tbl_vjoin_slice.png (22.0124sec)
Check Generate /Users/doug/Documents/cdl-master/generated_output/temp/tbl_vjoin_slice.png (22.0125sec)
Check Generate /Users/doug/Documents/cdl-master/generated_output/qa/tbl_bck040.png (22.0125sec)
Check Generate /Users/doug/Documents/cdl-master/generated_output/temp/tbl_bck040.png (22.0126sec)
Check Generate /Users/doug/Documents/cdl-master/generated_output/qa/cc0.png      (22.0126sec)
Check Generate /Users/doug/Documents/cdl-master/generated_output/temp/cc0.png    (22.0127sec)
Check Generate /Users/doug/Documents/cdl-master/generated_output/qa/tbl_bck00110.png (22.0127sec)
Check Generate /Users/doug/Documents/cdl-master/generated_output/temp/tbl_bck00110.png (22.0128sec)
Check Generate /Users/doug/Documents/cdl-master/generated_output/qa/tbl_bck15050.png (22.0128sec)
Check Generate /Users/doug/Documents/cdl-master/generated_output/temp/tbl_bck15050.png (22.0129sec)
Check Generate /Users/doug/Documents/cdl-master/generated_output/qa/tbl_bck05152.png (22.0129sec)
Check Generate /Users/doug/Documents/cdl-master/generated_output/temp/tbl_bck05152.png (22.0130sec)
Check Generate /Users/doug/Documents/cdl-master/generated_output/qa/tbl_bck0100.png (22.0130sec)
Check Generate /Users/doug/Documents/cdl-master/generated_output/temp/tbl_bck0100.png (22.0131sec)
Check Generate /Users/doug/Documents/cdl-master/generated_output/qa/tbl_bck13.png (22.0131sec)
Check Generate /Users/doug/Documents/cdl-master/generated_output/temp/tbl_bck13.png (22.0131sec)
Check Generate /Users/doug/Documents/cdl-master/generated_output/qa/tbl_bck120.png (22.0132sec)
Check Generate /Users/doug/Documents/cdl-master/generated_output/temp/tbl_bck120.png (22.0132sec)
Check Generate /Users/doug/Documents/cdl-master/generated_output/qa/fhir.css     (22.0133sec)
Check Generate /Users/doug/Documents/cdl-master/generated_output/temp/fhir.css   (22.0133sec)
Check Generate /Users/doug/Documents/cdl-master/generated_output/qa/icon_page_n_c.gif (22.0134sec)
Check Generate /Users/doug/Documents/cdl-master/generated_output/temp/icon_page_n_c.gif (22.0134sec)
Check Generate /Users/doug/Documents/cdl-master/generated_output/qa/tbl_bck0110.png (22.0135sec)
Check Generate /Users/doug/Documents/cdl-master/generated_output/temp/tbl_bck0110.png (22.0135sec)
Check Generate /Users/doug/Documents/cdl-master/generated_output/qa/tbl_bck1150.png (22.0136sec)
Check Generate /Users/doug/Documents/cdl-master/generated_output/temp/tbl_bck1150.png (22.0136sec)
Check Generate /Users/doug/Documents/cdl-master/generated_output/qa/tbl_bck1101.png (22.0136sec)
Check Generate /Users/doug/Documents/cdl-master/generated_output/temp/tbl_bck1101.png (22.0137sec)
Check Generate /Users/doug/Documents/cdl-master/generated_output/qa/tbl_bck1552.png (22.0137sec)
Check Generate /Users/doug/Documents/cdl-master/generated_output/temp/tbl_bck1552.png (22.0137sec)
Check Generate /Users/doug/Documents/cdl-master/generated_output/qa/tbl_bck15040.png (22.0138sec)
Check Generate /Users/doug/Documents/cdl-master/generated_output/temp/tbl_bck15040.png (22.0138sec)
Check Generate /Users/doug/Documents/cdl-master/generated_output/qa/tbl_bck130.png (22.0138sec)
Check Generate /Users/doug/Documents/cdl-master/generated_output/temp/tbl_bck130.png (22.0139sec)
Check Generate /Users/doug/Documents/cdl-master/generated_output/qa/icon-error.gif (22.0139sec)
Check Generate /Users/doug/Documents/cdl-master/generated_output/temp/icon-error.gif (22.0140sec)
Check Generate /Users/doug/Documents/cdl-master/generated_output/qa/tbl_bck152.png (22.0140sec)
Check Generate /Users/doug/Documents/cdl-master/generated_output/temp/tbl_bck152.png (22.0141sec)
Check Generate /Users/doug/Documents/cdl-master/generated_output/qa/tbl_bck11010.png (22.0141sec)
Check Generate /Users/doug/Documents/cdl-master/generated_output/temp/tbl_bck11010.png (22.0141sec)
Check Generate /Users/doug/Documents/cdl-master/generated_output/qa/icon-directory.gif (22.0142sec)
Check Generate /Users/doug/Documents/cdl-master/generated_output/temp/icon-directory.gif (22.0142sec)
Check Generate /Users/doug/Documents/cdl-master/generated_output/qa/tbl_bck1001.png (22.0142sec)
Check Generate /Users/doug/Documents/cdl-master/generated_output/temp/tbl_bck1001.png (22.0143sec)
Check Generate /Users/doug/Documents/cdl-master/generated_output/qa/tbl_bck0010.png (22.0143sec)
Check Generate /Users/doug/Documents/cdl-master/generated_output/temp/tbl_bck0010.png (22.0144sec)
Check Generate /Users/doug/Documents/cdl-master/generated_output/qa/tbl_vjoin_slicer.png (22.0144sec)
Check Generate /Users/doug/Documents/cdl-master/generated_output/temp/tbl_vjoin_slicer.png (22.0144sec)
Check Generate /Users/doug/Documents/cdl-master/generated_output/qa/tbl_bck15140.png (22.0145sec)
Check Generate /Users/doug/Documents/cdl-master/generated_output/temp/tbl_bck15140.png (22.0145sec)
Check Generate /Users/doug/Documents/cdl-master/generated_output/qa/modifier.png (22.0145sec)
Check Generate /Users/doug/Documents/cdl-master/generated_output/temp/modifier.png (22.0146sec)
Check Generate /Users/doug/Documents/cdl-master/generated_output/qa/tbl_bck1050.png (22.0146sec)
Check Generate /Users/doug/Documents/cdl-master/generated_output/temp/tbl_bck1050.png (22.0146sec)
Check Generate /Users/doug/Documents/cdl-master/generated_output/qa/tbl_bck01101.png (22.0147sec)
Check Generate /Users/doug/Documents/cdl-master/generated_output/temp/tbl_bck01101.png (22.0147sec)
Check Generate /Users/doug/Documents/cdl-master/generated_output/qa/tbl_spacer.png (22.0148sec)
Check Generate /Users/doug/Documents/cdl-master/generated_output/temp/tbl_spacer.png (22.0148sec)
Initialization complete                                                          (22.0149sec)
Load Content                                                                     (22.0149sec)
load /Users/doug/Documents/cdl-master/source/resources/device-crn-profile-spreadsheet.xml (22.0377sec)
load /Users/doug/Documents/cdl-master/source/resources/devicedefinition-crn-profile-spreadsheet.xml (22.0598sec)
load /Users/doug/Documents/cdl-master/source/resources/procedure-crn-profile-spreadsheet.xml (22.0734sec)
create package file at /Users/doug/Documents/cdl-master/output/package.tgz
Processing Conformance Resources                                                 (23.0029sec)
process type: NamingSystem                                                       (23.0029sec)
process type: CodeSystem                                                         (23.0029sec)
process type: ValueSet                                                           (23.0029sec)
process type: ConceptMap                                                         (23.0029sec)
process type: DataElement                                                        (23.0029sec)
process type: StructureDefinition                                                (23.0029sec)
process type: OperationDefinition                                                (23.0029sec)
process type: CapabilityStatement                                                (23.0029sec)
process type: Questionnaire                                                      (23.0029sec)
process type: PlanDefinition                                                     (23.0029sec)
process type: NamingSystem                                                       (23.0029sec)
process type: CodeSystem                                                         (23.0030sec)
process type: ValueSet                                                           (23.0030sec)
process type: ConceptMap                                                         (23.0030sec)
process type: DataElement                                                        (23.0030sec)
process type: StructureDefinition                                                (23.0030sec)
process res: device-crn                                                          (23.0030sec)
Business version mismatch in DeviceCRN - overriding from 0.1 to 0.1.0
process res: devicedefinition-crn                                                (23.0152sec)
Error in snapshot generation: Differential for http://hl7.org/fhir/us/cdl/StructureDefinition/device-crn with id: Device.definition has an element that is not marked with a snapshot match
Error in snapshot generation: Differential for http://hl7.org/fhir/us/cdl/StructureDefinition/device-crn with id: Device.distinctIdentifier has an element that is not marked with a snapshot match
Error in snapshot generation: Differential for http://hl7.org/fhir/us/cdl/StructureDefinition/device-crn with id: Device.parent has an element that is not marked with a snapshot match
Error in snapshot generation: Differential for http://hl7.org/fhir/us/cdl/StructureDefinition/device-crn with id: Device.serialNumber has an element that is not marked with a snapshot match
Error in snapshot generation: Differential for http://hl7.org/fhir/us/cdl/StructureDefinition/device-crn with id: Device.udiCarrier has an element that is not marked with a snapshot match
Error in snapshot generation: Differential for http://hl7.org/fhir/us/cdl/StructureDefinition/device-crn with id: Device.udiCarrier.carrierAIDC has an element that is not marked with a snapshot match
Error in snapshot generation: Differential for http://hl7.org/fhir/us/cdl/StructureDefinition/device-crn with id: Device.udiCarrier.carrierHRF has an element that is not marked with a snapshot match
Error in snapshot generation: Differential for http://hl7.org/fhir/us/cdl/StructureDefinition/device-crn with id: Device.udiCarrier.entryType has an element that is not marked with a snapshot match
process res: procedure-crn                                                       (23.0198sec)
process type: OperationDefinition                                                (23.0250sec)
process type: CapabilityStatement                                                (23.0250sec)
process type: Questionnaire                                                      (23.0250sec)
process type: PlanDefinition                                                     (23.0250sec)
Generate Snapshots                                                               (23.0250sec)
Check Snapshot for http://hl7.org/fhir/us/cdl/StructureDefinition/device-crn     (23.0250sec)
Error in snapshot generation: Differential for http://hl7.org/fhir/us/cdl/StructureDefinition/procedure-crn with id: Procedure.encounter has an element that is not marked with a snapshot match
Context.See http://hl7.org/fhir/us/cdl/StructureDefinition/device-crn            (23.0293sec)
Check Snapshot for http://hl7.org/fhir/us/cdl/StructureDefinition/devicedefinition-crn (23.0293sec)
Context.See http://hl7.org/fhir/us/cdl/StructureDefinition/devicedefinition-crn  (23.0357sec)
Check Snapshot for http://hl7.org/fhir/us/cdl/StructureDefinition/procedure-crn  (23.0357sec)
Context.See http://hl7.org/fhir/us/cdl/StructureDefinition/procedure-crn         (23.0397sec)
check profiles                                                                   (23.0400sec)
process profile: device-crn                                                      (23.0400sec)
process profile: devicedefinition-crn                                            (23.0401sec)
process profile: procedure-crn                                                   (23.0401sec)
process type: StructureMap                                                       (23.0416sec)
validate Expressions                                                             (23.0416sec)
Generating Narratives                                                            (23.0416sec)
gen narratives                                                                   (23.0416sec)
/Users/doug/Documents/cdl-master/source/resources/ig
narrative for /Users/doug/Documents/cdl-master/source/resources/ig : ig          (23.0416sec)
DeviceCRN
narrative for DeviceCRN : device-crn                                             (23.0420sec)
DeviceDefinitionCRN
narrative for DeviceDefinitionCRN : devicedefinition-crn                         (23.0420sec)
ProcedureCRN
narrative for ProcedureCRN : procedure-crn                                       (23.0420sec)
Validating Resources                                                             (23.0420sec)
 .. validate /Users/doug/Documents/cdl-master/source/resources/ig                (23.0420sec)
 .. /Users/doug/Documents/cdl-master/source/resources/ig                         (23.0420sec)
     validating FHIR to CDISC Laboratory Data Mapping                            (23.0421sec)
 .. validate DeviceCRN                                                           (23.0427sec)
 .. DeviceCRN                                                                    (23.0427sec)
 .. validate DeviceDefinitionCRN                                                 (23.0427sec)
 .. DeviceDefinitionCRN                                                          (23.0427sec)
 .. validate ProcedureCRN                                                        (23.0427sec)
 .. ProcedureCRN                                                                 (23.0427sec)
Generating Outputs in /Users/doug/Documents/cdl-master/output                    (23.0427sec)
Produce resources for ImplementationGuide/ig                                     (23.0478sec)
Produce resources for StructureDefinition/device-crn                             (23.0497sec)
Produce resources for StructureDefinition/devicedefinition-crn                   (23.0552sec)
Produce resources for StructureDefinition/procedure-crn                          (23.0593sec)
Produce outputs for ImplementationGuide/ig                                       (23.0622sec)
Check Generate /Users/doug/Documents/cdl-master/generated_output/temp/ImplementationGuide-ig.html (23.0628sec)
Check Generate /Users/doug/Documents/cdl-master/generated_output/temp/_includes/ImplementationGuide-ig-maturity.xhtml (23.0630sec)
Check Generate /Users/doug/Documents/cdl-master/generated_output/temp/ImplementationGuide-ig.xml.html (23.0631sec)
Check Generate /Users/doug/Documents/cdl-master/generated_output/temp/ImplementationGuide-ig.json.html (23.0632sec)
Check Generate /Users/doug/Documents/cdl-master/generated_output/temp/ImplementationGuide-ig.ttl.html (23.0633sec)
Check Generate /Users/doug/Documents/cdl-master/generated_output/temp/_includes/ImplementationGuide-ig-xml-html.xhtml (23.0639sec)
Check Generate /Users/doug/Documents/cdl-master/generated_output/temp/_includes/ImplementationGuide-ig-json-html.xhtml (23.0642sec)
Check Generate /Users/doug/Documents/cdl-master/generated_output/temp/_includes/ImplementationGuide-ig-ttl-html.xhtml (23.0645sec)
Check Generate /Users/doug/Documents/cdl-master/generated_output/temp/_includes/ImplementationGuide-ig-html.xhtml (23.0646sec)
Produce outputs for StructureDefinition/device-crn                               (23.0647sec)
Check Generate /Users/doug/Documents/cdl-master/generated_output/temp/StructureDefinition-device-crn.html (23.0656sec)
Check Generate /Users/doug/Documents/cdl-master/generated_output/temp/StructureDefinition-device-crn-definitions.html (23.0657sec)
Check Generate /Users/doug/Documents/cdl-master/generated_output/temp/StructureDefinition-device-crn-mappings.html (23.0658sec)
Check Generate /Users/doug/Documents/cdl-master/generated_output/temp/_includes/StructureDefinition-device-crn-maturity.xhtml (23.0658sec)
Check Generate /Users/doug/Documents/cdl-master/generated_output/temp/StructureDefinition-device-crn.xml.html (23.0660sec)
Check Generate /Users/doug/Documents/cdl-master/generated_output/temp/StructureDefinition-device-crn.json.html (23.0661sec)
Check Generate /Users/doug/Documents/cdl-master/generated_output/temp/StructureDefinition-device-crn.ttl.html (23.0662sec)
Check Generate /Users/doug/Documents/cdl-master/generated_output/temp/_includes/StructureDefinition-device-crn-xml-html.xhtml (23.0693sec)
Check Generate /Users/doug/Documents/cdl-master/generated_output/temp/_includes/StructureDefinition-device-crn-json-html.xhtml (23.0710sec)
Check Generate /Users/doug/Documents/cdl-master/generated_output/temp/_includes/StructureDefinition-device-crn-ttl-html.xhtml (23.0732sec)
Check Generate /Users/doug/Documents/cdl-master/generated_output/temp/_includes/StructureDefinition-device-crn-html.xhtml (23.0737sec)
Check Generate /Users/doug/Documents/cdl-master/generated_output/temp/_includes/StructureDefinition-device-crn-shex.xhtml (23.0738sec)
Check Generate /Users/doug/Documents/cdl-master/generated_output/temp/_includes/StructureDefinition-device-crn-json-schema.xhtml (23.0739sec)
Check Generate /Users/doug/Documents/cdl-master/generated_output/temp/_includes/StructureDefinition-device-crn-summary.xhtml (23.0753sec)
Check Generate /Users/doug/Documents/cdl-master/generated_output/temp/_includes/StructureDefinition-device-crn-header.xhtml (23.0794sec)
Check Generate /Users/doug/Documents/cdl-master/generated_output/temp/_includes/StructureDefinition-device-crn-diff.xhtml (23.0798sec)
Check Generate /Users/doug/Documents/cdl-master/generated_output/temp/_includes/StructureDefinition-device-crn-snapshot.xhtml (23.0904sec)
Check Generate /Users/doug/Documents/cdl-master/generated_output/temp/_includes/StructureDefinition-device-crn-grid.xhtml (23.0916sec)
Check Generate /Users/doug/Documents/cdl-master/generated_output/temp/_includes/StructureDefinition-device-crn-pseudo-xml.xhtml (23.0917sec)
Check Generate /Users/doug/Documents/cdl-master/generated_output/temp/_includes/StructureDefinition-device-crn-pseudo-json.xhtml (23.0920sec)
Check Generate /Users/doug/Documents/cdl-master/generated_output/temp/_includes/StructureDefinition-device-crn-pseudo-ttl.xhtml (23.0922sec)
Check Generate /Users/doug/Documents/cdl-master/generated_output/temp/_includes/StructureDefinition-device-crn-uml.xhtml (23.0923sec)
Check Generate /Users/doug/Documents/cdl-master/generated_output/temp/_includes/StructureDefinition-device-crn-tx.xhtml (23.0925sec)
Check Generate /Users/doug/Documents/cdl-master/generated_output/temp/_includes/StructureDefinition-device-crn-tx-must-support.xhtml (23.0927sec)
Check Generate /Users/doug/Documents/cdl-master/generated_output/temp/_includes/StructureDefinition-device-crn-tx-diff.xhtml (23.0928sec)
Check Generate /Users/doug/Documents/cdl-master/generated_output/temp/_includes/StructureDefinition-device-crn-tx-diff-must-support.xhtml (23.0928sec)
Check Generate /Users/doug/Documents/cdl-master/generated_output/temp/_includes/StructureDefinition-device-crn-inv.xhtml (23.0930sec)
Check Generate /Users/doug/Documents/cdl-master/generated_output/temp/_includes/StructureDefinition-device-crn-dict.xhtml (23.0958sec)
Check Generate /Users/doug/Documents/cdl-master/generated_output/temp/_includes/StructureDefinition-device-crn-dict-active.xhtml (23.0976sec)
Check Generate /Users/doug/Documents/cdl-master/generated_output/temp/_includes/StructureDefinition-device-crn-maps.xhtml (23.0979sec)
Check Generate /Users/doug/Documents/cdl-master/generated_output/temp/_includes/StructureDefinition-device-crn-maps-all.xhtml (23.0981sec)
Check Generate /Users/doug/Documents/cdl-master/generated_output/temp/_includes/StructureDefinition-device-crn-sd-xref.xhtml (23.0982sec)
Check Generate /Users/doug/Documents/cdl-master/generated_output/temp/_includes/StructureDefinition-device-crn-span.xhtml (23.0986sec)
Check Generate /Users/doug/Documents/cdl-master/generated_output/temp/_includes/StructureDefinition-device-crn-spanall.xhtml (23.0988sec)
Check Generate /Users/doug/Documents/cdl-master/generated_output/temp/_includes/StructureDefinition-example-list-device-crn.xhtml (23.0989sec)
Check Generate /Users/doug/Documents/cdl-master/generated_output/temp/_includes/StructureDefinition-device-crn-sch.xhtml (28.0010sec)
Produce outputs for StructureDefinition/devicedefinition-crn                     (28.0011sec)
Check Generate /Users/doug/Documents/cdl-master/generated_output/temp/StructureDefinition-devicedefinition-crn.html (28.0015sec)
Check Generate /Users/doug/Documents/cdl-master/generated_output/temp/StructureDefinition-devicedefinition-crn-definitions.html (28.0016sec)
Check Generate /Users/doug/Documents/cdl-master/generated_output/temp/StructureDefinition-devicedefinition-crn-mappings.html (28.0017sec)
Check Generate /Users/doug/Documents/cdl-master/generated_output/temp/_includes/StructureDefinition-devicedefinition-crn-maturity.xhtml (28.0017sec)
Check Generate /Users/doug/Documents/cdl-master/generated_output/temp/StructureDefinition-devicedefinition-crn.xml.html (28.0019sec)
Check Generate /Users/doug/Documents/cdl-master/generated_output/temp/StructureDefinition-devicedefinition-crn.json.html (28.0020sec)
Check Generate /Users/doug/Documents/cdl-master/generated_output/temp/StructureDefinition-devicedefinition-crn.ttl.html (28.0021sec)
Check Generate /Users/doug/Documents/cdl-master/generated_output/temp/_includes/StructureDefinition-devicedefinition-crn-xml-html.xhtml (28.0037sec)
Check Generate /Users/doug/Documents/cdl-master/generated_output/temp/_includes/StructureDefinition-devicedefinition-crn-json-html.xhtml (28.0050sec)
Check Generate /Users/doug/Documents/cdl-master/generated_output/temp/_includes/StructureDefinition-devicedefinition-crn-ttl-html.xhtml (28.0074sec)
Check Generate /Users/doug/Documents/cdl-master/generated_output/temp/_includes/StructureDefinition-devicedefinition-crn-html.xhtml (28.0078sec)
Check Generate /Users/doug/Documents/cdl-master/generated_output/temp/_includes/StructureDefinition-devicedefinition-crn-shex.xhtml (28.0079sec)
Check Generate /Users/doug/Documents/cdl-master/generated_output/temp/_includes/StructureDefinition-devicedefinition-crn-json-schema.xhtml (28.0081sec)
Check Generate /Users/doug/Documents/cdl-master/generated_output/temp/_includes/StructureDefinition-devicedefinition-crn-summary.xhtml (28.0082sec)
Check Generate /Users/doug/Documents/cdl-master/generated_output/temp/_includes/StructureDefinition-devicedefinition-crn-header.xhtml (28.0084sec)
Check Generate /Users/doug/Documents/cdl-master/generated_output/temp/_includes/StructureDefinition-devicedefinition-crn-diff.xhtml (28.0087sec)
Check Generate /Users/doug/Documents/cdl-master/generated_output/temp/_includes/StructureDefinition-devicedefinition-crn-snapshot.xhtml (28.0099sec)
Check Generate /Users/doug/Documents/cdl-master/generated_output/temp/_includes/StructureDefinition-devicedefinition-crn-grid.xhtml (28.0105sec)
Check Generate /Users/doug/Documents/cdl-master/generated_output/temp/_includes/StructureDefinition-devicedefinition-crn-pseudo-xml.xhtml (28.0106sec)
Check Generate /Users/doug/Documents/cdl-master/generated_output/temp/_includes/StructureDefinition-devicedefinition-crn-pseudo-json.xhtml (28.0109sec)
Check Generate /Users/doug/Documents/cdl-master/generated_output/temp/_includes/StructureDefinition-devicedefinition-crn-pseudo-ttl.xhtml (28.0110sec)
Check Generate /Users/doug/Documents/cdl-master/generated_output/temp/_includes/StructureDefinition-devicedefinition-crn-uml.xhtml (28.0111sec)
Check Generate /Users/doug/Documents/cdl-master/generated_output/temp/_includes/StructureDefinition-devicedefinition-crn-tx.xhtml (28.0113sec)
Check Generate /Users/doug/Documents/cdl-master/generated_output/temp/_includes/StructureDefinition-devicedefinition-crn-tx-must-support.xhtml (28.0114sec)
Check Generate /Users/doug/Documents/cdl-master/generated_output/temp/_includes/StructureDefinition-devicedefinition-crn-tx-diff.xhtml (28.0115sec)
Check Generate /Users/doug/Documents/cdl-master/generated_output/temp/_includes/StructureDefinition-devicedefinition-crn-tx-diff-must-support.xhtml (28.0116sec)
Check Generate /Users/doug/Documents/cdl-master/generated_output/temp/_includes/StructureDefinition-devicedefinition-crn-inv.xhtml (28.0117sec)
Check Generate /Users/doug/Documents/cdl-master/generated_output/temp/_includes/StructureDefinition-devicedefinition-crn-dict.xhtml (28.0136sec)
Check Generate /Users/doug/Documents/cdl-master/generated_output/temp/_includes/StructureDefinition-devicedefinition-crn-dict-active.xhtml (28.0155sec)
Check Generate /Users/doug/Documents/cdl-master/generated_output/temp/_includes/StructureDefinition-devicedefinition-crn-maps.xhtml (28.0159sec)
Check Generate /Users/doug/Documents/cdl-master/generated_output/temp/_includes/StructureDefinition-devicedefinition-crn-maps-all.xhtml (28.0160sec)
Check Generate /Users/doug/Documents/cdl-master/generated_output/temp/_includes/StructureDefinition-devicedefinition-crn-sd-xref.xhtml (28.0161sec)
Check Generate /Users/doug/Documents/cdl-master/generated_output/temp/_includes/StructureDefinition-devicedefinition-crn-span.xhtml (28.0164sec)
Check Generate /Users/doug/Documents/cdl-master/generated_output/temp/_includes/StructureDefinition-devicedefinition-crn-spanall.xhtml (28.0166sec)
Check Generate /Users/doug/Documents/cdl-master/generated_output/temp/_includes/StructureDefinition-example-list-devicedefinition-crn.xhtml (28.0167sec)
Check Generate /Users/doug/Documents/cdl-master/generated_output/temp/_includes/StructureDefinition-devicedefinition-crn-sch.xhtml (28.0758sec)
Produce outputs for StructureDefinition/procedure-crn                            (28.0759sec)
Check Generate /Users/doug/Documents/cdl-master/generated_output/temp/StructureDefinition-procedure-crn.html (28.0762sec)
Check Generate /Users/doug/Documents/cdl-master/generated_output/temp/StructureDefinition-procedure-crn-definitions.html (28.0763sec)
Check Generate /Users/doug/Documents/cdl-master/generated_output/temp/StructureDefinition-procedure-crn-mappings.html (28.0764sec)
Check Generate /Users/doug/Documents/cdl-master/generated_output/temp/_includes/StructureDefinition-procedure-crn-maturity.xhtml (28.0764sec)
Check Generate /Users/doug/Documents/cdl-master/generated_output/temp/StructureDefinition-procedure-crn.xml.html (28.0765sec)
Check Generate /Users/doug/Documents/cdl-master/generated_output/temp/StructureDefinition-procedure-crn.json.html (28.0766sec)
Check Generate /Users/doug/Documents/cdl-master/generated_output/temp/StructureDefinition-procedure-crn.ttl.html (28.0767sec)
Check Generate /Users/doug/Documents/cdl-master/generated_output/temp/_includes/StructureDefinition-procedure-crn-xml-html.xhtml (28.0779sec)
Check Generate /Users/doug/Documents/cdl-master/generated_output/temp/_includes/StructureDefinition-procedure-crn-json-html.xhtml (28.0789sec)
Check Generate /Users/doug/Documents/cdl-master/generated_output/temp/_includes/StructureDefinition-procedure-crn-ttl-html.xhtml (28.0800sec)
Check Generate /Users/doug/Documents/cdl-master/generated_output/temp/_includes/StructureDefinition-procedure-crn-html.xhtml (28.0805sec)
Check Generate /Users/doug/Documents/cdl-master/generated_output/temp/_includes/StructureDefinition-procedure-crn-shex.xhtml (28.0806sec)
Check Generate /Users/doug/Documents/cdl-master/generated_output/temp/_includes/StructureDefinition-procedure-crn-json-schema.xhtml (28.0807sec)
Check Generate /Users/doug/Documents/cdl-master/generated_output/temp/_includes/StructureDefinition-procedure-crn-summary.xhtml (28.0808sec)
Check Generate /Users/doug/Documents/cdl-master/generated_output/temp/_includes/StructureDefinition-procedure-crn-header.xhtml (28.0809sec)
Check Generate /Users/doug/Documents/cdl-master/generated_output/temp/_includes/StructureDefinition-procedure-crn-diff.xhtml (28.0813sec)
Check Generate /Users/doug/Documents/cdl-master/generated_output/temp/_includes/StructureDefinition-procedure-crn-snapshot.xhtml (28.0822sec)
Check Generate /Users/doug/Documents/cdl-master/generated_output/temp/_includes/StructureDefinition-procedure-crn-grid.xhtml (28.0828sec)
Check Generate /Users/doug/Documents/cdl-master/generated_output/temp/_includes/StructureDefinition-procedure-crn-pseudo-xml.xhtml (28.0829sec)
Check Generate /Users/doug/Documents/cdl-master/generated_output/temp/_includes/StructureDefinition-procedure-crn-pseudo-json.xhtml (28.0832sec)
Check Generate /Users/doug/Documents/cdl-master/generated_output/temp/_includes/StructureDefinition-procedure-crn-pseudo-ttl.xhtml (28.0833sec)
Check Generate /Users/doug/Documents/cdl-master/generated_output/temp/_includes/StructureDefinition-procedure-crn-uml.xhtml (28.0834sec)
Check Generate /Users/doug/Documents/cdl-master/generated_output/temp/_includes/StructureDefinition-procedure-crn-tx.xhtml (28.0835sec)
Check Generate /Users/doug/Documents/cdl-master/generated_output/temp/_includes/StructureDefinition-procedure-crn-tx-must-support.xhtml (28.0836sec)
Check Generate /Users/doug/Documents/cdl-master/generated_output/temp/_includes/StructureDefinition-procedure-crn-tx-diff.xhtml (28.0837sec)
Check Generate /Users/doug/Documents/cdl-master/generated_output/temp/_includes/StructureDefinition-procedure-crn-tx-diff-must-support.xhtml (28.0838sec)
Check Generate /Users/doug/Documents/cdl-master/generated_output/temp/_includes/StructureDefinition-procedure-crn-inv.xhtml (28.0839sec)
Check Generate /Users/doug/Documents/cdl-master/generated_output/temp/_includes/StructureDefinition-procedure-crn-dict.xhtml (28.0851sec)
Check Generate /Users/doug/Documents/cdl-master/generated_output/temp/_includes/StructureDefinition-procedure-crn-dict-active.xhtml (28.0864sec)
Check Generate /Users/doug/Documents/cdl-master/generated_output/temp/_includes/StructureDefinition-procedure-crn-maps.xhtml (28.0867sec)
Check Generate /Users/doug/Documents/cdl-master/generated_output/temp/_includes/StructureDefinition-procedure-crn-maps-all.xhtml (28.0869sec)
Check Generate /Users/doug/Documents/cdl-master/generated_output/temp/_includes/StructureDefinition-procedure-crn-sd-xref.xhtml (28.0870sec)
Check Generate /Users/doug/Documents/cdl-master/generated_output/temp/_includes/StructureDefinition-procedure-crn-span.xhtml (28.0872sec)
Check Generate /Users/doug/Documents/cdl-master/generated_output/temp/_includes/StructureDefinition-procedure-crn-spanall.xhtml (28.0874sec)
Check Generate /Users/doug/Documents/cdl-master/generated_output/temp/_includes/StructureDefinition-example-list-procedure-crn.xhtml (28.0875sec)
Check Generate /Users/doug/Documents/cdl-master/generated_output/temp/_includes/StructureDefinition-procedure-crn-sch.xhtml (29.0294sec)
Check Generate /Users/doug/Documents/cdl-master/generated_output/temp/_includes/examplebutton_default.html (29.0295sec)
Check Generate /Users/doug/Documents/cdl-master/generated_output/temp/_includes/toc-generator.md (29.0296sec)
Check Generate /Users/doug/Documents/cdl-master/generated_output/temp/_includes/navbar.html (29.0296sec)
Check Generate /Users/doug/Documents/cdl-master/generated_output/temp/_includes/img.html (29.0296sec)
Check Generate /Users/doug/Documents/cdl-master/generated_output/temp/_includes/img-narrow.html (29.0297sec)
Check Generate /Users/doug/Documents/cdl-master/generated_output/temp/_includes/publish-box.html (29.0297sec)
Check Generate /Users/doug/Documents/cdl-master/generated_output/temp/_includes/example-list-generator.md (29.0297sec)
Check Generate /Users/doug/Documents/cdl-master/generated_output/temp/_includes/breadcrumbs.html (29.0297sec)
Check Generate /Users/doug/Documents/cdl-master/generated_output/temp/_includes/img-small.html (29.0298sec)
Check Generate /Users/doug/Documents/cdl-master/generated_output/temp/_includes/container-start.html (29.0298sec)
Check Generate /Users/doug/Documents/cdl-master/generated_output/temp/_includes/schematron-list-generator.md (29.0298sec)
Check Generate /Users/doug/Documents/cdl-master/generated_output/temp/_includes/liquid_breadcrumbs.html (29.0298sec)
Check Generate /Users/doug/Documents/cdl-master/generated_output/temp/_includes/examplebutton.html (29.0299sec)
Check Generate /Users/doug/Documents/cdl-master/generated_output/temp/_includes/nav-tabs.html (29.0299sec)
Check Generate /Users/doug/Documents/cdl-master/generated_output/temp/_includes/profile-tabs.html (29.0299sec)
Check Generate /Users/doug/Documents/cdl-master/generated_output/temp/_includes/img-portrait.html (29.0300sec)
Check Generate /Users/doug/Documents/cdl-master/generated_output/temp/_includes/footer.html (29.0300sec)
Check Generate /Users/doug/Documents/cdl-master/generated_output/temp/_includes/copy-me.html (29.0300sec)
Check Generate /Users/doug/Documents/cdl-master/generated_output/temp/_includes/header.html (29.0300sec)
Check Generate /Users/doug/Documents/cdl-master/generated_output/temp/_includes/footer_generic.html (29.0301sec)
Check Generate /Users/doug/Documents/cdl-master/generated_output/temp/_includes/container-end.html (29.0301sec)
Check Generate /Users/doug/Documents/cdl-master/generated_output/temp/_includes/pagenumber.html (29.0301sec)
Check Generate /Users/doug/Documents/cdl-master/generated_output/temp/_layouts/default.html (29.0302sec)
Check Generate /Users/doug/Documents/cdl-master/generated_output/temp/_layouts/presentation.html (29.0302sec)
Check Generate /Users/doug/Documents/cdl-master/generated_output/temp/_layouts/fhir-artifact.html (29.0302sec)
Check Generate /Users/doug/Documents/cdl-master/generated_output/temp/assets/css/xml.css (29.0302sec)
Check Generate /Users/doug/Documents/cdl-master/generated_output/temp/assets/css/jquery-ui.min.css (29.0303sec)
Check Generate /Users/doug/Documents/cdl-master/generated_output/temp/assets/css/jquery-ui.theme.min.css (29.0303sec)
Check Generate /Users/doug/Documents/cdl-master/generated_output/temp/assets/css/jquery-ui.theme.css (29.0303sec)
Check Generate /Users/doug/Documents/cdl-master/generated_output/temp/assets/css/bootstrap.css (29.0303sec)
Check Generate /Users/doug/Documents/cdl-master/generated_output/temp/assets/css/bootstrap-fhir.css (29.0304sec)
Check Generate /Users/doug/Documents/cdl-master/generated_output/temp/assets/css/jquery-ui.css (29.0304sec)
Check Generate /Users/doug/Documents/cdl-master/generated_output/temp/assets/css/bootstrap-glyphicons.css (29.0304sec)
Check Generate /Users/doug/Documents/cdl-master/generated_output/temp/assets/css/jquery-ui.structure.min.css (29.0305sec)
Check Generate /Users/doug/Documents/cdl-master/generated_output/temp/assets/css/pygments-manni.css (29.0305sec)
Check Generate /Users/doug/Documents/cdl-master/generated_output/temp/assets/css/project.css (29.0305sec)
Check Generate /Users/doug/Documents/cdl-master/generated_output/temp/assets/css/jquery-ui.structure.css (29.0305sec)
Check Generate /Users/doug/Documents/cdl-master/generated_output/temp/assets/css/section-numbering.css (29.0306sec)
Check Generate /Users/doug/Documents/cdl-master/generated_output/temp/assets/images/external.png (29.0306sec)
Check Generate /Users/doug/Documents/cdl-master/generated_output/temp/assets/images/fhir-logo-www.png (29.0307sec)
Check Generate /Users/doug/Documents/cdl-master/generated_output/temp/assets/images/download.png (29.0307sec)
Check Generate /Users/doug/Documents/cdl-master/generated_output/temp/assets/images/hl7-logo.png (29.0307sec)
Check Generate /Users/doug/Documents/cdl-master/generated_output/temp/assets/images/target.png (29.0308sec)
Check Generate /Users/doug/Documents/cdl-master/generated_output/temp/assets/images/search.png (29.0308sec)
Check Generate /Users/doug/Documents/cdl-master/generated_output/temp/assets/images/logo_ansinew.jpg (29.0308sec)
Check Generate /Users/doug/Documents/cdl-master/generated_output/temp/assets/images/cat.jpg (29.0308sec)
Check Generate /Users/doug/Documents/cdl-master/generated_output/temp/assets/images/clippy.png (29.0309sec)
Check Generate /Users/doug/Documents/cdl-master/generated_output/temp/assets/images/stripe.png (29.0309sec)
Check Generate /Users/doug/Documents/cdl-master/generated_output/temp/assets/images/fhir-logo.png (29.0309sec)
Check Generate /Users/doug/Documents/cdl-master/generated_output/temp/assets/js/jquery-1.11.1.min.js (29.0310sec)
Check Generate /Users/doug/Documents/cdl-master/generated_output/temp/assets/js/html5shiv.js (29.0310sec)
Check Generate /Users/doug/Documents/cdl-master/generated_output/temp/assets/js/jquery-ui.min.js (29.0310sec)
Check Generate /Users/doug/Documents/cdl-master/generated_output/temp/assets/js/respond.min.js (29.0310sec)
Check Generate /Users/doug/Documents/cdl-master/generated_output/temp/assets/js/xml.js (29.0311sec)
Check Generate /Users/doug/Documents/cdl-master/generated_output/temp/assets/js/jquery-1.11.1.js (29.0311sec)
Check Generate /Users/doug/Documents/cdl-master/generated_output/temp/assets/js/clipboard.min.js (29.0312sec)
Check Generate /Users/doug/Documents/cdl-master/generated_output/temp/assets/js/jquery.min.js (29.0312sec)
Check Generate /Users/doug/Documents/cdl-master/generated_output/temp/assets/js/bootstrap.min.js (29.0312sec)
Check Generate /Users/doug/Documents/cdl-master/generated_output/temp/assets/js/anchor.min.js (29.0313sec)
Check Generate /Users/doug/Documents/cdl-master/generated_output/temp/assets/js/jquery-1.11.1.min.map (29.0313sec)
Check Generate /Users/doug/Documents/cdl-master/generated_output/temp/assets/js/topofpage.js (29.0313sec)
Check Generate /Users/doug/Documents/cdl-master/generated_output/temp/assets/js/fhir.js (29.0314sec)
Check Generate /Users/doug/Documents/cdl-master/generated_output/temp/assets/js/jquery-ui.js (29.0314sec)
Check Generate /Users/doug/Documents/cdl-master/generated_output/temp/assets/js/jquery.js (29.0314sec)
Check Generate /Users/doug/Documents/cdl-master/generated_output/temp/assets/fonts/glyphiconshalflings-regular.otf (29.0315sec)
Check Generate /Users/doug/Documents/cdl-master/generated_output/temp/assets/fonts/glyphiconshalflings-regular.eot (29.0315sec)
Check Generate /Users/doug/Documents/cdl-master/generated_output/temp/assets/fonts/glyphiconshalflings-regular.ttf (29.0315sec)
Check Generate /Users/doug/Documents/cdl-master/generated_output/temp/assets/fonts/glyphiconshalflings-regular.woff (29.0316sec)
Check Generate /Users/doug/Documents/cdl-master/generated_output/temp/assets/fonts/glyphiconshalflings-regular.svg (29.0316sec)
Check Generate /Users/doug/Documents/cdl-master/generated_output/temp/assets/ico/favicon.ico (29.0316sec)
Check Generate /Users/doug/Documents/cdl-master/generated_output/temp/assets/ico/apple-touch-icon-72-precomposed.png (29.0317sec)
Check Generate /Users/doug/Documents/cdl-master/generated_output/temp/assets/ico/favicon.png (29.0317sec)
Check Generate /Users/doug/Documents/cdl-master/generated_output/temp/assets/ico/apple-touch-icon-144-precomposed.png (29.0317sec)
Check Generate /Users/doug/Documents/cdl-master/generated_output/temp/assets/ico/apple-touch-icon-114-precomposed.png (29.0318sec)
Check Generate /Users/doug/Documents/cdl-master/generated_output/temp/assets/ico/apple-touch-icon-57-precomposed.png (29.0318sec)
Check Generate /Users/doug/Documents/cdl-master/generated_output/temp/_includes/questionnaire-pro-search.md (29.0318sec)
Check Generate /Users/doug/Documents/cdl-master/generated_output/temp/_includes/blah-search.md (29.0319sec)
Check Generate /Users/doug/Documents/cdl-master/generated_output/temp/_includes/questionnaire-pro-diff2.md (29.0319sec)
Check Generate /Users/doug/Documents/cdl-master/generated_output/temp/_includes/device-crn-diff2.md (29.0319sec)
Check Generate /Users/doug/Documents/cdl-master/generated_output/temp/_includes/template-basic-search.md.bak (29.0319sec)
Check Generate /Users/doug/Documents/cdl-master/generated_output/temp/_includes/extension-complex-diff2.md (29.0320sec)
Check Generate /Users/doug/Documents/cdl-master/generated_output/temp/_includes/menu.md (29.0320sec)
Check Generate /Users/doug/Documents/cdl-master/generated_output/temp/_includes/.DS_Store (29.0320sec)
Check Generate /Users/doug/Documents/cdl-master/generated_output/temp/_includes/template-basic-diff2.md.bak (29.0320sec)
Check Generate /Users/doug/Documents/cdl-master/generated_output/temp/_includes/logo.md (29.0321sec)
Check Generate /Users/doug/Documents/cdl-master/generated_output/temp/_includes/procedure-crn-diff2.md (29.0321sec)
Check Generate /Users/doug/Documents/cdl-master/generated_output/temp/_includes/blah-intro.md (29.0321sec)
Check Generate /Users/doug/Documents/cdl-master/generated_output/temp/_includes/bt-intro.md (29.0321sec)
Check Generate /Users/doug/Documents/cdl-master/generated_output/temp/_includes/extension-complex-search.md (29.0322sec)
Check Generate /Users/doug/Documents/cdl-master/generated_output/temp/_includes/blah-summary.md (29.0322sec)
Check Generate /Users/doug/Documents/cdl-master/generated_output/temp/_includes/template-profile-on-profile-intro.md (29.0322sec)
Check Generate /Users/doug/Documents/cdl-master/generated_output/temp/_includes/CDEs_FHIR.html (29.0322sec)
Check Generate /Users/doug/Documents/cdl-master/generated_output/temp/_includes/extension-blah-diff2.md (29.0323sec)
Check Generate /Users/doug/Documents/cdl-master/generated_output/temp/_includes/devicedefinition-crn-diff2.md (29.0323sec)
Check Generate /Users/doug/Documents/cdl-master/generated_output/temp/_includes/template-profile-on-profile-diff2.md (29.0323sec)
Check Generate /Users/doug/Documents/cdl-master/generated_output/temp/_includes/devicedefinition-crn-search.md (29.0323sec)
Check Generate /Users/doug/Documents/cdl-master/generated_output/temp/_includes/extension-complex-summary.md (29.0324sec)
Check Generate /Users/doug/Documents/cdl-master/generated_output/temp/_includes/template-basic-intro.md.bak (29.0324sec)
Check Generate /Users/doug/Documents/cdl-master/generated_output/temp/_includes/template-profile-on-profile-search.md (29.0324sec)
Check Generate /Users/doug/Documents/cdl-master/generated_output/temp/_includes/link-list.md (29.0324sec)
Check Generate /Users/doug/Documents/cdl-master/generated_output/temp/_includes/extension-blah-intro.md (29.0325sec)
Check Generate /Users/doug/Documents/cdl-master/generated_output/temp/_includes/bt-summary.md (29.0325sec)
Check Generate /Users/doug/Documents/cdl-master/generated_output/temp/_includes/bt-search.md (29.0325sec)
Check Generate /Users/doug/Documents/cdl-master/generated_output/temp/_includes/devicedefinition-crn-intro.md (29.0325sec)
Check Generate /Users/doug/Documents/cdl-master/generated_output/temp/_includes/device-crn-intro.md (29.0326sec)
Check Generate /Users/doug/Documents/cdl-master/generated_output/temp/_includes/extension-blah-summary.md (29.0326sec)
Check Generate /Users/doug/Documents/cdl-master/generated_output/temp/_includes/extension-blah-search.md (29.0326sec)
Check Generate /Users/doug/Documents/cdl-master/generated_output/temp/_includes/device-crn-search.md (29.0326sec)
Check Generate /Users/doug/Documents/cdl-master/generated_output/temp/_includes/procedure-crn-search.md (29.0327sec)
Check Generate /Users/doug/Documents/cdl-master/generated_output/temp/_includes/questionnaire-pro-intro.md (29.0327sec)
Check Generate /Users/doug/Documents/cdl-master/generated_output/temp/_includes/bt-diff2.md (29.0327sec)
Check Generate /Users/doug/Documents/cdl-master/generated_output/temp/_includes/procedure-crn-intro.md (29.0327sec)
Check Generate /Users/doug/Documents/cdl-master/generated_output/temp/_includes/blah-diff2.md (29.0328sec)
Check Generate /Users/doug/Documents/cdl-master/generated_output/temp/_includes/extension-complex-intro.md (29.0328sec)
Check Generate /Users/doug/Documents/cdl-master/generated_output/temp/LAB_LB_FHIR_mapping_and_gaps_for_IG_files/stylesheet.css (29.0328sec)
Check Generate /Users/doug/Documents/cdl-master/generated_output/temp/LAB_LB_FHIR_mapping_and_gaps_for_IG_files/filelist.xml (29.0328sec)
Check Generate /Users/doug/Documents/cdl-master/generated_output/temp/LAB_LB_FHIR_mapping_and_gaps_for_IG_files/sheet002.htm (29.0329sec)
Check Generate /Users/doug/Documents/cdl-master/generated_output/temp/LAB_LB_FHIR_mapping_and_gaps_for_IG_files/tabstrip.htm (29.0329sec)
Check Generate /Users/doug/Documents/cdl-master/generated_output/temp/LAB_LB_FHIR_mapping_and_gaps_for_IG_files/sheet003.htm (29.0329sec)
Check Generate /Users/doug/Documents/cdl-master/generated_output/temp/LAB_LB_FHIR_mapping_and_gaps_for_IG_files/sheet001.htm (29.0330sec)
Check Generate /Users/doug/Documents/cdl-master/generated_output/temp/LB test data for IG.xlsx (29.0330sec)
Check Generate /Users/doug/Documents/cdl-master/generated_output/temp/overview.md (29.0330sec)
Check Generate /Users/doug/Documents/cdl-master/generated_output/temp/Lab Narrative for IG_files/colorschememapping.xml (29.0331sec)
Check Generate /Users/doug/Documents/cdl-master/generated_output/temp/Lab Narrative for IG_files/themedata.thmx (29.0331sec)
Check Generate /Users/doug/Documents/cdl-master/generated_output/temp/Lab Narrative for IG_files/filelist.xml (29.0331sec)
Check Generate /Users/doug/Documents/cdl-master/generated_output/temp/.DS_Store  (29.0332sec)
Check Generate /Users/doug/Documents/cdl-master/generated_output/temp/LB test data for IG 1-15-2019.xlsx (29.0332sec)
Check Generate /Users/doug/Documents/cdl-master/generated_output/temp/LB test data for IG.htm (29.0332sec)
Check Generate /Users/doug/Documents/cdl-master/generated_output/temp/Lab Narrative for IG.htm (29.0332sec)
Check Generate /Users/doug/Documents/cdl-master/generated_output/temp/LAB_LB_FHIR_mapping_and_gaps_for_IG_01-16-2019.xlsx (29.0333sec)
Check Generate /Users/doug/Documents/cdl-master/generated_output/temp/credits.md (29.0333sec)
Check Generate /Users/doug/Documents/cdl-master/generated_output/temp/guidance.md (29.0333sec)
Check Generate /Users/doug/Documents/cdl-master/generated_output/temp/capstatements.md (29.0333sec)
Check Generate /Users/doug/Documents/cdl-master/generated_output/temp/history.md (29.0333sec)
Check Generate /Users/doug/Documents/cdl-master/generated_output/temp/LAB_LB_FHIR_mapping_and_gaps_for_IG.htm (29.0334sec)
Check Generate /Users/doug/Documents/cdl-master/generated_output/temp/Lab Narrative for IG.docx (29.0334sec)
Check Generate /Users/doug/Documents/cdl-master/generated_output/temp/terminology.md (29.0334sec)
Check Generate /Users/doug/Documents/cdl-master/generated_output/temp/index.md   (29.0335sec)
Check Generate /Users/doug/Documents/cdl-master/generated_output/temp/toc.md     (29.0335sec)
Check Generate /Users/doug/Documents/cdl-master/generated_output/temp/mappingsandprofiles.md (29.0335sec)
Check Generate /Users/doug/Documents/cdl-master/generated_output/temp/downloads.md (29.0336sec)
Check Generate /Users/doug/Documents/cdl-master/generated_output/temp/assets/.DS_Store (29.0336sec)
Check Generate /Users/doug/Documents/cdl-master/generated_output/temp/assets/images/.DS_Store (29.0336sec)
Check Generate /Users/doug/Documents/cdl-master/generated_output/temp/assets/images/Lab IG UML Diagram.jpg (29.0337sec)
Check Generate /Users/doug/Documents/cdl-master/generated_output/temp/assets/images/org_logo.jpg (29.0337sec)
Check Generate /Users/doug/Documents/cdl-master/generated_output/temp/assets/images/Lab Data Flow.jpg (29.0337sec)
Check Generate /Users/doug/Documents/cdl-master/generated_output/temp/assets/images/org-logo.png (29.0338sec)
Check Generate /Users/doug/Documents/cdl-master/generated_output/temp/LB test data for IG_files/stylesheet.css (29.0338sec)
Check Generate /Users/doug/Documents/cdl-master/generated_output/temp/LB test data for IG_files/filelist.xml (29.0338sec)
Check Generate /Users/doug/Documents/cdl-master/generated_output/temp/LB test data for IG_files/sheet002.htm (29.0339sec)
Check Generate /Users/doug/Documents/cdl-master/generated_output/temp/LB test data for IG_files/tabstrip.htm (29.0339sec)
Check Generate /Users/doug/Documents/cdl-master/generated_output/temp/LB test data for IG_files/sheet001.htm (29.0339sec)
Generating Summary Outputs                                                       (29.0342sec)
Check Generate /Users/doug/Documents/cdl-master/generated_output/temp/_includes/list-accounts.xhtml (29.0342sec)
Check Generate /Users/doug/Documents/cdl-master/generated_output/temp/_includes/list-simple-accounts.xhtml (29.0343sec)
Check Generate /Users/doug/Documents/cdl-master/generated_output/temp/_includes/table-accounts.xhtml (29.0344sec)
Check Generate /Users/doug/Documents/cdl-master/generated_output/temp/_includes/list-accounts-json.xhtml (29.0344sec)
Check Generate /Users/doug/Documents/cdl-master/generated_output/temp/_includes/list-simple-accounts-json.xhtml (29.0345sec)
Check Generate /Users/doug/Documents/cdl-master/generated_output/temp/_includes/table-accounts-json.xhtml (29.0346sec)
Check Generate /Users/doug/Documents/cdl-master/generated_output/temp/_includes/list-accounts-xml.xhtml (29.0348sec)
Check Generate /Users/doug/Documents/cdl-master/generated_output/temp/_includes/list-simple-accounts-xml.xhtml (29.0349sec)
Check Generate /Users/doug/Documents/cdl-master/generated_output/temp/_includes/table-accounts-xml.xhtml (29.0349sec)
Check Generate /Users/doug/Documents/cdl-master/generated_output/temp/_includes/list-activitydefinitions.xhtml (29.0350sec)
Check Generate /Users/doug/Documents/cdl-master/generated_output/temp/_includes/list-simple-activitydefinitions.xhtml (29.0351sec)
Check Generate /Users/doug/Documents/cdl-master/generated_output/temp/_includes/table-activitydefinitions.xhtml (29.0352sec)
Check Generate /Users/doug/Documents/cdl-master/generated_output/temp/_includes/list-activitydefinitions-json.xhtml (29.0353sec)
Check Generate /Users/doug/Documents/cdl-master/generated_output/temp/_includes/list-simple-activitydefinitions-json.xhtml (29.0354sec)
Check Generate /Users/doug/Documents/cdl-master/generated_output/temp/_includes/table-activitydefinitions-json.xhtml (29.0355sec)
Check Generate /Users/doug/Documents/cdl-master/generated_output/temp/_includes/list-activitydefinitions-xml.xhtml (29.0356sec)
Check Generate /Users/doug/Documents/cdl-master/generated_output/temp/_includes/list-simple-activitydefinitions-xml.xhtml (29.0357sec)
Check Generate /Users/doug/Documents/cdl-master/generated_output/temp/_includes/table-activitydefinitions-xml.xhtml (29.0357sec)
Check Generate /Users/doug/Documents/cdl-master/generated_output/temp/_includes/list-adverseevents.xhtml (29.0358sec)
Check Generate /Users/doug/Documents/cdl-master/generated_output/temp/_includes/list-simple-adverseevents.xhtml (29.0359sec)
Check Generate /Users/doug/Documents/cdl-master/generated_output/temp/_includes/table-adverseevents.xhtml (29.0360sec)
Check Generate /Users/doug/Documents/cdl-master/generated_output/temp/_includes/list-adverseevents-json.xhtml (29.0361sec)
Check Generate /Users/doug/Documents/cdl-master/generated_output/temp/_includes/list-simple-adverseevents-json.xhtml (29.0362sec)
Check Generate /Users/doug/Documents/cdl-master/generated_output/temp/_includes/table-adverseevents-json.xhtml (29.0362sec)
Check Generate /Users/doug/Documents/cdl-master/generated_output/temp/_includes/list-adverseevents-xml.xhtml (29.0363sec)
Check Generate /Users/doug/Documents/cdl-master/generated_output/temp/_includes/list-simple-adverseevents-xml.xhtml (29.0364sec)
Check Generate /Users/doug/Documents/cdl-master/generated_output/temp/_includes/table-adverseevents-xml.xhtml (29.0365sec)
Check Generate /Users/doug/Documents/cdl-master/generated_output/temp/_includes/list-allergyintolerances.xhtml (29.0366sec)
Check Generate /Users/doug/Documents/cdl-master/generated_output/temp/_includes/list-simple-allergyintolerances.xhtml (29.0367sec)
Check Generate /Users/doug/Documents/cdl-master/generated_output/temp/_includes/table-allergyintolerances.xhtml (29.0368sec)
Check Generate /Users/doug/Documents/cdl-master/generated_output/temp/_includes/list-allergyintolerances-json.xhtml (29.0372sec)
Check Generate /Users/doug/Documents/cdl-master/generated_output/temp/_includes/list-simple-allergyintolerances-json.xhtml (29.0373sec)
Check Generate /Users/doug/Documents/cdl-master/generated_output/temp/_includes/table-allergyintolerances-json.xhtml (29.0374sec)
Check Generate /Users/doug/Documents/cdl-master/generated_output/temp/_includes/list-allergyintolerances-xml.xhtml (29.0375sec)
Check Generate /Users/doug/Documents/cdl-master/generated_output/temp/_includes/list-simple-allergyintolerances-xml.xhtml (29.0376sec)
Check Generate /Users/doug/Documents/cdl-master/generated_output/temp/_includes/table-allergyintolerances-xml.xhtml (29.0377sec)
Check Generate /Users/doug/Documents/cdl-master/generated_output/temp/_includes/list-appointments.xhtml (29.0377sec)
Check Generate /Users/doug/Documents/cdl-master/generated_output/temp/_includes/list-simple-appointments.xhtml (29.0378sec)
Check Generate /Users/doug/Documents/cdl-master/generated_output/temp/_includes/table-appointments.xhtml (29.0379sec)
Check Generate /Users/doug/Documents/cdl-master/generated_output/temp/_includes/list-appointments-json.xhtml (29.0380sec)
Check Generate /Users/doug/Documents/cdl-master/generated_output/temp/_includes/list-simple-appointments-json.xhtml (29.0381sec)
Check Generate /Users/doug/Documents/cdl-master/generated_output/temp/_includes/table-appointments-json.xhtml (29.0382sec)
Check Generate /Users/doug/Documents/cdl-master/generated_output/temp/_includes/list-appointments-xml.xhtml (29.0383sec)
Check Generate /Users/doug/Documents/cdl-master/generated_output/temp/_includes/list-simple-appointments-xml.xhtml (29.0384sec)
Check Generate /Users/doug/Documents/cdl-master/generated_output/temp/_includes/table-appointments-xml.xhtml (29.0385sec)
Check Generate /Users/doug/Documents/cdl-master/generated_output/temp/_includes/list-appointmentresponses.xhtml (29.0386sec)
Check Generate /Users/doug/Documents/cdl-master/generated_output/temp/_includes/list-simple-appointmentresponses.xhtml (29.0387sec)
Check Generate /Users/doug/Documents/cdl-master/generated_output/temp/_includes/table-appointmentresponses.xhtml (29.0387sec)
Check Generate /Users/doug/Documents/cdl-master/generated_output/temp/_includes/list-appointmentresponses-json.xhtml (29.0388sec)
Check Generate /Users/doug/Documents/cdl-master/generated_output/temp/_includes/list-simple-appointmentresponses-json.xhtml (29.0389sec)
Check Generate /Users/doug/Documents/cdl-master/generated_output/temp/_includes/table-appointmentresponses-json.xhtml (29.0390sec)
Check Generate /Users/doug/Documents/cdl-master/generated_output/temp/_includes/list-appointmentresponses-xml.xhtml (29.0391sec)
Check Generate /Users/doug/Documents/cdl-master/generated_output/temp/_includes/list-simple-appointmentresponses-xml.xhtml (29.0392sec)
Check Generate /Users/doug/Documents/cdl-master/generated_output/temp/_includes/table-appointmentresponses-xml.xhtml (29.0393sec)
Check Generate /Users/doug/Documents/cdl-master/generated_output/temp/_includes/list-auditevents.xhtml (29.0394sec)
Check Generate /Users/doug/Documents/cdl-master/generated_output/temp/_includes/list-simple-auditevents.xhtml (29.0395sec)
Check Generate /Users/doug/Documents/cdl-master/generated_output/temp/_includes/table-auditevents.xhtml (29.0395sec)
Check Generate /Users/doug/Documents/cdl-master/generated_output/temp/_includes/list-auditevents-json.xhtml (29.0396sec)
Check Generate /Users/doug/Documents/cdl-master/generated_output/temp/_includes/list-simple-auditevents-json.xhtml (29.0397sec)
Check Generate /Users/doug/Documents/cdl-master/generated_output/temp/_includes/table-auditevents-json.xhtml (29.0398sec)
Check Generate /Users/doug/Documents/cdl-master/generated_output/temp/_includes/list-auditevents-xml.xhtml (29.0399sec)
Check Generate /Users/doug/Documents/cdl-master/generated_output/temp/_includes/list-simple-auditevents-xml.xhtml (29.0400sec)
Check Generate /Users/doug/Documents/cdl-master/generated_output/temp/_includes/table-auditevents-xml.xhtml (29.0401sec)
Check Generate /Users/doug/Documents/cdl-master/generated_output/temp/_includes/list-basics.xhtml (29.0401sec)
Check Generate /Users/doug/Documents/cdl-master/generated_output/temp/_includes/list-simple-basics.xhtml (29.0402sec)
Check Generate /Users/doug/Documents/cdl-master/generated_output/temp/_includes/table-basics.xhtml (29.0403sec)
Check Generate /Users/doug/Documents/cdl-master/generated_output/temp/_includes/list-basics-json.xhtml (29.0404sec)
Check Generate /Users/doug/Documents/cdl-master/generated_output/temp/_includes/list-simple-basics-json.xhtml (29.0405sec)
Check Generate /Users/doug/Documents/cdl-master/generated_output/temp/_includes/table-basics-json.xhtml (29.0406sec)
Check Generate /Users/doug/Documents/cdl-master/generated_output/temp/_includes/list-basics-xml.xhtml (29.0406sec)
Check Generate /Users/doug/Documents/cdl-master/generated_output/temp/_includes/list-simple-basics-xml.xhtml (29.0407sec)
Check Generate /Users/doug/Documents/cdl-master/generated_output/temp/_includes/table-basics-xml.xhtml (29.0408sec)
Check Generate /Users/doug/Documents/cdl-master/generated_output/temp/_includes/list-binaries.xhtml (29.0409sec)
Check Generate /Users/doug/Documents/cdl-master/generated_output/temp/_includes/list-simple-binaries.xhtml (29.0410sec)
Check Generate /Users/doug/Documents/cdl-master/generated_output/temp/_includes/table-binaries.xhtml (29.0410sec)
Check Generate /Users/doug/Documents/cdl-master/generated_output/temp/_includes/list-binaries-json.xhtml (29.0411sec)
Check Generate /Users/doug/Documents/cdl-master/generated_output/temp/_includes/list-simple-binaries-json.xhtml (29.0412sec)
Check Generate /Users/doug/Documents/cdl-master/generated_output/temp/_includes/table-binaries-json.xhtml (29.0413sec)
Check Generate /Users/doug/Documents/cdl-master/generated_output/temp/_includes/list-binaries-xml.xhtml (29.0414sec)
Check Generate /Users/doug/Documents/cdl-master/generated_output/temp/_includes/list-simple-binaries-xml.xhtml (29.0415sec)
Check Generate /Users/doug/Documents/cdl-master/generated_output/temp/_includes/table-binaries-xml.xhtml (29.0416sec)
Check Generate /Users/doug/Documents/cdl-master/generated_output/temp/_includes/list-biologicallyderivedproducts.xhtml (29.0417sec)
Check Generate /Users/doug/Documents/cdl-master/generated_output/temp/_includes/list-simple-biologicallyderivedproducts.xhtml (29.0418sec)
Check Generate /Users/doug/Documents/cdl-master/generated_output/temp/_includes/table-biologicallyderivedproducts.xhtml (29.0419sec)
Check Generate /Users/doug/Documents/cdl-master/generated_output/temp/_includes/list-biologicallyderivedproducts-json.xhtml (29.0420sec)
Check Generate /Users/doug/Documents/cdl-master/generated_output/temp/_includes/list-simple-biologicallyderivedproducts-json.xhtml (29.0421sec)
Check Generate /Users/doug/Documents/cdl-master/generated_output/temp/_includes/table-biologicallyderivedproducts-json.xhtml (29.0422sec)
Check Generate /Users/doug/Documents/cdl-master/generated_output/temp/_includes/list-biologicallyderivedproducts-xml.xhtml (29.0422sec)
Check Generate /Users/doug/Documents/cdl-master/generated_output/temp/_includes/list-simple-biologicallyderivedproducts-xml.xhtml (29.0423sec)
Check Generate /Users/doug/Documents/cdl-master/generated_output/temp/_includes/table-biologicallyderivedproducts-xml.xhtml (29.0424sec)
Check Generate /Users/doug/Documents/cdl-master/generated_output/temp/_includes/list-bodystructures.xhtml (29.0425sec)
Check Generate /Users/doug/Documents/cdl-master/generated_output/temp/_includes/list-simple-bodystructures.xhtml (29.0426sec)
Check Generate /Users/doug/Documents/cdl-master/generated_output/temp/_includes/table-bodystructures.xhtml (29.0427sec)
Check Generate /Users/doug/Documents/cdl-master/generated_output/temp/_includes/list-bodystructures-json.xhtml (29.0428sec)
Check Generate /Users/doug/Documents/cdl-master/generated_output/temp/_includes/list-simple-bodystructures-json.xhtml (29.0429sec)
Check Generate /Users/doug/Documents/cdl-master/generated_output/temp/_includes/table-bodystructures-json.xhtml (29.0430sec)
Check Generate /Users/doug/Documents/cdl-master/generated_output/temp/_includes/list-bodystructures-xml.xhtml (29.0431sec)
Check Generate /Users/doug/Documents/cdl-master/generated_output/temp/_includes/list-simple-bodystructures-xml.xhtml (29.0432sec)
Check Generate /Users/doug/Documents/cdl-master/generated_output/temp/_includes/table-bodystructures-xml.xhtml (29.0433sec)
Check Generate /Users/doug/Documents/cdl-master/generated_output/temp/_includes/list-bundles.xhtml (29.0433sec)
Check Generate /Users/doug/Documents/cdl-master/generated_output/temp/_includes/list-simple-bundles.xhtml (29.0434sec)
Check Generate /Users/doug/Documents/cdl-master/generated_output/temp/_includes/table-bundles.xhtml (29.0435sec)
Check Generate /Users/doug/Documents/cdl-master/generated_output/temp/_includes/list-bundles-json.xhtml (29.0436sec)
Check Generate /Users/doug/Documents/cdl-master/generated_output/temp/_includes/list-simple-bundles-json.xhtml (29.0437sec)
Check Generate /Users/doug/Documents/cdl-master/generated_output/temp/_includes/table-bundles-json.xhtml (29.0438sec)
Check Generate /Users/doug/Documents/cdl-master/generated_output/temp/_includes/list-bundles-xml.xhtml (29.0438sec)
Check Generate /Users/doug/Documents/cdl-master/generated_output/temp/_includes/list-simple-bundles-xml.xhtml (29.0439sec)
Check Generate /Users/doug/Documents/cdl-master/generated_output/temp/_includes/table-bundles-xml.xhtml (29.0440sec)
Check Generate /Users/doug/Documents/cdl-master/generated_output/temp/_includes/list-capabilitystatements.xhtml (29.0441sec)
Check Generate /Users/doug/Documents/cdl-master/generated_output/temp/_includes/list-simple-capabilitystatements.xhtml (29.0442sec)
Check Generate /Users/doug/Documents/cdl-master/generated_output/temp/_includes/table-capabilitystatements.xhtml (29.0443sec)
Check Generate /Users/doug/Documents/cdl-master/generated_output/temp/_includes/list-capabilitystatements-json.xhtml (29.0444sec)
Check Generate /Users/doug/Documents/cdl-master/generated_output/temp/_includes/list-simple-capabilitystatements-json.xhtml (29.0445sec)
Check Generate /Users/doug/Documents/cdl-master/generated_output/temp/_includes/table-capabilitystatements-json.xhtml (29.0445sec)
Check Generate /Users/doug/Documents/cdl-master/generated_output/temp/_includes/list-capabilitystatements-xml.xhtml (29.0446sec)
Check Generate /Users/doug/Documents/cdl-master/generated_output/temp/_includes/list-simple-capabilitystatements-xml.xhtml (29.0447sec)
Check Generate /Users/doug/Documents/cdl-master/generated_output/temp/_includes/table-capabilitystatements-xml.xhtml (29.0448sec)
Check Generate /Users/doug/Documents/cdl-master/generated_output/temp/_includes/list-careplans.xhtml (29.0449sec)
Check Generate /Users/doug/Documents/cdl-master/generated_output/temp/_includes/list-simple-careplans.xhtml (29.0450sec)
Check Generate /Users/doug/Documents/cdl-master/generated_output/temp/_includes/table-careplans.xhtml (29.0451sec)
Check Generate /Users/doug/Documents/cdl-master/generated_output/temp/_includes/list-careplans-json.xhtml (29.0452sec)
Check Generate /Users/doug/Documents/cdl-master/generated_output/temp/_includes/list-simple-careplans-json.xhtml (29.0453sec)
Check Generate /Users/doug/Documents/cdl-master/generated_output/temp/_includes/table-careplans-json.xhtml (29.0454sec)
Check Generate /Users/doug/Documents/cdl-master/generated_output/temp/_includes/list-careplans-xml.xhtml (29.0454sec)
Check Generate /Users/doug/Documents/cdl-master/generated_output/temp/_includes/list-simple-careplans-xml.xhtml (29.0455sec)
Check Generate /Users/doug/Documents/cdl-master/generated_output/temp/_includes/table-careplans-xml.xhtml (29.0455sec)
Check Generate /Users/doug/Documents/cdl-master/generated_output/temp/_includes/list-careteams.xhtml (29.0456sec)
Check Generate /Users/doug/Documents/cdl-master/generated_output/temp/_includes/list-simple-careteams.xhtml (29.0457sec)
Check Generate /Users/doug/Documents/cdl-master/generated_output/temp/_includes/table-careteams.xhtml (29.0458sec)
Check Generate /Users/doug/Documents/cdl-master/generated_output/temp/_includes/list-careteams-json.xhtml (29.0459sec)
Check Generate /Users/doug/Documents/cdl-master/generated_output/temp/_includes/list-simple-careteams-json.xhtml (29.0460sec)
Check Generate /Users/doug/Documents/cdl-master/generated_output/temp/_includes/table-careteams-json.xhtml (29.0461sec)
Check Generate /Users/doug/Documents/cdl-master/generated_output/temp/_includes/list-careteams-xml.xhtml (29.0462sec)
Check Generate /Users/doug/Documents/cdl-master/generated_output/temp/_includes/list-simple-careteams-xml.xhtml (29.0463sec)
Check Generate /Users/doug/Documents/cdl-master/generated_output/temp/_includes/table-careteams-xml.xhtml (29.0464sec)
Check Generate /Users/doug/Documents/cdl-master/generated_output/temp/_includes/list-catalogentries.xhtml (29.0465sec)
Check Generate /Users/doug/Documents/cdl-master/generated_output/temp/_includes/list-simple-catalogentries.xhtml (29.0466sec)
Check Generate /Users/doug/Documents/cdl-master/generated_output/temp/_includes/table-catalogentries.xhtml (29.0467sec)
Check Generate /Users/doug/Documents/cdl-master/generated_output/temp/_includes/list-catalogentries-json.xhtml (29.0467sec)
Check Generate /Users/doug/Documents/cdl-master/generated_output/temp/_includes/list-simple-catalogentries-json.xhtml (29.0468sec)
Check Generate /Users/doug/Documents/cdl-master/generated_output/temp/_includes/table-catalogentries-json.xhtml (29.0469sec)
Check Generate /Users/doug/Documents/cdl-master/generated_output/temp/_includes/list-catalogentries-xml.xhtml (29.0470sec)
Check Generate /Users/doug/Documents/cdl-master/generated_output/temp/_includes/list-simple-catalogentries-xml.xhtml (29.0471sec)
Check Generate /Users/doug/Documents/cdl-master/generated_output/temp/_includes/table-catalogentries-xml.xhtml (29.0472sec)
Check Generate /Users/doug/Documents/cdl-master/generated_output/temp/_includes/list-chargeitems.xhtml (29.0473sec)
Check Generate /Users/doug/Documents/cdl-master/generated_output/temp/_includes/list-simple-chargeitems.xhtml (29.0474sec)
Check Generate /Users/doug/Documents/cdl-master/generated_output/temp/_includes/table-chargeitems.xhtml (29.0475sec)
Check Generate /Users/doug/Documents/cdl-master/generated_output/temp/_includes/list-chargeitems-json.xhtml (29.0476sec)
Check Generate /Users/doug/Documents/cdl-master/generated_output/temp/_includes/list-simple-chargeitems-json.xhtml (29.0477sec)
Check Generate /Users/doug/Documents/cdl-master/generated_output/temp/_includes/table-chargeitems-json.xhtml (29.0478sec)
Check Generate /Users/doug/Documents/cdl-master/generated_output/temp/_includes/list-chargeitems-xml.xhtml (29.0479sec)
Check Generate /Users/doug/Documents/cdl-master/generated_output/temp/_includes/list-simple-chargeitems-xml.xhtml (29.0480sec)
Check Generate /Users/doug/Documents/cdl-master/generated_output/temp/_includes/table-chargeitems-xml.xhtml (29.0481sec)
Check Generate /Users/doug/Documents/cdl-master/generated_output/temp/_includes/list-chargeitemdefinitions.xhtml (29.0481sec)
Check Generate /Users/doug/Documents/cdl-master/generated_output/temp/_includes/list-simple-chargeitemdefinitions.xhtml (29.0482sec)
Check Generate /Users/doug/Documents/cdl-master/generated_output/temp/_includes/table-chargeitemdefinitions.xhtml (29.0483sec)
Check Generate /Users/doug/Documents/cdl-master/generated_output/temp/_includes/list-chargeitemdefinitions-json.xhtml (29.0484sec)
Check Generate /Users/doug/Documents/cdl-master/generated_output/temp/_includes/list-simple-chargeitemdefinitions-json.xhtml (29.0485sec)
Check Generate /Users/doug/Documents/cdl-master/generated_output/temp/_includes/table-chargeitemdefinitions-json.xhtml (29.0486sec)
Check Generate /Users/doug/Documents/cdl-master/generated_output/temp/_includes/list-chargeitemdefinitions-xml.xhtml (29.0487sec)
Check Generate /Users/doug/Documents/cdl-master/generated_output/temp/_includes/list-simple-chargeitemdefinitions-xml.xhtml (29.0488sec)
Check Generate /Users/doug/Documents/cdl-master/generated_output/temp/_includes/table-chargeitemdefinitions-xml.xhtml (29.0489sec)
Check Generate /Users/doug/Documents/cdl-master/generated_output/temp/_includes/list-claims.xhtml (29.0490sec)
Check Generate /Users/doug/Documents/cdl-master/generated_output/temp/_includes/list-simple-claims.xhtml (29.0491sec)
Check Generate /Users/doug/Documents/cdl-master/generated_output/temp/_includes/table-claims.xhtml (29.0492sec)
Check Generate /Users/doug/Documents/cdl-master/generated_output/temp/_includes/list-claims-json.xhtml (29.0493sec)
Check Generate /Users/doug/Documents/cdl-master/generated_output/temp/_includes/list-simple-claims-json.xhtml (29.0494sec)
Check Generate /Users/doug/Documents/cdl-master/generated_output/temp/_includes/table-claims-json.xhtml (29.0495sec)
Check Generate /Users/doug/Documents/cdl-master/generated_output/temp/_includes/list-claims-xml.xhtml (29.0496sec)
Check Generate /Users/doug/Documents/cdl-master/generated_output/temp/_includes/list-simple-claims-xml.xhtml (29.0497sec)
Check Generate /Users/doug/Documents/cdl-master/generated_output/temp/_includes/table-claims-xml.xhtml (29.0497sec)
Check Generate /Users/doug/Documents/cdl-master/generated_output/temp/_includes/list-claimresponses.xhtml (29.0498sec)
Check Generate /Users/doug/Documents/cdl-master/generated_output/temp/_includes/list-simple-claimresponses.xhtml (29.0499sec)
Check Generate /Users/doug/Documents/cdl-master/generated_output/temp/_includes/table-claimresponses.xhtml (29.0500sec)
Check Generate /Users/doug/Documents/cdl-master/generated_output/temp/_includes/list-claimresponses-json.xhtml (29.0501sec)
Check Generate /Users/doug/Documents/cdl-master/generated_output/temp/_includes/list-simple-claimresponses-json.xhtml (29.0502sec)
Check Generate /Users/doug/Documents/cdl-master/generated_output/temp/_includes/table-claimresponses-json.xhtml (29.0503sec)
Check Generate /Users/doug/Documents/cdl-master/generated_output/temp/_includes/list-claimresponses-xml.xhtml (29.0504sec)
Check Generate /Users/doug/Documents/cdl-master/generated_output/temp/_includes/list-simple-claimresponses-xml.xhtml (29.0505sec)
Check Generate /Users/doug/Documents/cdl-master/generated_output/temp/_includes/table-claimresponses-xml.xhtml (29.0506sec)
Check Generate /Users/doug/Documents/cdl-master/generated_output/temp/_includes/list-clinicalimpressions.xhtml (29.0507sec)
Check Generate /Users/doug/Documents/cdl-master/generated_output/temp/_includes/list-simple-clinicalimpressions.xhtml (29.0508sec)
Check Generate /Users/doug/Documents/cdl-master/generated_output/temp/_includes/table-clinicalimpressions.xhtml (29.0509sec)
Check Generate /Users/doug/Documents/cdl-master/generated_output/temp/_includes/list-clinicalimpressions-json.xhtml (29.0510sec)
Check Generate /Users/doug/Documents/cdl-master/generated_output/temp/_includes/list-simple-clinicalimpressions-json.xhtml (29.0511sec)
Check Generate /Users/doug/Documents/cdl-master/generated_output/temp/_includes/table-clinicalimpressions-json.xhtml (29.0512sec)
Check Generate /Users/doug/Documents/cdl-master/generated_output/temp/_includes/list-clinicalimpressions-xml.xhtml (29.0513sec)
Check Generate /Users/doug/Documents/cdl-master/generated_output/temp/_includes/list-simple-clinicalimpressions-xml.xhtml (29.0514sec)
Check Generate /Users/doug/Documents/cdl-master/generated_output/temp/_includes/table-clinicalimpressions-xml.xhtml (29.0515sec)
Check Generate /Users/doug/Documents/cdl-master/generated_output/temp/_includes/list-codesystems.xhtml (29.0516sec)
Check Generate /Users/doug/Documents/cdl-master/generated_output/temp/_includes/list-simple-codesystems.xhtml (29.0516sec)
Check Generate /Users/doug/Documents/cdl-master/generated_output/temp/_includes/table-codesystems.xhtml (29.0517sec)
Check Generate /Users/doug/Documents/cdl-master/generated_output/temp/_includes/list-codesystems-json.xhtml (29.0518sec)
Check Generate /Users/doug/Documents/cdl-master/generated_output/temp/_includes/list-simple-codesystems-json.xhtml (29.0518sec)
Check Generate /Users/doug/Documents/cdl-master/generated_output/temp/_includes/table-codesystems-json.xhtml (29.0519sec)
Check Generate /Users/doug/Documents/cdl-master/generated_output/temp/_includes/list-codesystems-xml.xhtml (29.0520sec)
Check Generate /Users/doug/Documents/cdl-master/generated_output/temp/_includes/list-simple-codesystems-xml.xhtml (29.0521sec)
Check Generate /Users/doug/Documents/cdl-master/generated_output/temp/_includes/table-codesystems-xml.xhtml (29.0522sec)
Check Generate /Users/doug/Documents/cdl-master/generated_output/temp/_includes/list-communications.xhtml (29.0523sec)
Check Generate /Users/doug/Documents/cdl-master/generated_output/temp/_includes/list-simple-communications.xhtml (29.0524sec)
Check Generate /Users/doug/Documents/cdl-master/generated_output/temp/_includes/table-communications.xhtml (29.0524sec)
Check Generate /Users/doug/Documents/cdl-master/generated_output/temp/_includes/list-communications-json.xhtml (29.0525sec)
Check Generate /Users/doug/Documents/cdl-master/generated_output/temp/_includes/list-simple-communications-json.xhtml (29.0526sec)
Check Generate /Users/doug/Documents/cdl-master/generated_output/temp/_includes/table-communications-json.xhtml (29.0526sec)
Check Generate /Users/doug/Documents/cdl-master/generated_output/temp/_includes/list-communications-xml.xhtml (29.0527sec)
Check Generate /Users/doug/Documents/cdl-master/generated_output/temp/_includes/list-simple-communications-xml.xhtml (29.0528sec)
Check Generate /Users/doug/Documents/cdl-master/generated_output/temp/_includes/table-communications-xml.xhtml (29.0529sec)
Check Generate /Users/doug/Documents/cdl-master/generated_output/temp/_includes/list-communicationrequests.xhtml (29.0530sec)
Check Generate /Users/doug/Documents/cdl-master/generated_output/temp/_includes/list-simple-communicationrequests.xhtml (29.0531sec)
Check Generate /Users/doug/Documents/cdl-master/generated_output/temp/_includes/table-communicationrequests.xhtml (29.0532sec)
Check Generate /Users/doug/Documents/cdl-master/generated_output/temp/_includes/list-communicationrequests-json.xhtml (29.0533sec)
Check Generate /Users/doug/Documents/cdl-master/generated_output/temp/_includes/list-simple-communicationrequests-json.xhtml (29.0534sec)
Check Generate /Users/doug/Documents/cdl-master/generated_output/temp/_includes/table-communicationrequests-json.xhtml (29.0535sec)
Check Generate /Users/doug/Documents/cdl-master/generated_output/temp/_includes/list-communicationrequests-xml.xhtml (29.0536sec)
Check Generate /Users/doug/Documents/cdl-master/generated_output/temp/_includes/list-simple-communicationrequests-xml.xhtml (29.0537sec)
Check Generate /Users/doug/Documents/cdl-master/generated_output/temp/_includes/table-communicationrequests-xml.xhtml (29.0539sec)
Check Generate /Users/doug/Documents/cdl-master/generated_output/temp/_includes/list-compartmentdefinitions.xhtml (29.0540sec)
Check Generate /Users/doug/Documents/cdl-master/generated_output/temp/_includes/list-simple-compartmentdefinitions.xhtml (29.0541sec)
Check Generate /Users/doug/Documents/cdl-master/generated_output/temp/_includes/table-compartmentdefinitions.xhtml (29.0542sec)
Check Generate /Users/doug/Documents/cdl-master/generated_output/temp/_includes/list-compartmentdefinitions-json.xhtml (29.0542sec)
Check Generate /Users/doug/Documents/cdl-master/generated_output/temp/_includes/list-simple-compartmentdefinitions-json.xhtml (29.0543sec)
Check Generate /Users/doug/Documents/cdl-master/generated_output/temp/_includes/table-compartmentdefinitions-json.xhtml (29.0544sec)
Check Generate /Users/doug/Documents/cdl-master/generated_output/temp/_includes/list-compartmentdefinitions-xml.xhtml (29.0545sec)
Check Generate /Users/doug/Documents/cdl-master/generated_output/temp/_includes/list-simple-compartmentdefinitions-xml.xhtml (29.0546sec)
Check Generate /Users/doug/Documents/cdl-master/generated_output/temp/_includes/table-compartmentdefinitions-xml.xhtml (29.0547sec)
Check Generate /Users/doug/Documents/cdl-master/generated_output/temp/_includes/list-compositions.xhtml (29.0548sec)
Check Generate /Users/doug/Documents/cdl-master/generated_output/temp/_includes/list-simple-compositions.xhtml (29.0549sec)
Check Generate /Users/doug/Documents/cdl-master/generated_output/temp/_includes/table-compositions.xhtml (29.0549sec)
Check Generate /Users/doug/Documents/cdl-master/generated_output/temp/_includes/list-compositions-json.xhtml (29.0550sec)
Check Generate /Users/doug/Documents/cdl-master/generated_output/temp/_includes/list-simple-compositions-json.xhtml (29.0551sec)
Check Generate /Users/doug/Documents/cdl-master/generated_output/temp/_includes/table-compositions-json.xhtml (29.0552sec)
Check Generate /Users/doug/Documents/cdl-master/generated_output/temp/_includes/list-compositions-xml.xhtml (29.0552sec)
Check Generate /Users/doug/Documents/cdl-master/generated_output/temp/_includes/list-simple-compositions-xml.xhtml (29.0553sec)
Check Generate /Users/doug/Documents/cdl-master/generated_output/temp/_includes/table-compositions-xml.xhtml (29.0554sec)
Check Generate /Users/doug/Documents/cdl-master/generated_output/temp/_includes/list-conceptmaps.xhtml (29.0555sec)
Check Generate /Users/doug/Documents/cdl-master/generated_output/temp/_includes/list-simple-conceptmaps.xhtml (29.0556sec)
Check Generate /Users/doug/Documents/cdl-master/generated_output/temp/_includes/table-conceptmaps.xhtml (29.0557sec)
Check Generate /Users/doug/Documents/cdl-master/generated_output/temp/_includes/list-conceptmaps-json.xhtml (29.0558sec)
Check Generate /Users/doug/Documents/cdl-master/generated_output/temp/_includes/list-simple-conceptmaps-json.xhtml (29.0558sec)
Check Generate /Users/doug/Documents/cdl-master/generated_output/temp/_includes/table-conceptmaps-json.xhtml (29.0559sec)
Check Generate /Users/doug/Documents/cdl-master/generated_output/temp/_includes/list-conceptmaps-xml.xhtml (29.0560sec)
Check Generate /Users/doug/Documents/cdl-master/generated_output/temp/_includes/list-simple-conceptmaps-xml.xhtml (29.0561sec)
Check Generate /Users/doug/Documents/cdl-master/generated_output/temp/_includes/table-conceptmaps-xml.xhtml (29.0562sec)
Check Generate /Users/doug/Documents/cdl-master/generated_output/temp/_includes/list-conditions.xhtml (29.0563sec)
Check Generate /Users/doug/Documents/cdl-master/generated_output/temp/_includes/list-simple-conditions.xhtml (29.0564sec)
Check Generate /Users/doug/Documents/cdl-master/generated_output/temp/_includes/table-conditions.xhtml (29.0565sec)
Check Generate /Users/doug/Documents/cdl-master/generated_output/temp/_includes/list-conditions-json.xhtml (29.0566sec)
Check Generate /Users/doug/Documents/cdl-master/generated_output/temp/_includes/list-simple-conditions-json.xhtml (29.0567sec)
Check Generate /Users/doug/Documents/cdl-master/generated_output/temp/_includes/table-conditions-json.xhtml (29.0568sec)
Check Generate /Users/doug/Documents/cdl-master/generated_output/temp/_includes/list-conditions-xml.xhtml (29.0568sec)
Check Generate /Users/doug/Documents/cdl-master/generated_output/temp/_includes/list-simple-conditions-xml.xhtml (29.0569sec)
Check Generate /Users/doug/Documents/cdl-master/generated_output/temp/_includes/table-conditions-xml.xhtml (29.0570sec)
Check Generate /Users/doug/Documents/cdl-master/generated_output/temp/_includes/list-consents.xhtml (29.0572sec)
Check Generate /Users/doug/Documents/cdl-master/generated_output/temp/_includes/list-simple-consents.xhtml (29.0573sec)
Check Generate /Users/doug/Documents/cdl-master/generated_output/temp/_includes/table-consents.xhtml (29.0574sec)
Check Generate /Users/doug/Documents/cdl-master/generated_output/temp/_includes/list-consents-json.xhtml (29.0575sec)
Check Generate /Users/doug/Documents/cdl-master/generated_output/temp/_includes/list-simple-consents-json.xhtml (29.0576sec)
Check Generate /Users/doug/Documents/cdl-master/generated_output/temp/_includes/table-consents-json.xhtml (29.0576sec)
Check Generate /Users/doug/Documents/cdl-master/generated_output/temp/_includes/list-consents-xml.xhtml (29.0577sec)
Check Generate /Users/doug/Documents/cdl-master/generated_output/temp/_includes/list-simple-consents-xml.xhtml (29.0578sec)
Check Generate /Users/doug/Documents/cdl-master/generated_output/temp/_includes/table-consents-xml.xhtml (29.0579sec)
Check Generate /Users/doug/Documents/cdl-master/generated_output/temp/_includes/list-contracts.xhtml (29.0580sec)
Check Generate /Users/doug/Documents/cdl-master/generated_output/temp/_includes/list-simple-contracts.xhtml (29.0581sec)
Check Generate /Users/doug/Documents/cdl-master/generated_output/temp/_includes/table-contracts.xhtml (29.0581sec)
Check Generate /Users/doug/Documents/cdl-master/generated_output/temp/_includes/list-contracts-json.xhtml (29.0582sec)
Check Generate /Users/doug/Documents/cdl-master/generated_output/temp/_includes/list-simple-contracts-json.xhtml (29.0583sec)
Check Generate /Users/doug/Documents/cdl-master/generated_output/temp/_includes/table-contracts-json.xhtml (29.0584sec)
Check Generate /Users/doug/Documents/cdl-master/generated_output/temp/_includes/list-contracts-xml.xhtml (29.0585sec)
Check Generate /Users/doug/Documents/cdl-master/generated_output/temp/_includes/list-simple-contracts-xml.xhtml (29.0586sec)
Check Generate /Users/doug/Documents/cdl-master/generated_output/temp/_includes/table-contracts-xml.xhtml (29.0587sec)
Check Generate /Users/doug/Documents/cdl-master/generated_output/temp/_includes/list-coverages.xhtml (29.0588sec)
Check Generate /Users/doug/Documents/cdl-master/generated_output/temp/_includes/list-simple-coverages.xhtml (29.0589sec)
Check Generate /Users/doug/Documents/cdl-master/generated_output/temp/_includes/table-coverages.xhtml (29.0590sec)
Check Generate /Users/doug/Documents/cdl-master/generated_output/temp/_includes/list-coverages-json.xhtml (29.0591sec)
Check Generate /Users/doug/Documents/cdl-master/generated_output/temp/_includes/list-simple-coverages-json.xhtml (29.0592sec)
Check Generate /Users/doug/Documents/cdl-master/generated_output/temp/_includes/table-coverages-json.xhtml (29.0593sec)
Check Generate /Users/doug/Documents/cdl-master/generated_output/temp/_includes/list-coverages-xml.xhtml (29.0594sec)
Check Generate /Users/doug/Documents/cdl-master/generated_output/temp/_includes/list-simple-coverages-xml.xhtml (29.0595sec)
Check Generate /Users/doug/Documents/cdl-master/generated_output/temp/_includes/table-coverages-xml.xhtml (29.0595sec)
Check Generate /Users/doug/Documents/cdl-master/generated_output/temp/_includes/list-coverageeligibilityrequests.xhtml (29.0596sec)
Check Generate /Users/doug/Documents/cdl-master/generated_output/temp/_includes/list-simple-coverageeligibilityrequests.xhtml (29.0597sec)
Check Generate /Users/doug/Documents/cdl-master/generated_output/temp/_includes/table-coverageeligibilityrequests.xhtml (29.0598sec)
Check Generate /Users/doug/Documents/cdl-master/generated_output/temp/_includes/list-coverageeligibilityrequests-json.xhtml (29.0598sec)
Check Generate /Users/doug/Documents/cdl-master/generated_output/temp/_includes/list-simple-coverageeligibilityrequests-json.xhtml (29.0600sec)
Check Generate /Users/doug/Documents/cdl-master/generated_output/temp/_includes/table-coverageeligibilityrequests-json.xhtml (29.0601sec)
Check Generate /Users/doug/Documents/cdl-master/generated_output/temp/_includes/list-coverageeligibilityrequests-xml.xhtml (29.0602sec)
Check Generate /Users/doug/Documents/cdl-master/generated_output/temp/_includes/list-simple-coverageeligibilityrequests-xml.xhtml (29.0603sec)
Check Generate /Users/doug/Documents/cdl-master/generated_output/temp/_includes/table-coverageeligibilityrequests-xml.xhtml (29.0604sec)
Check Generate /Users/doug/Documents/cdl-master/generated_output/temp/_includes/list-coverageeligibilityresponses.xhtml (29.0605sec)
Check Generate /Users/doug/Documents/cdl-master/generated_output/temp/_includes/list-simple-coverageeligibilityresponses.xhtml (29.0606sec)
Check Generate /Users/doug/Documents/cdl-master/generated_output/temp/_includes/table-coverageeligibilityresponses.xhtml (29.0607sec)
Check Generate /Users/doug/Documents/cdl-master/generated_output/temp/_includes/list-coverageeligibilityresponses-json.xhtml (29.0608sec)
Check Generate /Users/doug/Documents/cdl-master/generated_output/temp/_includes/list-simple-coverageeligibilityresponses-json.xhtml (29.0609sec)
Check Generate /Users/doug/Documents/cdl-master/generated_output/temp/_includes/table-coverageeligibilityresponses-json.xhtml (29.0610sec)
Check Generate /Users/doug/Documents/cdl-master/generated_output/temp/_includes/list-coverageeligibilityresponses-xml.xhtml (29.0611sec)
Check Generate /Users/doug/Documents/cdl-master/generated_output/temp/_includes/list-simple-coverageeligibilityresponses-xml.xhtml (29.0612sec)
Check Generate /Users/doug/Documents/cdl-master/generated_output/temp/_includes/table-coverageeligibilityresponses-xml.xhtml (29.0613sec)
Check Generate /Users/doug/Documents/cdl-master/generated_output/temp/_includes/list-detectedissues.xhtml (29.0613sec)
Check Generate /Users/doug/Documents/cdl-master/generated_output/temp/_includes/list-simple-detectedissues.xhtml (29.0614sec)
Check Generate /Users/doug/Documents/cdl-master/generated_output/temp/_includes/table-detectedissues.xhtml (29.0615sec)
Check Generate /Users/doug/Documents/cdl-master/generated_output/temp/_includes/list-detectedissues-json.xhtml (29.0616sec)
Check Generate /Users/doug/Documents/cdl-master/generated_output/temp/_includes/list-simple-detectedissues-json.xhtml (29.0617sec)
Check Generate /Users/doug/Documents/cdl-master/generated_output/temp/_includes/table-detectedissues-json.xhtml (29.0618sec)
Check Generate /Users/doug/Documents/cdl-master/generated_output/temp/_includes/list-detectedissues-xml.xhtml (29.0620sec)
Check Generate /Users/doug/Documents/cdl-master/generated_output/temp/_includes/list-simple-detectedissues-xml.xhtml (29.0621sec)
Check Generate /Users/doug/Documents/cdl-master/generated_output/temp/_includes/table-detectedissues-xml.xhtml (29.0621sec)
Check Generate /Users/doug/Documents/cdl-master/generated_output/temp/_includes/list-devices.xhtml (29.0622sec)
Check Generate /Users/doug/Documents/cdl-master/generated_output/temp/_includes/list-simple-devices.xhtml (29.0623sec)
Check Generate /Users/doug/Documents/cdl-master/generated_output/temp/_includes/table-devices.xhtml (29.0624sec)
Check Generate /Users/doug/Documents/cdl-master/generated_output/temp/_includes/list-devices-json.xhtml (29.0625sec)
Check Generate /Users/doug/Documents/cdl-master/generated_output/temp/_includes/list-simple-devices-json.xhtml (29.0626sec)
Check Generate /Users/doug/Documents/cdl-master/generated_output/temp/_includes/table-devices-json.xhtml (29.0627sec)
Check Generate /Users/doug/Documents/cdl-master/generated_output/temp/_includes/list-devices-xml.xhtml (29.0628sec)
Check Generate /Users/doug/Documents/cdl-master/generated_output/temp/_includes/list-simple-devices-xml.xhtml (29.0629sec)
Check Generate /Users/doug/Documents/cdl-master/generated_output/temp/_includes/table-devices-xml.xhtml (29.0630sec)
Check Generate /Users/doug/Documents/cdl-master/generated_output/temp/_includes/list-devicedefinitions.xhtml (29.0631sec)
Check Generate /Users/doug/Documents/cdl-master/generated_output/temp/_includes/list-simple-devicedefinitions.xhtml (29.0632sec)
Check Generate /Users/doug/Documents/cdl-master/generated_output/temp/_includes/table-devicedefinitions.xhtml (29.0632sec)
Check Generate /Users/doug/Documents/cdl-master/generated_output/temp/_includes/list-devicedefinitions-json.xhtml (29.0633sec)
Check Generate /Users/doug/Documents/cdl-master/generated_output/temp/_includes/list-simple-devicedefinitions-json.xhtml (29.0634sec)
Check Generate /Users/doug/Documents/cdl-master/generated_output/temp/_includes/table-devicedefinitions-json.xhtml (29.0635sec)
Check Generate /Users/doug/Documents/cdl-master/generated_output/temp/_includes/list-devicedefinitions-xml.xhtml (29.0635sec)
Check Generate /Users/doug/Documents/cdl-master/generated_output/temp/_includes/list-simple-devicedefinitions-xml.xhtml (29.0636sec)
Check Generate /Users/doug/Documents/cdl-master/generated_output/temp/_includes/table-devicedefinitions-xml.xhtml (29.0637sec)
Check Generate /Users/doug/Documents/cdl-master/generated_output/temp/_includes/list-devicemetrics.xhtml (29.0637sec)
Check Generate /Users/doug/Documents/cdl-master/generated_output/temp/_includes/list-simple-devicemetrics.xhtml (29.0638sec)
Check Generate /Users/doug/Documents/cdl-master/generated_output/temp/_includes/table-devicemetrics.xhtml (29.0639sec)
Check Generate /Users/doug/Documents/cdl-master/generated_output/temp/_includes/list-devicemetrics-json.xhtml (29.0639sec)
Check Generate /Users/doug/Documents/cdl-master/generated_output/temp/_includes/list-simple-devicemetrics-json.xhtml (29.0640sec)
Check Generate /Users/doug/Documents/cdl-master/generated_output/temp/_includes/table-devicemetrics-json.xhtml (29.0640sec)
Check Generate /Users/doug/Documents/cdl-master/generated_output/temp/_includes/list-devicemetrics-xml.xhtml (29.0641sec)
Check Generate /Users/doug/Documents/cdl-master/generated_output/temp/_includes/list-simple-devicemetrics-xml.xhtml (29.0642sec)
Check Generate /Users/doug/Documents/cdl-master/generated_output/temp/_includes/table-devicemetrics-xml.xhtml (29.0643sec)
Check Generate /Users/doug/Documents/cdl-master/generated_output/temp/_includes/list-devicerequests.xhtml (29.0644sec)
Check Generate /Users/doug/Documents/cdl-master/generated_output/temp/_includes/list-simple-devicerequests.xhtml (29.0645sec)
Check Generate /Users/doug/Documents/cdl-master/generated_output/temp/_includes/table-devicerequests.xhtml (29.0645sec)
Check Generate /Users/doug/Documents/cdl-master/generated_output/temp/_includes/list-devicerequests-json.xhtml (29.0646sec)
Check Generate /Users/doug/Documents/cdl-master/generated_output/temp/_includes/list-simple-devicerequests-json.xhtml (29.0647sec)
Check Generate /Users/doug/Documents/cdl-master/generated_output/temp/_includes/table-devicerequests-json.xhtml (29.0648sec)
Check Generate /Users/doug/Documents/cdl-master/generated_output/temp/_includes/list-devicerequests-xml.xhtml (29.0648sec)
Check Generate /Users/doug/Documents/cdl-master/generated_output/temp/_includes/list-simple-devicerequests-xml.xhtml (29.0649sec)
Check Generate /Users/doug/Documents/cdl-master/generated_output/temp/_includes/table-devicerequests-xml.xhtml (29.0650sec)
Check Generate /Users/doug/Documents/cdl-master/generated_output/temp/_includes/list-deviceusestatements.xhtml (29.0650sec)
Check Generate /Users/doug/Documents/cdl-master/generated_output/temp/_includes/list-simple-deviceusestatements.xhtml (29.0651sec)
Check Generate /Users/doug/Documents/cdl-master/generated_output/temp/_includes/table-deviceusestatements.xhtml (29.0651sec)
Check Generate /Users/doug/Documents/cdl-master/generated_output/temp/_includes/list-deviceusestatements-json.xhtml (29.0652sec)
Check Generate /Users/doug/Documents/cdl-master/generated_output/temp/_includes/list-simple-deviceusestatements-json.xhtml (29.0653sec)
Check Generate /Users/doug/Documents/cdl-master/generated_output/temp/_includes/table-deviceusestatements-json.xhtml (29.0653sec)
Check Generate /Users/doug/Documents/cdl-master/generated_output/temp/_includes/list-deviceusestatements-xml.xhtml (29.0654sec)
Check Generate /Users/doug/Documents/cdl-master/generated_output/temp/_includes/list-simple-deviceusestatements-xml.xhtml (29.0655sec)
Check Generate /Users/doug/Documents/cdl-master/generated_output/temp/_includes/table-deviceusestatements-xml.xhtml (29.0655sec)
Check Generate /Users/doug/Documents/cdl-master/generated_output/temp/_includes/list-diagnosticreports.xhtml (29.0656sec)
Check Generate /Users/doug/Documents/cdl-master/generated_output/temp/_includes/list-simple-diagnosticreports.xhtml (29.0657sec)
Check Generate /Users/doug/Documents/cdl-master/generated_output/temp/_includes/table-diagnosticreports.xhtml (29.0658sec)
Check Generate /Users/doug/Documents/cdl-master/generated_output/temp/_includes/list-diagnosticreports-json.xhtml (29.0658sec)
Check Generate /Users/doug/Documents/cdl-master/generated_output/temp/_includes/list-simple-diagnosticreports-json.xhtml (29.0659sec)
Check Generate /Users/doug/Documents/cdl-master/generated_output/temp/_includes/table-diagnosticreports-json.xhtml (29.0660sec)
Check Generate /Users/doug/Documents/cdl-master/generated_output/temp/_includes/list-diagnosticreports-xml.xhtml (29.0660sec)
Check Generate /Users/doug/Documents/cdl-master/generated_output/temp/_includes/list-simple-diagnosticreports-xml.xhtml (29.0661sec)
Check Generate /Users/doug/Documents/cdl-master/generated_output/temp/_includes/table-diagnosticreports-xml.xhtml (29.0662sec)
Check Generate /Users/doug/Documents/cdl-master/generated_output/temp/_includes/list-documentmanifests.xhtml (29.0662sec)
Check Generate /Users/doug/Documents/cdl-master/generated_output/temp/_includes/list-simple-documentmanifests.xhtml (29.0663sec)
Check Generate /Users/doug/Documents/cdl-master/generated_output/temp/_includes/table-documentmanifests.xhtml (29.0664sec)
Check Generate /Users/doug/Documents/cdl-master/generated_output/temp/_includes/list-documentmanifests-json.xhtml (29.0666sec)
Check Generate /Users/doug/Documents/cdl-master/generated_output/temp/_includes/list-simple-documentmanifests-json.xhtml (29.0668sec)
Check Generate /Users/doug/Documents/cdl-master/generated_output/temp/_includes/table-documentmanifests-json.xhtml (29.0669sec)
Check Generate /Users/doug/Documents/cdl-master/generated_output/temp/_includes/list-documentmanifests-xml.xhtml (29.0670sec)
Check Generate /Users/doug/Documents/cdl-master/generated_output/temp/_includes/list-simple-documentmanifests-xml.xhtml (29.0671sec)
Check Generate /Users/doug/Documents/cdl-master/generated_output/temp/_includes/table-documentmanifests-xml.xhtml (29.0672sec)
Check Generate /Users/doug/Documents/cdl-master/generated_output/temp/_includes/list-documentreferences.xhtml (29.0673sec)
Check Generate /Users/doug/Documents/cdl-master/generated_output/temp/_includes/list-simple-documentreferences.xhtml (29.0674sec)
Check Generate /Users/doug/Documents/cdl-master/generated_output/temp/_includes/table-documentreferences.xhtml (29.0675sec)
Check Generate /Users/doug/Documents/cdl-master/generated_output/temp/_includes/list-documentreferences-json.xhtml (29.0676sec)
Check Generate /Users/doug/Documents/cdl-master/generated_output/temp/_includes/list-simple-documentreferences-json.xhtml (29.0676sec)
Check Generate /Users/doug/Documents/cdl-master/generated_output/temp/_includes/table-documentreferences-json.xhtml (29.0677sec)
Check Generate /Users/doug/Documents/cdl-master/generated_output/temp/_includes/list-documentreferences-xml.xhtml (29.0678sec)
Check Generate /Users/doug/Documents/cdl-master/generated_output/temp/_includes/list-simple-documentreferences-xml.xhtml (29.0679sec)
Check Generate /Users/doug/Documents/cdl-master/generated_output/temp/_includes/table-documentreferences-xml.xhtml (29.0680sec)
Check Generate /Users/doug/Documents/cdl-master/generated_output/temp/_includes/list-effectevidencesyntheses.xhtml (29.0681sec)
Check Generate /Users/doug/Documents/cdl-master/generated_output/temp/_includes/list-simple-effectevidencesyntheses.xhtml (29.0682sec)
Check Generate /Users/doug/Documents/cdl-master/generated_output/temp/_includes/table-effectevidencesyntheses.xhtml (29.0683sec)
Check Generate /Users/doug/Documents/cdl-master/generated_output/temp/_includes/list-effectevidencesyntheses-json.xhtml (29.0684sec)
Check Generate /Users/doug/Documents/cdl-master/generated_output/temp/_includes/list-simple-effectevidencesyntheses-json.xhtml (29.0685sec)
Check Generate /Users/doug/Documents/cdl-master/generated_output/temp/_includes/table-effectevidencesyntheses-json.xhtml (29.0686sec)
Check Generate /Users/doug/Documents/cdl-master/generated_output/temp/_includes/list-effectevidencesyntheses-xml.xhtml (29.0687sec)
Check Generate /Users/doug/Documents/cdl-master/generated_output/temp/_includes/list-simple-effectevidencesyntheses-xml.xhtml (29.0688sec)
Check Generate /Users/doug/Documents/cdl-master/generated_output/temp/_includes/table-effectevidencesyntheses-xml.xhtml (29.0689sec)
Check Generate /Users/doug/Documents/cdl-master/generated_output/temp/_includes/list-encounters.xhtml (29.0689sec)
Check Generate /Users/doug/Documents/cdl-master/generated_output/temp/_includes/list-simple-encounters.xhtml (29.0690sec)
Check Generate /Users/doug/Documents/cdl-master/generated_output/temp/_includes/table-encounters.xhtml (29.0691sec)
Check Generate /Users/doug/Documents/cdl-master/generated_output/temp/_includes/list-encounters-json.xhtml (29.0692sec)
Check Generate /Users/doug/Documents/cdl-master/generated_output/temp/_includes/list-simple-encounters-json.xhtml (29.0693sec)
Check Generate /Users/doug/Documents/cdl-master/generated_output/temp/_includes/table-encounters-json.xhtml (29.0694sec)
Check Generate /Users/doug/Documents/cdl-master/generated_output/temp/_includes/list-encounters-xml.xhtml (29.0694sec)
Check Generate /Users/doug/Documents/cdl-master/generated_output/temp/_includes/list-simple-encounters-xml.xhtml (29.0695sec)
Check Generate /Users/doug/Documents/cdl-master/generated_output/temp/_includes/table-encounters-xml.xhtml (29.0696sec)
Check Generate /Users/doug/Documents/cdl-master/generated_output/temp/_includes/list-endpoints.xhtml (29.0697sec)
Check Generate /Users/doug/Documents/cdl-master/generated_output/temp/_includes/list-simple-endpoints.xhtml (29.0697sec)
Check Generate /Users/doug/Documents/cdl-master/generated_output/temp/_includes/table-endpoints.xhtml (29.0698sec)
Check Generate /Users/doug/Documents/cdl-master/generated_output/temp/_includes/list-endpoints-json.xhtml (29.0699sec)
Check Generate /Users/doug/Documents/cdl-master/generated_output/temp/_includes/list-simple-endpoints-json.xhtml (29.0699sec)
Check Generate /Users/doug/Documents/cdl-master/generated_output/temp/_includes/table-endpoints-json.xhtml (29.0700sec)
Check Generate /Users/doug/Documents/cdl-master/generated_output/temp/_includes/list-endpoints-xml.xhtml (29.0701sec)
Check Generate /Users/doug/Documents/cdl-master/generated_output/temp/_includes/list-simple-endpoints-xml.xhtml (29.0701sec)
Check Generate /Users/doug/Documents/cdl-master/generated_output/temp/_includes/table-endpoints-xml.xhtml (29.0702sec)
Check Generate /Users/doug/Documents/cdl-master/generated_output/temp/_includes/list-enrollmentrequests.xhtml (29.0703sec)
Check Generate /Users/doug/Documents/cdl-master/generated_output/temp/_includes/list-simple-enrollmentrequests.xhtml (29.0703sec)
Check Generate /Users/doug/Documents/cdl-master/generated_output/temp/_includes/table-enrollmentrequests.xhtml (29.0704sec)
Check Generate /Users/doug/Documents/cdl-master/generated_output/temp/_includes/list-enrollmentrequests-json.xhtml (29.0705sec)
Check Generate /Users/doug/Documents/cdl-master/generated_output/temp/_includes/list-simple-enrollmentrequests-json.xhtml (29.0706sec)
Check Generate /Users/doug/Documents/cdl-master/generated_output/temp/_includes/table-enrollmentrequests-json.xhtml (29.0706sec)
Check Generate /Users/doug/Documents/cdl-master/generated_output/temp/_includes/list-enrollmentrequests-xml.xhtml (29.0707sec)
Check Generate /Users/doug/Documents/cdl-master/generated_output/temp/_includes/list-simple-enrollmentrequests-xml.xhtml (29.0708sec)
Check Generate /Users/doug/Documents/cdl-master/generated_output/temp/_includes/table-enrollmentrequests-xml.xhtml (29.0709sec)
Check Generate /Users/doug/Documents/cdl-master/generated_output/temp/_includes/list-enrollmentresponses.xhtml (29.0709sec)
Check Generate /Users/doug/Documents/cdl-master/generated_output/temp/_includes/list-simple-enrollmentresponses.xhtml (29.0710sec)
Check Generate /Users/doug/Documents/cdl-master/generated_output/temp/_includes/table-enrollmentresponses.xhtml (29.0711sec)
Check Generate /Users/doug/Documents/cdl-master/generated_output/temp/_includes/list-enrollmentresponses-json.xhtml (29.0711sec)
Check Generate /Users/doug/Documents/cdl-master/generated_output/temp/_includes/list-simple-enrollmentresponses-json.xhtml (29.0712sec)
Check Generate /Users/doug/Documents/cdl-master/generated_output/temp/_includes/table-enrollmentresponses-json.xhtml (29.0713sec)
Check Generate /Users/doug/Documents/cdl-master/generated_output/temp/_includes/list-enrollmentresponses-xml.xhtml (29.0713sec)
Check Generate /Users/doug/Documents/cdl-master/generated_output/temp/_includes/list-simple-enrollmentresponses-xml.xhtml (29.0714sec)
Check Generate /Users/doug/Documents/cdl-master/generated_output/temp/_includes/table-enrollmentresponses-xml.xhtml (29.0715sec)
Check Generate /Users/doug/Documents/cdl-master/generated_output/temp/_includes/list-episodeofcares.xhtml (29.0716sec)
Check Generate /Users/doug/Documents/cdl-master/generated_output/temp/_includes/list-simple-episodeofcares.xhtml (29.0717sec)
Check Generate /Users/doug/Documents/cdl-master/generated_output/temp/_includes/table-episodeofcares.xhtml (29.0717sec)
Check Generate /Users/doug/Documents/cdl-master/generated_output/temp/_includes/list-episodeofcares-json.xhtml (29.0719sec)
Check Generate /Users/doug/Documents/cdl-master/generated_output/temp/_includes/list-simple-episodeofcares-json.xhtml (29.0719sec)
Check Generate /Users/doug/Documents/cdl-master/generated_output/temp/_includes/table-episodeofcares-json.xhtml (29.0720sec)
Check Generate /Users/doug/Documents/cdl-master/generated_output/temp/_includes/list-episodeofcares-xml.xhtml (29.0720sec)
Check Generate /Users/doug/Documents/cdl-master/generated_output/temp/_includes/list-simple-episodeofcares-xml.xhtml (29.0721sec)
Check Generate /Users/doug/Documents/cdl-master/generated_output/temp/_includes/table-episodeofcares-xml.xhtml (29.0722sec)
Check Generate /Users/doug/Documents/cdl-master/generated_output/temp/_includes/list-eventdefinitions.xhtml (29.0722sec)
Check Generate /Users/doug/Documents/cdl-master/generated_output/temp/_includes/list-simple-eventdefinitions.xhtml (29.0723sec)
Check Generate /Users/doug/Documents/cdl-master/generated_output/temp/_includes/table-eventdefinitions.xhtml (29.0724sec)
Check Generate /Users/doug/Documents/cdl-master/generated_output/temp/_includes/list-eventdefinitions-json.xhtml (29.0724sec)
Check Generate /Users/doug/Documents/cdl-master/generated_output/temp/_includes/list-simple-eventdefinitions-json.xhtml (29.0725sec)
Check Generate /Users/doug/Documents/cdl-master/generated_output/temp/_includes/table-eventdefinitions-json.xhtml (29.0725sec)
Check Generate /Users/doug/Documents/cdl-master/generated_output/temp/_includes/list-eventdefinitions-xml.xhtml (29.0726sec)
Check Generate /Users/doug/Documents/cdl-master/generated_output/temp/_includes/list-simple-eventdefinitions-xml.xhtml (29.0726sec)
Check Generate /Users/doug/Documents/cdl-master/generated_output/temp/_includes/table-eventdefinitions-xml.xhtml (29.0727sec)
Check Generate /Users/doug/Documents/cdl-master/generated_output/temp/_includes/list-evidences.xhtml (29.0728sec)
Check Generate /Users/doug/Documents/cdl-master/generated_output/temp/_includes/list-simple-evidences.xhtml (29.0728sec)
Check Generate /Users/doug/Documents/cdl-master/generated_output/temp/_includes/table-evidences.xhtml (29.0729sec)
Check Generate /Users/doug/Documents/cdl-master/generated_output/temp/_includes/list-evidences-json.xhtml (29.0730sec)
Check Generate /Users/doug/Documents/cdl-master/generated_output/temp/_includes/list-simple-evidences-json.xhtml (29.0730sec)
Check Generate /Users/doug/Documents/cdl-master/generated_output/temp/_includes/table-evidences-json.xhtml (29.0731sec)
Check Generate /Users/doug/Documents/cdl-master/generated_output/temp/_includes/list-evidences-xml.xhtml (29.0731sec)
Check Generate /Users/doug/Documents/cdl-master/generated_output/temp/_includes/list-simple-evidences-xml.xhtml (29.0732sec)
Check Generate /Users/doug/Documents/cdl-master/generated_output/temp/_includes/table-evidences-xml.xhtml (29.0733sec)
Check Generate /Users/doug/Documents/cdl-master/generated_output/temp/_includes/list-evidencevariables.xhtml (29.0733sec)
Check Generate /Users/doug/Documents/cdl-master/generated_output/temp/_includes/list-simple-evidencevariables.xhtml (29.0734sec)
Check Generate /Users/doug/Documents/cdl-master/generated_output/temp/_includes/table-evidencevariables.xhtml (29.0735sec)
Check Generate /Users/doug/Documents/cdl-master/generated_output/temp/_includes/list-evidencevariables-json.xhtml (29.0735sec)
Check Generate /Users/doug/Documents/cdl-master/generated_output/temp/_includes/list-simple-evidencevariables-json.xhtml (29.0736sec)
Check Generate /Users/doug/Documents/cdl-master/generated_output/temp/_includes/table-evidencevariables-json.xhtml (29.0737sec)
Check Generate /Users/doug/Documents/cdl-master/generated_output/temp/_includes/list-evidencevariables-xml.xhtml (29.0737sec)
Check Generate /Users/doug/Documents/cdl-master/generated_output/temp/_includes/list-simple-evidencevariables-xml.xhtml (29.0738sec)
Check Generate /Users/doug/Documents/cdl-master/generated_output/temp/_includes/table-evidencevariables-xml.xhtml (29.0738sec)
Check Generate /Users/doug/Documents/cdl-master/generated_output/temp/_includes/list-examplescenarios.xhtml (29.0739sec)
Check Generate /Users/doug/Documents/cdl-master/generated_output/temp/_includes/list-simple-examplescenarios.xhtml (29.0740sec)
Check Generate /Users/doug/Documents/cdl-master/generated_output/temp/_includes/table-examplescenarios.xhtml (29.0741sec)
Check Generate /Users/doug/Documents/cdl-master/generated_output/temp/_includes/list-examplescenarios-json.xhtml (29.0742sec)
Check Generate /Users/doug/Documents/cdl-master/generated_output/temp/_includes/list-simple-examplescenarios-json.xhtml (29.0743sec)
Check Generate /Users/doug/Documents/cdl-master/generated_output/temp/_includes/table-examplescenarios-json.xhtml (29.0743sec)
Check Generate /Users/doug/Documents/cdl-master/generated_output/temp/_includes/list-examplescenarios-xml.xhtml (29.0744sec)
Check Generate /Users/doug/Documents/cdl-master/generated_output/temp/_includes/list-simple-examplescenarios-xml.xhtml (29.0745sec)
Check Generate /Users/doug/Documents/cdl-master/generated_output/temp/_includes/table-examplescenarios-xml.xhtml (29.0746sec)
Check Generate /Users/doug/Documents/cdl-master/generated_output/temp/_includes/list-explanationofbenefits.xhtml (29.0746sec)
Check Generate /Users/doug/Documents/cdl-master/generated_output/temp/_includes/list-simple-explanationofbenefits.xhtml (29.0747sec)
Check Generate /Users/doug/Documents/cdl-master/generated_output/temp/_includes/table-explanationofbenefits.xhtml (29.0748sec)
Check Generate /Users/doug/Documents/cdl-master/generated_output/temp/_includes/list-explanationofbenefits-json.xhtml (29.0748sec)
Check Generate /Users/doug/Documents/cdl-master/generated_output/temp/_includes/list-simple-explanationofbenefits-json.xhtml (29.0749sec)
Check Generate /Users/doug/Documents/cdl-master/generated_output/temp/_includes/table-explanationofbenefits-json.xhtml (29.0750sec)
Check Generate /Users/doug/Documents/cdl-master/generated_output/temp/_includes/list-explanationofbenefits-xml.xhtml (29.0750sec)
Check Generate /Users/doug/Documents/cdl-master/generated_output/temp/_includes/list-simple-explanationofbenefits-xml.xhtml (29.0751sec)
Check Generate /Users/doug/Documents/cdl-master/generated_output/temp/_includes/table-explanationofbenefits-xml.xhtml (29.0752sec)
Check Generate /Users/doug/Documents/cdl-master/generated_output/temp/_includes/list-familymemberhistories.xhtml (29.0753sec)
Check Generate /Users/doug/Documents/cdl-master/generated_output/temp/_includes/list-simple-familymemberhistories.xhtml (29.0753sec)
Check Generate /Users/doug/Documents/cdl-master/generated_output/temp/_includes/table-familymemberhistories.xhtml (29.0754sec)
Check Generate /Users/doug/Documents/cdl-master/generated_output/temp/_includes/list-familymemberhistories-json.xhtml (29.0755sec)
Check Generate /Users/doug/Documents/cdl-master/generated_output/temp/_includes/list-simple-familymemberhistories-json.xhtml (29.0756sec)
Check Generate /Users/doug/Documents/cdl-master/generated_output/temp/_includes/table-familymemberhistories-json.xhtml (29.0756sec)
Check Generate /Users/doug/Documents/cdl-master/generated_output/temp/_includes/list-familymemberhistories-xml.xhtml (29.0757sec)
Check Generate /Users/doug/Documents/cdl-master/generated_output/temp/_includes/list-simple-familymemberhistories-xml.xhtml (29.0757sec)
Check Generate /Users/doug/Documents/cdl-master/generated_output/temp/_includes/table-familymemberhistories-xml.xhtml (29.0758sec)
Check Generate /Users/doug/Documents/cdl-master/generated_output/temp/_includes/list-flags.xhtml (29.0758sec)
Check Generate /Users/doug/Documents/cdl-master/generated_output/temp/_includes/list-simple-flags.xhtml (29.0759sec)
Check Generate /Users/doug/Documents/cdl-master/generated_output/temp/_includes/table-flags.xhtml (29.0760sec)
Check Generate /Users/doug/Documents/cdl-master/generated_output/temp/_includes/list-flags-json.xhtml (29.0760sec)
Check Generate /Users/doug/Documents/cdl-master/generated_output/temp/_includes/list-simple-flags-json.xhtml (29.0761sec)
Check Generate /Users/doug/Documents/cdl-master/generated_output/temp/_includes/table-flags-json.xhtml (29.0762sec)
Check Generate /Users/doug/Documents/cdl-master/generated_output/temp/_includes/list-flags-xml.xhtml (29.0762sec)
Check Generate /Users/doug/Documents/cdl-master/generated_output/temp/_includes/list-simple-flags-xml.xhtml (29.0763sec)
Check Generate /Users/doug/Documents/cdl-master/generated_output/temp/_includes/table-flags-xml.xhtml (29.0764sec)
Check Generate /Users/doug/Documents/cdl-master/generated_output/temp/_includes/list-goals.xhtml (29.0764sec)
Check Generate /Users/doug/Documents/cdl-master/generated_output/temp/_includes/list-simple-goals.xhtml (29.0765sec)
Check Generate /Users/doug/Documents/cdl-master/generated_output/temp/_includes/table-goals.xhtml (29.0766sec)
Check Generate /Users/doug/Documents/cdl-master/generated_output/temp/_includes/list-goals-json.xhtml (29.0766sec)
Check Generate /Users/doug/Documents/cdl-master/generated_output/temp/_includes/list-simple-goals-json.xhtml (29.0767sec)
Check Generate /Users/doug/Documents/cdl-master/generated_output/temp/_includes/table-goals-json.xhtml (29.0768sec)
Check Generate /Users/doug/Documents/cdl-master/generated_output/temp/_includes/list-goals-xml.xhtml (29.0769sec)
Check Generate /Users/doug/Documents/cdl-master/generated_output/temp/_includes/list-simple-goals-xml.xhtml (29.0769sec)
Check Generate /Users/doug/Documents/cdl-master/generated_output/temp/_includes/table-goals-xml.xhtml (29.0770sec)
Check Generate /Users/doug/Documents/cdl-master/generated_output/temp/_includes/list-graphdefinitions.xhtml (29.0770sec)
Check Generate /Users/doug/Documents/cdl-master/generated_output/temp/_includes/list-simple-graphdefinitions.xhtml (29.0771sec)
Check Generate /Users/doug/Documents/cdl-master/generated_output/temp/_includes/table-graphdefinitions.xhtml (29.0772sec)
Check Generate /Users/doug/Documents/cdl-master/generated_output/temp/_includes/list-graphdefinitions-json.xhtml (29.0773sec)
Check Generate /Users/doug/Documents/cdl-master/generated_output/temp/_includes/list-simple-graphdefinitions-json.xhtml (29.0774sec)
Check Generate /Users/doug/Documents/cdl-master/generated_output/temp/_includes/table-graphdefinitions-json.xhtml (29.0774sec)
Check Generate /Users/doug/Documents/cdl-master/generated_output/temp/_includes/list-graphdefinitions-xml.xhtml (29.0776sec)
Check Generate /Users/doug/Documents/cdl-master/generated_output/temp/_includes/list-simple-graphdefinitions-xml.xhtml (29.0777sec)
Check Generate /Users/doug/Documents/cdl-master/generated_output/temp/_includes/table-graphdefinitions-xml.xhtml (29.0777sec)
Check Generate /Users/doug/Documents/cdl-master/generated_output/temp/_includes/list-groups.xhtml (29.0778sec)
Check Generate /Users/doug/Documents/cdl-master/generated_output/temp/_includes/list-simple-groups.xhtml (29.0779sec)
Check Generate /Users/doug/Documents/cdl-master/generated_output/temp/_includes/table-groups.xhtml (29.0780sec)
Check Generate /Users/doug/Documents/cdl-master/generated_output/temp/_includes/list-groups-json.xhtml (29.0780sec)
Check Generate /Users/doug/Documents/cdl-master/generated_output/temp/_includes/list-simple-groups-json.xhtml (29.0781sec)
Check Generate /Users/doug/Documents/cdl-master/generated_output/temp/_includes/table-groups-json.xhtml (29.0782sec)
Check Generate /Users/doug/Documents/cdl-master/generated_output/temp/_includes/list-groups-xml.xhtml (29.0782sec)
Check Generate /Users/doug/Documents/cdl-master/generated_output/temp/_includes/list-simple-groups-xml.xhtml (29.0783sec)
Check Generate /Users/doug/Documents/cdl-master/generated_output/temp/_includes/table-groups-xml.xhtml (29.0784sec)
Check Generate /Users/doug/Documents/cdl-master/generated_output/temp/_includes/list-guidanceresponses.xhtml (29.0785sec)
Check Generate /Users/doug/Documents/cdl-master/generated_output/temp/_includes/list-simple-guidanceresponses.xhtml (29.0785sec)
Check Generate /Users/doug/Documents/cdl-master/generated_output/temp/_includes/table-guidanceresponses.xhtml (29.0786sec)
Check Generate /Users/doug/Documents/cdl-master/generated_output/temp/_includes/list-guidanceresponses-json.xhtml (29.0786sec)
Check Generate /Users/doug/Documents/cdl-master/generated_output/temp/_includes/list-simple-guidanceresponses-json.xhtml (29.0787sec)
Check Generate /Users/doug/Documents/cdl-master/generated_output/temp/_includes/table-guidanceresponses-json.xhtml (29.0787sec)
Check Generate /Users/doug/Documents/cdl-master/generated_output/temp/_includes/list-guidanceresponses-xml.xhtml (29.0788sec)
Check Generate /Users/doug/Documents/cdl-master/generated_output/temp/_includes/list-simple-guidanceresponses-xml.xhtml (29.0789sec)
Check Generate /Users/doug/Documents/cdl-master/generated_output/temp/_includes/table-guidanceresponses-xml.xhtml (29.0789sec)
Check Generate /Users/doug/Documents/cdl-master/generated_output/temp/_includes/list-healthcareservices.xhtml (29.0790sec)
Check Generate /Users/doug/Documents/cdl-master/generated_output/temp/_includes/list-simple-healthcareservices.xhtml (29.0790sec)
Check Generate /Users/doug/Documents/cdl-master/generated_output/temp/_includes/table-healthcareservices.xhtml (29.0791sec)
Check Generate /Users/doug/Documents/cdl-master/generated_output/temp/_includes/list-healthcareservices-json.xhtml (29.0791sec)
Check Generate /Users/doug/Documents/cdl-master/generated_output/temp/_includes/list-simple-healthcareservices-json.xhtml (29.0792sec)
Check Generate /Users/doug/Documents/cdl-master/generated_output/temp/_includes/table-healthcareservices-json.xhtml (29.0792sec)
Check Generate /Users/doug/Documents/cdl-master/generated_output/temp/_includes/list-healthcareservices-xml.xhtml (29.0793sec)
Check Generate /Users/doug/Documents/cdl-master/generated_output/temp/_includes/list-simple-healthcareservices-xml.xhtml (29.0793sec)
Check Generate /Users/doug/Documents/cdl-master/generated_output/temp/_includes/table-healthcareservices-xml.xhtml (29.0794sec)
Check Generate /Users/doug/Documents/cdl-master/generated_output/temp/_includes/list-imagingstudies.xhtml (29.0794sec)
Check Generate /Users/doug/Documents/cdl-master/generated_output/temp/_includes/list-simple-imagingstudies.xhtml (29.0795sec)
Check Generate /Users/doug/Documents/cdl-master/generated_output/temp/_includes/table-imagingstudies.xhtml (29.0796sec)
Check Generate /Users/doug/Documents/cdl-master/generated_output/temp/_includes/list-imagingstudies-json.xhtml (29.0796sec)
Check Generate /Users/doug/Documents/cdl-master/generated_output/temp/_includes/list-simple-imagingstudies-json.xhtml (29.0797sec)
Check Generate /Users/doug/Documents/cdl-master/generated_output/temp/_includes/table-imagingstudies-json.xhtml (29.0797sec)
Check Generate /Users/doug/Documents/cdl-master/generated_output/temp/_includes/list-imagingstudies-xml.xhtml (29.0798sec)
Check Generate /Users/doug/Documents/cdl-master/generated_output/temp/_includes/list-simple-imagingstudies-xml.xhtml (29.0798sec)
Check Generate /Users/doug/Documents/cdl-master/generated_output/temp/_includes/table-imagingstudies-xml.xhtml (29.0799sec)
Check Generate /Users/doug/Documents/cdl-master/generated_output/temp/_includes/list-immunizations.xhtml (29.0800sec)
Check Generate /Users/doug/Documents/cdl-master/generated_output/temp/_includes/list-simple-immunizations.xhtml (29.0800sec)
Check Generate /Users/doug/Documents/cdl-master/generated_output/temp/_includes/table-immunizations.xhtml (29.0801sec)
Check Generate /Users/doug/Documents/cdl-master/generated_output/temp/_includes/list-immunizations-json.xhtml (29.0801sec)
Check Generate /Users/doug/Documents/cdl-master/generated_output/temp/_includes/list-simple-immunizations-json.xhtml (29.0802sec)
Check Generate /Users/doug/Documents/cdl-master/generated_output/temp/_includes/table-immunizations-json.xhtml (29.0802sec)
Check Generate /Users/doug/Documents/cdl-master/generated_output/temp/_includes/list-immunizations-xml.xhtml (29.0803sec)
Check Generate /Users/doug/Documents/cdl-master/generated_output/temp/_includes/list-simple-immunizations-xml.xhtml (29.0803sec)
Check Generate /Users/doug/Documents/cdl-master/generated_output/temp/_includes/table-immunizations-xml.xhtml (29.0804sec)
Check Generate /Users/doug/Documents/cdl-master/generated_output/temp/_includes/list-immunizationevaluations.xhtml (29.0804sec)
Check Generate /Users/doug/Documents/cdl-master/generated_output/temp/_includes/list-simple-immunizationevaluations.xhtml (29.0805sec)
Check Generate /Users/doug/Documents/cdl-master/generated_output/temp/_includes/table-immunizationevaluations.xhtml (29.0805sec)
Check Generate /Users/doug/Documents/cdl-master/generated_output/temp/_includes/list-immunizationevaluations-json.xhtml (29.0806sec)
Check Generate /Users/doug/Documents/cdl-master/generated_output/temp/_includes/list-simple-immunizationevaluations-json.xhtml (29.0806sec)
Check Generate /Users/doug/Documents/cdl-master/generated_output/temp/_includes/table-immunizationevaluations-json.xhtml (29.0807sec)
Check Generate /Users/doug/Documents/cdl-master/generated_output/temp/_includes/list-immunizationevaluations-xml.xhtml (29.0807sec)
Check Generate /Users/doug/Documents/cdl-master/generated_output/temp/_includes/list-simple-immunizationevaluations-xml.xhtml (29.0808sec)
Check Generate /Users/doug/Documents/cdl-master/generated_output/temp/_includes/table-immunizationevaluations-xml.xhtml (29.0808sec)
Check Generate /Users/doug/Documents/cdl-master/generated_output/temp/_includes/list-immunizationrecommendations.xhtml (29.0809sec)
Check Generate /Users/doug/Documents/cdl-master/generated_output/temp/_includes/list-simple-immunizationrecommendations.xhtml (29.0810sec)
Check Generate /Users/doug/Documents/cdl-master/generated_output/temp/_includes/table-immunizationrecommendations.xhtml (29.0810sec)
Check Generate /Users/doug/Documents/cdl-master/generated_output/temp/_includes/list-immunizationrecommendations-json.xhtml (29.0811sec)
Check Generate /Users/doug/Documents/cdl-master/generated_output/temp/_includes/list-simple-immunizationrecommendations-json.xhtml (29.0811sec)
Check Generate /Users/doug/Documents/cdl-master/generated_output/temp/_includes/table-immunizationrecommendations-json.xhtml (29.0812sec)
Check Generate /Users/doug/Documents/cdl-master/generated_output/temp/_includes/list-immunizationrecommendations-xml.xhtml (29.0812sec)
Check Generate /Users/doug/Documents/cdl-master/generated_output/temp/_includes/list-simple-immunizationrecommendations-xml.xhtml (29.0813sec)
Check Generate /Users/doug/Documents/cdl-master/generated_output/temp/_includes/table-immunizationrecommendations-xml.xhtml (29.0813sec)
Check Generate /Users/doug/Documents/cdl-master/generated_output/temp/_includes/list-implementationguides.xhtml (29.0815sec)
Check Generate /Users/doug/Documents/cdl-master/generated_output/temp/_includes/list-simple-implementationguides.xhtml (29.0815sec)
Check Generate /Users/doug/Documents/cdl-master/generated_output/temp/_includes/table-implementationguides.xhtml (29.0816sec)
Check Generate /Users/doug/Documents/cdl-master/generated_output/temp/_includes/list-implementationguides-json.xhtml (29.0817sec)
Check Generate /Users/doug/Documents/cdl-master/generated_output/temp/_includes/list-simple-implementationguides-json.xhtml (29.0817sec)
Check Generate /Users/doug/Documents/cdl-master/generated_output/temp/_includes/table-implementationguides-json.xhtml (29.0818sec)
Check Generate /Users/doug/Documents/cdl-master/generated_output/temp/_includes/list-implementationguides-xml.xhtml (29.0819sec)
Check Generate /Users/doug/Documents/cdl-master/generated_output/temp/_includes/list-simple-implementationguides-xml.xhtml (29.0819sec)
Check Generate /Users/doug/Documents/cdl-master/generated_output/temp/_includes/table-implementationguides-xml.xhtml (29.0820sec)
Check Generate /Users/doug/Documents/cdl-master/generated_output/temp/_includes/list-insuranceplans.xhtml (29.0821sec)
Check Generate /Users/doug/Documents/cdl-master/generated_output/temp/_includes/list-simple-insuranceplans.xhtml (29.0821sec)
Check Generate /Users/doug/Documents/cdl-master/generated_output/temp/_includes/table-insuranceplans.xhtml (29.0822sec)
Check Generate /Users/doug/Documents/cdl-master/generated_output/temp/_includes/list-insuranceplans-json.xhtml (29.0822sec)
Check Generate /Users/doug/Documents/cdl-master/generated_output/temp/_includes/list-simple-insuranceplans-json.xhtml (29.0822sec)
Check Generate /Users/doug/Documents/cdl-master/generated_output/temp/_includes/table-insuranceplans-json.xhtml (29.0823sec)
Check Generate /Users/doug/Documents/cdl-master/generated_output/temp/_includes/list-insuranceplans-xml.xhtml (29.0824sec)
Check Generate /Users/doug/Documents/cdl-master/generated_output/temp/_includes/list-simple-insuranceplans-xml.xhtml (29.0824sec)
Check Generate /Users/doug/Documents/cdl-master/generated_output/temp/_includes/table-insuranceplans-xml.xhtml (29.0825sec)
Check Generate /Users/doug/Documents/cdl-master/generated_output/temp/_includes/list-invoices.xhtml (29.0825sec)
Check Generate /Users/doug/Documents/cdl-master/generated_output/temp/_includes/list-simple-invoices.xhtml (29.0826sec)
Check Generate /Users/doug/Documents/cdl-master/generated_output/temp/_includes/table-invoices.xhtml (29.0826sec)
Check Generate /Users/doug/Documents/cdl-master/generated_output/temp/_includes/list-invoices-json.xhtml (29.0827sec)
Check Generate /Users/doug/Documents/cdl-master/generated_output/temp/_includes/list-simple-invoices-json.xhtml (29.0827sec)
Check Generate /Users/doug/Documents/cdl-master/generated_output/temp/_includes/table-invoices-json.xhtml (29.0828sec)
Check Generate /Users/doug/Documents/cdl-master/generated_output/temp/_includes/list-invoices-xml.xhtml (29.0828sec)
Check Generate /Users/doug/Documents/cdl-master/generated_output/temp/_includes/list-simple-invoices-xml.xhtml (29.0829sec)
Check Generate /Users/doug/Documents/cdl-master/generated_output/temp/_includes/table-invoices-xml.xhtml (29.0829sec)
Check Generate /Users/doug/Documents/cdl-master/generated_output/temp/_includes/list-libraries.xhtml (29.0830sec)
Check Generate /Users/doug/Documents/cdl-master/generated_output/temp/_includes/list-simple-libraries.xhtml (29.0831sec)
Check Generate /Users/doug/Documents/cdl-master/generated_output/temp/_includes/table-libraries.xhtml (29.0831sec)
Check Generate /Users/doug/Documents/cdl-master/generated_output/temp/_includes/list-libraries-json.xhtml (29.0832sec)
Check Generate /Users/doug/Documents/cdl-master/generated_output/temp/_includes/list-simple-libraries-json.xhtml (29.0832sec)
Check Generate /Users/doug/Documents/cdl-master/generated_output/temp/_includes/table-libraries-json.xhtml (29.0833sec)
Check Generate /Users/doug/Documents/cdl-master/generated_output/temp/_includes/list-libraries-xml.xhtml (29.0833sec)
Check Generate /Users/doug/Documents/cdl-master/generated_output/temp/_includes/list-simple-libraries-xml.xhtml (29.0834sec)
Check Generate /Users/doug/Documents/cdl-master/generated_output/temp/_includes/table-libraries-xml.xhtml (29.0835sec)
Check Generate /Users/doug/Documents/cdl-master/generated_output/temp/_includes/list-linkages.xhtml (29.0835sec)
Check Generate /Users/doug/Documents/cdl-master/generated_output/temp/_includes/list-simple-linkages.xhtml (29.0836sec)
Check Generate /Users/doug/Documents/cdl-master/generated_output/temp/_includes/table-linkages.xhtml (29.0837sec)
Check Generate /Users/doug/Documents/cdl-master/generated_output/temp/_includes/list-linkages-json.xhtml (29.0837sec)
Check Generate /Users/doug/Documents/cdl-master/generated_output/temp/_includes/list-simple-linkages-json.xhtml (29.0838sec)
Check Generate /Users/doug/Documents/cdl-master/generated_output/temp/_includes/table-linkages-json.xhtml (29.0838sec)
Check Generate /Users/doug/Documents/cdl-master/generated_output/temp/_includes/list-linkages-xml.xhtml (29.0839sec)
Check Generate /Users/doug/Documents/cdl-master/generated_output/temp/_includes/list-simple-linkages-xml.xhtml (29.0839sec)
Check Generate /Users/doug/Documents/cdl-master/generated_output/temp/_includes/table-linkages-xml.xhtml (29.0840sec)
Check Generate /Users/doug/Documents/cdl-master/generated_output/temp/_includes/list-lists.xhtml (29.0841sec)
Check Generate /Users/doug/Documents/cdl-master/generated_output/temp/_includes/list-simple-lists.xhtml (29.0842sec)
Check Generate /Users/doug/Documents/cdl-master/generated_output/temp/_includes/table-lists.xhtml (29.0842sec)
Check Generate /Users/doug/Documents/cdl-master/generated_output/temp/_includes/list-lists-json.xhtml (29.0843sec)
Check Generate /Users/doug/Documents/cdl-master/generated_output/temp/_includes/list-simple-lists-json.xhtml (29.0844sec)
Check Generate /Users/doug/Documents/cdl-master/generated_output/temp/_includes/table-lists-json.xhtml (29.0844sec)
Check Generate /Users/doug/Documents/cdl-master/generated_output/temp/_includes/list-lists-xml.xhtml (29.0845sec)
Check Generate /Users/doug/Documents/cdl-master/generated_output/temp/_includes/list-simple-lists-xml.xhtml (29.0846sec)
Check Generate /Users/doug/Documents/cdl-master/generated_output/temp/_includes/table-lists-xml.xhtml (29.0847sec)
Check Generate /Users/doug/Documents/cdl-master/generated_output/temp/_includes/list-locations.xhtml (29.0847sec)
Check Generate /Users/doug/Documents/cdl-master/generated_output/temp/_includes/list-simple-locations.xhtml (29.0848sec)
Check Generate /Users/doug/Documents/cdl-master/generated_output/temp/_includes/table-locations.xhtml (29.0848sec)
Check Generate /Users/doug/Documents/cdl-master/generated_output/temp/_includes/list-locations-json.xhtml (29.0849sec)
Check Generate /Users/doug/Documents/cdl-master/generated_output/temp/_includes/list-simple-locations-json.xhtml (29.0850sec)
Check Generate /Users/doug/Documents/cdl-master/generated_output/temp/_includes/table-locations-json.xhtml (29.0850sec)
Check Generate /Users/doug/Documents/cdl-master/generated_output/temp/_includes/list-locations-xml.xhtml (29.0851sec)
Check Generate /Users/doug/Documents/cdl-master/generated_output/temp/_includes/list-simple-locations-xml.xhtml (29.0851sec)
Check Generate /Users/doug/Documents/cdl-master/generated_output/temp/_includes/table-locations-xml.xhtml (29.0852sec)
Check Generate /Users/doug/Documents/cdl-master/generated_output/temp/_includes/list-measures.xhtml (29.0852sec)
Check Generate /Users/doug/Documents/cdl-master/generated_output/temp/_includes/list-simple-measures.xhtml (29.0853sec)
Check Generate /Users/doug/Documents/cdl-master/generated_output/temp/_includes/table-measures.xhtml (29.0854sec)
Check Generate /Users/doug/Documents/cdl-master/generated_output/temp/_includes/list-measures-json.xhtml (29.0855sec)
Check Generate /Users/doug/Documents/cdl-master/generated_output/temp/_includes/list-simple-measures-json.xhtml (29.0855sec)
Check Generate /Users/doug/Documents/cdl-master/generated_output/temp/_includes/table-measures-json.xhtml (29.0856sec)
Check Generate /Users/doug/Documents/cdl-master/generated_output/temp/_includes/list-measures-xml.xhtml (29.0857sec)
Check Generate /Users/doug/Documents/cdl-master/generated_output/temp/_includes/list-simple-measures-xml.xhtml (29.0858sec)
Check Generate /Users/doug/Documents/cdl-master/generated_output/temp/_includes/table-measures-xml.xhtml (29.0858sec)
Check Generate /Users/doug/Documents/cdl-master/generated_output/temp/_includes/list-measurereports.xhtml (29.0859sec)
Check Generate /Users/doug/Documents/cdl-master/generated_output/temp/_includes/list-simple-measurereports.xhtml (29.0860sec)
Check Generate /Users/doug/Documents/cdl-master/generated_output/temp/_includes/table-measurereports.xhtml (29.0860sec)
Check Generate /Users/doug/Documents/cdl-master/generated_output/temp/_includes/list-measurereports-json.xhtml (29.0861sec)
Check Generate /Users/doug/Documents/cdl-master/generated_output/temp/_includes/list-simple-measurereports-json.xhtml (29.0862sec)
Check Generate /Users/doug/Documents/cdl-master/generated_output/temp/_includes/table-measurereports-json.xhtml (29.0862sec)
Check Generate /Users/doug/Documents/cdl-master/generated_output/temp/_includes/list-measurereports-xml.xhtml (29.0863sec)
Check Generate /Users/doug/Documents/cdl-master/generated_output/temp/_includes/list-simple-measurereports-xml.xhtml (29.0864sec)
Check Generate /Users/doug/Documents/cdl-master/generated_output/temp/_includes/table-measurereports-xml.xhtml (29.0864sec)
Check Generate /Users/doug/Documents/cdl-master/generated_output/temp/_includes/list-media.xhtml (29.0865sec)
Check Generate /Users/doug/Documents/cdl-master/generated_output/temp/_includes/list-simple-media.xhtml (29.0865sec)
Check Generate /Users/doug/Documents/cdl-master/generated_output/temp/_includes/table-media.xhtml (29.0866sec)
Check Generate /Users/doug/Documents/cdl-master/generated_output/temp/_includes/list-media-json.xhtml (29.0866sec)
Check Generate /Users/doug/Documents/cdl-master/generated_output/temp/_includes/list-simple-media-json.xhtml (29.0867sec)
Check Generate /Users/doug/Documents/cdl-master/generated_output/temp/_includes/table-media-json.xhtml (29.0868sec)
Check Generate /Users/doug/Documents/cdl-master/generated_output/temp/_includes/list-media-xml.xhtml (29.0868sec)
Check Generate /Users/doug/Documents/cdl-master/generated_output/temp/_includes/list-simple-media-xml.xhtml (29.0869sec)
Check Generate /Users/doug/Documents/cdl-master/generated_output/temp/_includes/table-media-xml.xhtml (29.0869sec)
Check Generate /Users/doug/Documents/cdl-master/generated_output/temp/_includes/list-medications.xhtml (29.0870sec)
Check Generate /Users/doug/Documents/cdl-master/generated_output/temp/_includes/list-simple-medications.xhtml (29.0871sec)
Check Generate /Users/doug/Documents/cdl-master/generated_output/temp/_includes/table-medications.xhtml (29.0871sec)
Check Generate /Users/doug/Documents/cdl-master/generated_output/temp/_includes/list-medications-json.xhtml (29.0872sec)
Check Generate /Users/doug/Documents/cdl-master/generated_output/temp/_includes/list-simple-medications-json.xhtml (29.0872sec)
Check Generate /Users/doug/Documents/cdl-master/generated_output/temp/_includes/table-medications-json.xhtml (29.0873sec)
Check Generate /Users/doug/Documents/cdl-master/generated_output/temp/_includes/list-medications-xml.xhtml (29.0874sec)
Check Generate /Users/doug/Documents/cdl-master/generated_output/temp/_includes/list-simple-medications-xml.xhtml (29.0874sec)
Check Generate /Users/doug/Documents/cdl-master/generated_output/temp/_includes/table-medications-xml.xhtml (29.0875sec)
Check Generate /Users/doug/Documents/cdl-master/generated_output/temp/_includes/list-medicationadministrations.xhtml (29.0875sec)
Check Generate /Users/doug/Documents/cdl-master/generated_output/temp/_includes/list-simple-medicationadministrations.xhtml (29.0876sec)
Check Generate /Users/doug/Documents/cdl-master/generated_output/temp/_includes/table-medicationadministrations.xhtml (29.0877sec)
Check Generate /Users/doug/Documents/cdl-master/generated_output/temp/_includes/list-medicationadministrations-json.xhtml (29.0877sec)
Check Generate /Users/doug/Documents/cdl-master/generated_output/temp/_includes/list-simple-medicationadministrations-json.xhtml (29.0878sec)
Check Generate /Users/doug/Documents/cdl-master/generated_output/temp/_includes/table-medicationadministrations-json.xhtml (29.0879sec)
Check Generate /Users/doug/Documents/cdl-master/generated_output/temp/_includes/list-medicationadministrations-xml.xhtml (29.0879sec)
Check Generate /Users/doug/Documents/cdl-master/generated_output/temp/_includes/list-simple-medicationadministrations-xml.xhtml (29.0880sec)
Check Generate /Users/doug/Documents/cdl-master/generated_output/temp/_includes/table-medicationadministrations-xml.xhtml (29.0881sec)
Check Generate /Users/doug/Documents/cdl-master/generated_output/temp/_includes/list-medicationdispenses.xhtml (29.0881sec)
Check Generate /Users/doug/Documents/cdl-master/generated_output/temp/_includes/list-simple-medicationdispenses.xhtml (29.0882sec)
Check Generate /Users/doug/Documents/cdl-master/generated_output/temp/_includes/table-medicationdispenses.xhtml (29.0883sec)
Check Generate /Users/doug/Documents/cdl-master/generated_output/temp/_includes/list-medicationdispenses-json.xhtml (29.0884sec)
Check Generate /Users/doug/Documents/cdl-master/generated_output/temp/_includes/list-simple-medicationdispenses-json.xhtml (29.0884sec)
Check Generate /Users/doug/Documents/cdl-master/generated_output/temp/_includes/table-medicationdispenses-json.xhtml (29.0885sec)
Check Generate /Users/doug/Documents/cdl-master/generated_output/temp/_includes/list-medicationdispenses-xml.xhtml (29.0886sec)
Check Generate /Users/doug/Documents/cdl-master/generated_output/temp/_includes/list-simple-medicationdispenses-xml.xhtml (29.0887sec)
Check Generate /Users/doug/Documents/cdl-master/generated_output/temp/_includes/table-medicationdispenses-xml.xhtml (29.0888sec)
Check Generate /Users/doug/Documents/cdl-master/generated_output/temp/_includes/list-medicationknowledges.xhtml (29.0888sec)
Check Generate /Users/doug/Documents/cdl-master/generated_output/temp/_includes/list-simple-medicationknowledges.xhtml (29.0889sec)
Check Generate /Users/doug/Documents/cdl-master/generated_output/temp/_includes/table-medicationknowledges.xhtml (29.0889sec)
Check Generate /Users/doug/Documents/cdl-master/generated_output/temp/_includes/list-medicationknowledges-json.xhtml (29.0890sec)
Check Generate /Users/doug/Documents/cdl-master/generated_output/temp/_includes/list-simple-medicationknowledges-json.xhtml (29.0890sec)
Check Generate /Users/doug/Documents/cdl-master/generated_output/temp/_includes/table-medicationknowledges-json.xhtml (29.0891sec)
Check Generate /Users/doug/Documents/cdl-master/generated_output/temp/_includes/list-medicationknowledges-xml.xhtml (29.0892sec)
Check Generate /Users/doug/Documents/cdl-master/generated_output/temp/_includes/list-simple-medicationknowledges-xml.xhtml (29.0892sec)
Check Generate /Users/doug/Documents/cdl-master/generated_output/temp/_includes/table-medicationknowledges-xml.xhtml (29.0893sec)
Check Generate /Users/doug/Documents/cdl-master/generated_output/temp/_includes/list-medicationrequests.xhtml (29.0893sec)
Check Generate /Users/doug/Documents/cdl-master/generated_output/temp/_includes/list-simple-medicationrequests.xhtml (29.0894sec)
Check Generate /Users/doug/Documents/cdl-master/generated_output/temp/_includes/table-medicationrequests.xhtml (29.0894sec)
Check Generate /Users/doug/Documents/cdl-master/generated_output/temp/_includes/list-medicationrequests-json.xhtml (29.0895sec)
Check Generate /Users/doug/Documents/cdl-master/generated_output/temp/_includes/list-simple-medicationrequests-json.xhtml (29.0895sec)
Check Generate /Users/doug/Documents/cdl-master/generated_output/temp/_includes/table-medicationrequests-json.xhtml (29.0896sec)
Check Generate /Users/doug/Documents/cdl-master/generated_output/temp/_includes/list-medicationrequests-xml.xhtml (29.0896sec)
Check Generate /Users/doug/Documents/cdl-master/generated_output/temp/_includes/list-simple-medicationrequests-xml.xhtml (29.0897sec)
Check Generate /Users/doug/Documents/cdl-master/generated_output/temp/_includes/table-medicationrequests-xml.xhtml (29.0897sec)
Check Generate /Users/doug/Documents/cdl-master/generated_output/temp/_includes/list-medicationstatements.xhtml (29.0898sec)
Check Generate /Users/doug/Documents/cdl-master/generated_output/temp/_includes/list-simple-medicationstatements.xhtml (29.0898sec)
Check Generate /Users/doug/Documents/cdl-master/generated_output/temp/_includes/table-medicationstatements.xhtml (29.0899sec)
Check Generate /Users/doug/Documents/cdl-master/generated_output/temp/_includes/list-medicationstatements-json.xhtml (29.0900sec)
Check Generate /Users/doug/Documents/cdl-master/generated_output/temp/_includes/list-simple-medicationstatements-json.xhtml (29.0900sec)
Check Generate /Users/doug/Documents/cdl-master/generated_output/temp/_includes/table-medicationstatements-json.xhtml (29.0901sec)
Check Generate /Users/doug/Documents/cdl-master/generated_output/temp/_includes/list-medicationstatements-xml.xhtml (29.0901sec)
Check Generate /Users/doug/Documents/cdl-master/generated_output/temp/_includes/list-simple-medicationstatements-xml.xhtml (29.0902sec)
Check Generate /Users/doug/Documents/cdl-master/generated_output/temp/_includes/table-medicationstatements-xml.xhtml (29.0903sec)
Check Generate /Users/doug/Documents/cdl-master/generated_output/temp/_includes/list-medicinalproducts.xhtml (29.0903sec)
Check Generate /Users/doug/Documents/cdl-master/generated_output/temp/_includes/list-simple-medicinalproducts.xhtml (29.0904sec)
Check Generate /Users/doug/Documents/cdl-master/generated_output/temp/_includes/table-medicinalproducts.xhtml (29.0904sec)
Check Generate /Users/doug/Documents/cdl-master/generated_output/temp/_includes/list-medicinalproducts-json.xhtml (29.0904sec)
Check Generate /Users/doug/Documents/cdl-master/generated_output/temp/_includes/list-simple-medicinalproducts-json.xhtml (29.0905sec)
Check Generate /Users/doug/Documents/cdl-master/generated_output/temp/_includes/table-medicinalproducts-json.xhtml (29.0906sec)
Check Generate /Users/doug/Documents/cdl-master/generated_output/temp/_includes/list-medicinalproducts-xml.xhtml (29.0906sec)
Check Generate /Users/doug/Documents/cdl-master/generated_output/temp/_includes/list-simple-medicinalproducts-xml.xhtml (29.0907sec)
Check Generate /Users/doug/Documents/cdl-master/generated_output/temp/_includes/table-medicinalproducts-xml.xhtml (29.0907sec)
Check Generate /Users/doug/Documents/cdl-master/generated_output/temp/_includes/list-medicinalproductauthorizations.xhtml (29.0908sec)
Check Generate /Users/doug/Documents/cdl-master/generated_output/temp/_includes/list-simple-medicinalproductauthorizations.xhtml (29.0909sec)
Check Generate /Users/doug/Documents/cdl-master/generated_output/temp/_includes/table-medicinalproductauthorizations.xhtml (29.0909sec)
Check Generate /Users/doug/Documents/cdl-master/generated_output/temp/_includes/list-medicinalproductauthorizations-json.xhtml (29.0910sec)
Check Generate /Users/doug/Documents/cdl-master/generated_output/temp/_includes/list-simple-medicinalproductauthorizations-json.xhtml (29.0911sec)
Check Generate /Users/doug/Documents/cdl-master/generated_output/temp/_includes/table-medicinalproductauthorizations-json.xhtml (29.0911sec)
Check Generate /Users/doug/Documents/cdl-master/generated_output/temp/_includes/list-medicinalproductauthorizations-xml.xhtml (29.0912sec)
Check Generate /Users/doug/Documents/cdl-master/generated_output/temp/_includes/list-simple-medicinalproductauthorizations-xml.xhtml (29.0913sec)
Check Generate /Users/doug/Documents/cdl-master/generated_output/temp/_includes/table-medicinalproductauthorizations-xml.xhtml (29.0913sec)
Check Generate /Users/doug/Documents/cdl-master/generated_output/temp/_includes/list-medicinalproductcontraindications.xhtml (29.0914sec)
Check Generate /Users/doug/Documents/cdl-master/generated_output/temp/_includes/list-simple-medicinalproductcontraindications.xhtml (29.0914sec)
Check Generate /Users/doug/Documents/cdl-master/generated_output/temp/_includes/table-medicinalproductcontraindications.xhtml (29.0915sec)
Check Generate /Users/doug/Documents/cdl-master/generated_output/temp/_includes/list-medicinalproductcontraindications-json.xhtml (29.0915sec)
Check Generate /Users/doug/Documents/cdl-master/generated_output/temp/_includes/list-simple-medicinalproductcontraindications-json.xhtml (29.0916sec)
Check Generate /Users/doug/Documents/cdl-master/generated_output/temp/_includes/table-medicinalproductcontraindications-json.xhtml (29.0916sec)
Check Generate /Users/doug/Documents/cdl-master/generated_output/temp/_includes/list-medicinalproductcontraindications-xml.xhtml (29.0917sec)
Check Generate /Users/doug/Documents/cdl-master/generated_output/temp/_includes/list-simple-medicinalproductcontraindications-xml.xhtml (29.0918sec)
Check Generate /Users/doug/Documents/cdl-master/generated_output/temp/_includes/table-medicinalproductcontraindications-xml.xhtml (29.0919sec)
Check Generate /Users/doug/Documents/cdl-master/generated_output/temp/_includes/list-medicinalproductindications.xhtml (29.0919sec)
Check Generate /Users/doug/Documents/cdl-master/generated_output/temp/_includes/list-simple-medicinalproductindications.xhtml (29.0920sec)
Check Generate /Users/doug/Documents/cdl-master/generated_output/temp/_includes/table-medicinalproductindications.xhtml (29.0920sec)
Check Generate /Users/doug/Documents/cdl-master/generated_output/temp/_includes/list-medicinalproductindications-json.xhtml (29.0921sec)
Check Generate /Users/doug/Documents/cdl-master/generated_output/temp/_includes/list-simple-medicinalproductindications-json.xhtml (29.0921sec)
Check Generate /Users/doug/Documents/cdl-master/generated_output/temp/_includes/table-medicinalproductindications-json.xhtml (29.0922sec)
Check Generate /Users/doug/Documents/cdl-master/generated_output/temp/_includes/list-medicinalproductindications-xml.xhtml (29.0923sec)
Check Generate /Users/doug/Documents/cdl-master/generated_output/temp/_includes/list-simple-medicinalproductindications-xml.xhtml (29.0923sec)
Check Generate /Users/doug/Documents/cdl-master/generated_output/temp/_includes/table-medicinalproductindications-xml.xhtml (29.0924sec)
Check Generate /Users/doug/Documents/cdl-master/generated_output/temp/_includes/list-medicinalproductingredients.xhtml (29.0925sec)
Check Generate /Users/doug/Documents/cdl-master/generated_output/temp/_includes/list-simple-medicinalproductingredients.xhtml (29.0925sec)
Check Generate /Users/doug/Documents/cdl-master/generated_output/temp/_includes/table-medicinalproductingredients.xhtml (29.0925sec)
Check Generate /Users/doug/Documents/cdl-master/generated_output/temp/_includes/list-medicinalproductingredients-json.xhtml (29.0926sec)
Check Generate /Users/doug/Documents/cdl-master/generated_output/temp/_includes/list-simple-medicinalproductingredients-json.xhtml (29.0926sec)
Check Generate /Users/doug/Documents/cdl-master/generated_output/temp/_includes/table-medicinalproductingredients-json.xhtml (29.0927sec)
Check Generate /Users/doug/Documents/cdl-master/generated_output/temp/_includes/list-medicinalproductingredients-xml.xhtml (29.0928sec)
Check Generate /Users/doug/Documents/cdl-master/generated_output/temp/_includes/list-simple-medicinalproductingredients-xml.xhtml (29.0928sec)
Check Generate /Users/doug/Documents/cdl-master/generated_output/temp/_includes/table-medicinalproductingredients-xml.xhtml (29.0929sec)
Check Generate /Users/doug/Documents/cdl-master/generated_output/temp/_includes/list-medicinalproductinteractions.xhtml (29.0930sec)
Check Generate /Users/doug/Documents/cdl-master/generated_output/temp/_includes/list-simple-medicinalproductinteractions.xhtml (29.0931sec)
Check Generate /Users/doug/Documents/cdl-master/generated_output/temp/_includes/table-medicinalproductinteractions.xhtml (29.0931sec)
Check Generate /Users/doug/Documents/cdl-master/generated_output/temp/_includes/list-medicinalproductinteractions-json.xhtml (29.0932sec)
Check Generate /Users/doug/Documents/cdl-master/generated_output/temp/_includes/list-simple-medicinalproductinteractions-json.xhtml (29.0933sec)
Check Generate /Users/doug/Documents/cdl-master/generated_output/temp/_includes/table-medicinalproductinteractions-json.xhtml (29.0933sec)
Check Generate /Users/doug/Documents/cdl-master/generated_output/temp/_includes/list-medicinalproductinteractions-xml.xhtml (29.0934sec)
Check Generate /Users/doug/Documents/cdl-master/generated_output/temp/_includes/list-simple-medicinalproductinteractions-xml.xhtml (29.0935sec)
Check Generate /Users/doug/Documents/cdl-master/generated_output/temp/_includes/table-medicinalproductinteractions-xml.xhtml (29.0935sec)
Check Generate /Users/doug/Documents/cdl-master/generated_output/temp/_includes/list-medicinalproductmanufactureds.xhtml (29.0936sec)
Check Generate /Users/doug/Documents/cdl-master/generated_output/temp/_includes/list-simple-medicinalproductmanufactureds.xhtml (29.0937sec)
Check Generate /Users/doug/Documents/cdl-master/generated_output/temp/_includes/table-medicinalproductmanufactureds.xhtml (29.0938sec)
Check Generate /Users/doug/Documents/cdl-master/generated_output/temp/_includes/list-medicinalproductmanufactureds-json.xhtml (29.0939sec)
Check Generate /Users/doug/Documents/cdl-master/generated_output/temp/_includes/list-simple-medicinalproductmanufactureds-json.xhtml (29.0940sec)
Check Generate /Users/doug/Documents/cdl-master/generated_output/temp/_includes/table-medicinalproductmanufactureds-json.xhtml (29.0941sec)
Check Generate /Users/doug/Documents/cdl-master/generated_output/temp/_includes/list-medicinalproductmanufactureds-xml.xhtml (29.0942sec)
Check Generate /Users/doug/Documents/cdl-master/generated_output/temp/_includes/list-simple-medicinalproductmanufactureds-xml.xhtml (29.0942sec)
Check Generate /Users/doug/Documents/cdl-master/generated_output/temp/_includes/table-medicinalproductmanufactureds-xml.xhtml (29.0943sec)
Check Generate /Users/doug/Documents/cdl-master/generated_output/temp/_includes/list-medicinalproductpackageds.xhtml (29.0944sec)
Check Generate /Users/doug/Documents/cdl-master/generated_output/temp/_includes/list-simple-medicinalproductpackageds.xhtml (29.0944sec)
Check Generate /Users/doug/Documents/cdl-master/generated_output/temp/_includes/table-medicinalproductpackageds.xhtml (29.0945sec)
Check Generate /Users/doug/Documents/cdl-master/generated_output/temp/_includes/list-medicinalproductpackageds-json.xhtml (29.0945sec)
Check Generate /Users/doug/Documents/cdl-master/generated_output/temp/_includes/list-simple-medicinalproductpackageds-json.xhtml (29.0946sec)
Check Generate /Users/doug/Documents/cdl-master/generated_output/temp/_includes/table-medicinalproductpackageds-json.xhtml (29.0947sec)
Check Generate /Users/doug/Documents/cdl-master/generated_output/temp/_includes/list-medicinalproductpackageds-xml.xhtml (29.0948sec)
Check Generate /Users/doug/Documents/cdl-master/generated_output/temp/_includes/list-simple-medicinalproductpackageds-xml.xhtml (29.0948sec)
Check Generate /Users/doug/Documents/cdl-master/generated_output/temp/_includes/table-medicinalproductpackageds-xml.xhtml (29.0949sec)
Check Generate /Users/doug/Documents/cdl-master/generated_output/temp/_includes/list-medicinalproductpharmaceuticals.xhtml (29.0950sec)
Check Generate /Users/doug/Documents/cdl-master/generated_output/temp/_includes/list-simple-medicinalproductpharmaceuticals.xhtml (29.0950sec)
Check Generate /Users/doug/Documents/cdl-master/generated_output/temp/_includes/table-medicinalproductpharmaceuticals.xhtml (29.0951sec)
Check Generate /Users/doug/Documents/cdl-master/generated_output/temp/_includes/list-medicinalproductpharmaceuticals-json.xhtml (29.0952sec)
Check Generate /Users/doug/Documents/cdl-master/generated_output/temp/_includes/list-simple-medicinalproductpharmaceuticals-json.xhtml (29.0952sec)
Check Generate /Users/doug/Documents/cdl-master/generated_output/temp/_includes/table-medicinalproductpharmaceuticals-json.xhtml (29.0953sec)
Check Generate /Users/doug/Documents/cdl-master/generated_output/temp/_includes/list-medicinalproductpharmaceuticals-xml.xhtml (29.0954sec)
Check Generate /Users/doug/Documents/cdl-master/generated_output/temp/_includes/list-simple-medicinalproductpharmaceuticals-xml.xhtml (29.0955sec)
Check Generate /Users/doug/Documents/cdl-master/generated_output/temp/_includes/table-medicinalproductpharmaceuticals-xml.xhtml (29.0955sec)
Check Generate /Users/doug/Documents/cdl-master/generated_output/temp/_includes/list-medicinalproductundesirableeffects.xhtml (29.0956sec)
Check Generate /Users/doug/Documents/cdl-master/generated_output/temp/_includes/list-simple-medicinalproductundesirableeffects.xhtml (29.0957sec)
Check Generate /Users/doug/Documents/cdl-master/generated_output/temp/_includes/table-medicinalproductundesirableeffects.xhtml (29.0958sec)
Check Generate /Users/doug/Documents/cdl-master/generated_output/temp/_includes/list-medicinalproductundesirableeffects-json.xhtml (29.0959sec)
Check Generate /Users/doug/Documents/cdl-master/generated_output/temp/_includes/list-simple-medicinalproductundesirableeffects-json.xhtml (29.0959sec)
Check Generate /Users/doug/Documents/cdl-master/generated_output/temp/_includes/table-medicinalproductundesirableeffects-json.xhtml (29.0960sec)
Check Generate /Users/doug/Documents/cdl-master/generated_output/temp/_includes/list-medicinalproductundesirableeffects-xml.xhtml (29.0961sec)
Check Generate /Users/doug/Documents/cdl-master/generated_output/temp/_includes/list-simple-medicinalproductundesirableeffects-xml.xhtml (29.0962sec)
Check Generate /Users/doug/Documents/cdl-master/generated_output/temp/_includes/table-medicinalproductundesirableeffects-xml.xhtml (29.0963sec)
Check Generate /Users/doug/Documents/cdl-master/generated_output/temp/_includes/list-messagedefinitions.xhtml (29.0964sec)
Check Generate /Users/doug/Documents/cdl-master/generated_output/temp/_includes/list-simple-messagedefinitions.xhtml (29.0965sec)
Check Generate /Users/doug/Documents/cdl-master/generated_output/temp/_includes/table-messagedefinitions.xhtml (29.0966sec)
Check Generate /Users/doug/Documents/cdl-master/generated_output/temp/_includes/list-messagedefinitions-json.xhtml (29.0966sec)
Check Generate /Users/doug/Documents/cdl-master/generated_output/temp/_includes/list-simple-messagedefinitions-json.xhtml (29.0967sec)
Check Generate /Users/doug/Documents/cdl-master/generated_output/temp/_includes/table-messagedefinitions-json.xhtml (29.0968sec)
Check Generate /Users/doug/Documents/cdl-master/generated_output/temp/_includes/list-messagedefinitions-xml.xhtml (29.0969sec)
Check Generate /Users/doug/Documents/cdl-master/generated_output/temp/_includes/list-simple-messagedefinitions-xml.xhtml (29.0970sec)
Check Generate /Users/doug/Documents/cdl-master/generated_output/temp/_includes/table-messagedefinitions-xml.xhtml (29.0971sec)
Check Generate /Users/doug/Documents/cdl-master/generated_output/temp/_includes/list-messageheaders.xhtml (29.0971sec)
Check Generate /Users/doug/Documents/cdl-master/generated_output/temp/_includes/list-simple-messageheaders.xhtml (29.0972sec)
Check Generate /Users/doug/Documents/cdl-master/generated_output/temp/_includes/table-messageheaders.xhtml (29.0973sec)
Check Generate /Users/doug/Documents/cdl-master/generated_output/temp/_includes/list-messageheaders-json.xhtml (29.0973sec)
Check Generate /Users/doug/Documents/cdl-master/generated_output/temp/_includes/list-simple-messageheaders-json.xhtml (29.0974sec)
Check Generate /Users/doug/Documents/cdl-master/generated_output/temp/_includes/table-messageheaders-json.xhtml (29.0974sec)
Check Generate /Users/doug/Documents/cdl-master/generated_output/temp/_includes/list-messageheaders-xml.xhtml (29.0975sec)
Check Generate /Users/doug/Documents/cdl-master/generated_output/temp/_includes/list-simple-messageheaders-xml.xhtml (29.0976sec)
Check Generate /Users/doug/Documents/cdl-master/generated_output/temp/_includes/table-messageheaders-xml.xhtml (29.0977sec)
Check Generate /Users/doug/Documents/cdl-master/generated_output/temp/_includes/list-molecularsequences.xhtml (29.0977sec)
Check Generate /Users/doug/Documents/cdl-master/generated_output/temp/_includes/list-simple-molecularsequences.xhtml (29.0978sec)
Check Generate /Users/doug/Documents/cdl-master/generated_output/temp/_includes/table-molecularsequences.xhtml (29.0978sec)
Check Generate /Users/doug/Documents/cdl-master/generated_output/temp/_includes/list-molecularsequences-json.xhtml (29.0979sec)
Check Generate /Users/doug/Documents/cdl-master/generated_output/temp/_includes/list-simple-molecularsequences-json.xhtml (29.0979sec)
Check Generate /Users/doug/Documents/cdl-master/generated_output/temp/_includes/table-molecularsequences-json.xhtml (29.0980sec)
Check Generate /Users/doug/Documents/cdl-master/generated_output/temp/_includes/list-molecularsequences-xml.xhtml (29.0981sec)
Check Generate /Users/doug/Documents/cdl-master/generated_output/temp/_includes/list-simple-molecularsequences-xml.xhtml (29.0981sec)
Check Generate /Users/doug/Documents/cdl-master/generated_output/temp/_includes/table-molecularsequences-xml.xhtml (29.0982sec)
Check Generate /Users/doug/Documents/cdl-master/generated_output/temp/_includes/list-namingsystems.xhtml (29.0983sec)
Check Generate /Users/doug/Documents/cdl-master/generated_output/temp/_includes/list-simple-namingsystems.xhtml (29.0983sec)
Check Generate /Users/doug/Documents/cdl-master/generated_output/temp/_includes/table-namingsystems.xhtml (29.0984sec)
Check Generate /Users/doug/Documents/cdl-master/generated_output/temp/_includes/list-namingsystems-json.xhtml (29.0985sec)
Check Generate /Users/doug/Documents/cdl-master/generated_output/temp/_includes/list-simple-namingsystems-json.xhtml (29.0986sec)
Check Generate /Users/doug/Documents/cdl-master/generated_output/temp/_includes/table-namingsystems-json.xhtml (29.0986sec)
Check Generate /Users/doug/Documents/cdl-master/generated_output/temp/_includes/list-namingsystems-xml.xhtml (29.0987sec)
Check Generate /Users/doug/Documents/cdl-master/generated_output/temp/_includes/list-simple-namingsystems-xml.xhtml (29.0988sec)
Check Generate /Users/doug/Documents/cdl-master/generated_output/temp/_includes/table-namingsystems-xml.xhtml (29.0988sec)
Check Generate /Users/doug/Documents/cdl-master/generated_output/temp/_includes/list-nutritionorders.xhtml (29.0989sec)
Check Generate /Users/doug/Documents/cdl-master/generated_output/temp/_includes/list-simple-nutritionorders.xhtml (29.0990sec)
Check Generate /Users/doug/Documents/cdl-master/generated_output/temp/_includes/table-nutritionorders.xhtml (29.0990sec)
Check Generate /Users/doug/Documents/cdl-master/generated_output/temp/_includes/list-nutritionorders-json.xhtml (29.0991sec)
Check Generate /Users/doug/Documents/cdl-master/generated_output/temp/_includes/list-simple-nutritionorders-json.xhtml (29.0991sec)
Check Generate /Users/doug/Documents/cdl-master/generated_output/temp/_includes/table-nutritionorders-json.xhtml (29.0992sec)
Check Generate /Users/doug/Documents/cdl-master/generated_output/temp/_includes/list-nutritionorders-xml.xhtml (29.0993sec)
Check Generate /Users/doug/Documents/cdl-master/generated_output/temp/_includes/list-simple-nutritionorders-xml.xhtml (29.0993sec)
Check Generate /Users/doug/Documents/cdl-master/generated_output/temp/_includes/table-nutritionorders-xml.xhtml (29.0994sec)
Check Generate /Users/doug/Documents/cdl-master/generated_output/temp/_includes/list-observations.xhtml (29.0995sec)
Check Generate /Users/doug/Documents/cdl-master/generated_output/temp/_includes/list-simple-observations.xhtml (29.0995sec)
Check Generate /Users/doug/Documents/cdl-master/generated_output/temp/_includes/table-observations.xhtml (29.0996sec)
Check Generate /Users/doug/Documents/cdl-master/generated_output/temp/_includes/list-observations-json.xhtml (29.0996sec)
Check Generate /Users/doug/Documents/cdl-master/generated_output/temp/_includes/list-simple-observations-json.xhtml (29.0997sec)
Check Generate /Users/doug/Documents/cdl-master/generated_output/temp/_includes/table-observations-json.xhtml (29.0997sec)
Check Generate /Users/doug/Documents/cdl-master/generated_output/temp/_includes/list-observations-xml.xhtml (29.0998sec)
Check Generate /Users/doug/Documents/cdl-master/generated_output/temp/_includes/list-simple-observations-xml.xhtml (29.0999sec)
Check Generate /Users/doug/Documents/cdl-master/generated_output/temp/_includes/table-observations-xml.xhtml (29.0999sec)
Check Generate /Users/doug/Documents/cdl-master/generated_output/temp/_includes/list-observationdefinitions.xhtml (30.0000sec)
Check Generate /Users/doug/Documents/cdl-master/generated_output/temp/_includes/list-simple-observationdefinitions.xhtml (30.0001sec)
Check Generate /Users/doug/Documents/cdl-master/generated_output/temp/_includes/table-observationdefinitions.xhtml (30.0002sec)
Check Generate /Users/doug/Documents/cdl-master/generated_output/temp/_includes/list-observationdefinitions-json.xhtml (30.0003sec)
Check Generate /Users/doug/Documents/cdl-master/generated_output/temp/_includes/list-simple-observationdefinitions-json.xhtml (30.0004sec)
Check Generate /Users/doug/Documents/cdl-master/generated_output/temp/_includes/table-observationdefinitions-json.xhtml (30.0004sec)
Check Generate /Users/doug/Documents/cdl-master/generated_output/temp/_includes/list-observationdefinitions-xml.xhtml (30.0005sec)
Check Generate /Users/doug/Documents/cdl-master/generated_output/temp/_includes/list-simple-observationdefinitions-xml.xhtml (30.0005sec)
Check Generate /Users/doug/Documents/cdl-master/generated_output/temp/_includes/table-observationdefinitions-xml.xhtml (30.0006sec)
Check Generate /Users/doug/Documents/cdl-master/generated_output/temp/_includes/list-operationdefinitions.xhtml (30.0007sec)
Check Generate /Users/doug/Documents/cdl-master/generated_output/temp/_includes/list-simple-operationdefinitions.xhtml (30.0008sec)
Check Generate /Users/doug/Documents/cdl-master/generated_output/temp/_includes/table-operationdefinitions.xhtml (30.0008sec)
Check Generate /Users/doug/Documents/cdl-master/generated_output/temp/_includes/list-operationdefinitions-json.xhtml (30.0009sec)
Check Generate /Users/doug/Documents/cdl-master/generated_output/temp/_includes/list-simple-operationdefinitions-json.xhtml (30.0010sec)
Check Generate /Users/doug/Documents/cdl-master/generated_output/temp/_includes/table-operationdefinitions-json.xhtml (30.0010sec)
Check Generate /Users/doug/Documents/cdl-master/generated_output/temp/_includes/list-operationdefinitions-xml.xhtml (30.0011sec)
Check Generate /Users/doug/Documents/cdl-master/generated_output/temp/_includes/list-simple-operationdefinitions-xml.xhtml (30.0011sec)
Check Generate /Users/doug/Documents/cdl-master/generated_output/temp/_includes/table-operationdefinitions-xml.xhtml (30.0012sec)
Check Generate /Users/doug/Documents/cdl-master/generated_output/temp/_includes/list-operationoutcomes.xhtml (30.0012sec)
Check Generate /Users/doug/Documents/cdl-master/generated_output/temp/_includes/list-simple-operationoutcomes.xhtml (30.0013sec)
Check Generate /Users/doug/Documents/cdl-master/generated_output/temp/_includes/table-operationoutcomes.xhtml (30.0014sec)
Check Generate /Users/doug/Documents/cdl-master/generated_output/temp/_includes/list-operationoutcomes-json.xhtml (30.0014sec)
Check Generate /Users/doug/Documents/cdl-master/generated_output/temp/_includes/list-simple-operationoutcomes-json.xhtml (30.0015sec)
Check Generate /Users/doug/Documents/cdl-master/generated_output/temp/_includes/table-operationoutcomes-json.xhtml (30.0016sec)
Check Generate /Users/doug/Documents/cdl-master/generated_output/temp/_includes/list-operationoutcomes-xml.xhtml (30.0017sec)
Check Generate /Users/doug/Documents/cdl-master/generated_output/temp/_includes/list-simple-operationoutcomes-xml.xhtml (30.0017sec)
Check Generate /Users/doug/Documents/cdl-master/generated_output/temp/_includes/table-operationoutcomes-xml.xhtml (30.0018sec)
Check Generate /Users/doug/Documents/cdl-master/generated_output/temp/_includes/list-organizations.xhtml (30.0018sec)
Check Generate /Users/doug/Documents/cdl-master/generated_output/temp/_includes/list-simple-organizations.xhtml (30.0019sec)
Check Generate /Users/doug/Documents/cdl-master/generated_output/temp/_includes/table-organizations.xhtml (30.0019sec)
Check Generate /Users/doug/Documents/cdl-master/generated_output/temp/_includes/list-organizations-json.xhtml (30.0020sec)
Check Generate /Users/doug/Documents/cdl-master/generated_output/temp/_includes/list-simple-organizations-json.xhtml (30.0020sec)
Check Generate /Users/doug/Documents/cdl-master/generated_output/temp/_includes/table-organizations-json.xhtml (30.0021sec)
Check Generate /Users/doug/Documents/cdl-master/generated_output/temp/_includes/list-organizations-xml.xhtml (30.0022sec)
Check Generate /Users/doug/Documents/cdl-master/generated_output/temp/_includes/list-simple-organizations-xml.xhtml (30.0022sec)
Check Generate /Users/doug/Documents/cdl-master/generated_output/temp/_includes/table-organizations-xml.xhtml (30.0023sec)
Check Generate /Users/doug/Documents/cdl-master/generated_output/temp/_includes/list-organizationaffiliations.xhtml (30.0023sec)
Check Generate /Users/doug/Documents/cdl-master/generated_output/temp/_includes/list-simple-organizationaffiliations.xhtml (30.0024sec)
Check Generate /Users/doug/Documents/cdl-master/generated_output/temp/_includes/table-organizationaffiliations.xhtml (30.0024sec)
Check Generate /Users/doug/Documents/cdl-master/generated_output/temp/_includes/list-organizationaffiliations-json.xhtml (30.0025sec)
Check Generate /Users/doug/Documents/cdl-master/generated_output/temp/_includes/list-simple-organizationaffiliations-json.xhtml (30.0025sec)
Check Generate /Users/doug/Documents/cdl-master/generated_output/temp/_includes/table-organizationaffiliations-json.xhtml (30.0026sec)
Check Generate /Users/doug/Documents/cdl-master/generated_output/temp/_includes/list-organizationaffiliations-xml.xhtml (30.0026sec)
Check Generate /Users/doug/Documents/cdl-master/generated_output/temp/_includes/list-simple-organizationaffiliations-xml.xhtml (30.0027sec)
Check Generate /Users/doug/Documents/cdl-master/generated_output/temp/_includes/table-organizationaffiliations-xml.xhtml (30.0027sec)
Check Generate /Users/doug/Documents/cdl-master/generated_output/temp/_includes/list-parameters.xhtml (30.0028sec)
Check Generate /Users/doug/Documents/cdl-master/generated_output/temp/_includes/list-simple-parameters.xhtml (30.0029sec)
Check Generate /Users/doug/Documents/cdl-master/generated_output/temp/_includes/table-parameters.xhtml (30.0029sec)
Check Generate /Users/doug/Documents/cdl-master/generated_output/temp/_includes/list-parameters-json.xhtml (30.0030sec)
Check Generate /Users/doug/Documents/cdl-master/generated_output/temp/_includes/list-simple-parameters-json.xhtml (30.0031sec)
Check Generate /Users/doug/Documents/cdl-master/generated_output/temp/_includes/table-parameters-json.xhtml (30.0031sec)
Check Generate /Users/doug/Documents/cdl-master/generated_output/temp/_includes/list-parameters-xml.xhtml (30.0032sec)
Check Generate /Users/doug/Documents/cdl-master/generated_output/temp/_includes/list-simple-parameters-xml.xhtml (30.0032sec)
Check Generate /Users/doug/Documents/cdl-master/generated_output/temp/_includes/table-parameters-xml.xhtml (30.0033sec)
Check Generate /Users/doug/Documents/cdl-master/generated_output/temp/_includes/list-patients.xhtml (30.0033sec)
Check Generate /Users/doug/Documents/cdl-master/generated_output/temp/_includes/list-simple-patients.xhtml (30.0034sec)
Check Generate /Users/doug/Documents/cdl-master/generated_output/temp/_includes/table-patients.xhtml (30.0035sec)
Check Generate /Users/doug/Documents/cdl-master/generated_output/temp/_includes/list-patients-json.xhtml (30.0035sec)
Check Generate /Users/doug/Documents/cdl-master/generated_output/temp/_includes/list-simple-patients-json.xhtml (30.0036sec)
Check Generate /Users/doug/Documents/cdl-master/generated_output/temp/_includes/table-patients-json.xhtml (30.0036sec)
Check Generate /Users/doug/Documents/cdl-master/generated_output/temp/_includes/list-patients-xml.xhtml (30.0037sec)
Check Generate /Users/doug/Documents/cdl-master/generated_output/temp/_includes/list-simple-patients-xml.xhtml (30.0037sec)
Check Generate /Users/doug/Documents/cdl-master/generated_output/temp/_includes/table-patients-xml.xhtml (30.0038sec)
Check Generate /Users/doug/Documents/cdl-master/generated_output/temp/_includes/list-paymentnotices.xhtml (30.0038sec)
Check Generate /Users/doug/Documents/cdl-master/generated_output/temp/_includes/list-simple-paymentnotices.xhtml (30.0039sec)
Check Generate /Users/doug/Documents/cdl-master/generated_output/temp/_includes/table-paymentnotices.xhtml (30.0039sec)
Check Generate /Users/doug/Documents/cdl-master/generated_output/temp/_includes/list-paymentnotices-json.xhtml (30.0040sec)
Check Generate /Users/doug/Documents/cdl-master/generated_output/temp/_includes/list-simple-paymentnotices-json.xhtml (30.0040sec)
Check Generate /Users/doug/Documents/cdl-master/generated_output/temp/_includes/table-paymentnotices-json.xhtml (30.0041sec)
Check Generate /Users/doug/Documents/cdl-master/generated_output/temp/_includes/list-paymentnotices-xml.xhtml (30.0041sec)
Check Generate /Users/doug/Documents/cdl-master/generated_output/temp/_includes/list-simple-paymentnotices-xml.xhtml (30.0042sec)
Check Generate /Users/doug/Documents/cdl-master/generated_output/temp/_includes/table-paymentnotices-xml.xhtml (30.0042sec)
Check Generate /Users/doug/Documents/cdl-master/generated_output/temp/_includes/list-paymentreconciliations.xhtml (30.0043sec)
Check Generate /Users/doug/Documents/cdl-master/generated_output/temp/_includes/list-simple-paymentreconciliations.xhtml (30.0043sec)
Check Generate /Users/doug/Documents/cdl-master/generated_output/temp/_includes/table-paymentreconciliations.xhtml (30.0044sec)
Check Generate /Users/doug/Documents/cdl-master/generated_output/temp/_includes/list-paymentreconciliations-json.xhtml (30.0045sec)
Check Generate /Users/doug/Documents/cdl-master/generated_output/temp/_includes/list-simple-paymentreconciliations-json.xhtml (30.0045sec)
Check Generate /Users/doug/Documents/cdl-master/generated_output/temp/_includes/table-paymentreconciliations-json.xhtml (30.0046sec)
Check Generate /Users/doug/Documents/cdl-master/generated_output/temp/_includes/list-paymentreconciliations-xml.xhtml (30.0046sec)
Check Generate /Users/doug/Documents/cdl-master/generated_output/temp/_includes/list-simple-paymentreconciliations-xml.xhtml (30.0047sec)
Check Generate /Users/doug/Documents/cdl-master/generated_output/temp/_includes/table-paymentreconciliations-xml.xhtml (30.0047sec)
Check Generate /Users/doug/Documents/cdl-master/generated_output/temp/_includes/list-people.xhtml (30.0048sec)
Check Generate /Users/doug/Documents/cdl-master/generated_output/temp/_includes/list-simple-people.xhtml (30.0048sec)
Check Generate /Users/doug/Documents/cdl-master/generated_output/temp/_includes/table-people.xhtml (30.0049sec)
Check Generate /Users/doug/Documents/cdl-master/generated_output/temp/_includes/list-people-json.xhtml (30.0049sec)
Check Generate /Users/doug/Documents/cdl-master/generated_output/temp/_includes/list-simple-people-json.xhtml (30.0050sec)
Check Generate /Users/doug/Documents/cdl-master/generated_output/temp/_includes/table-people-json.xhtml (30.0050sec)
Check Generate /Users/doug/Documents/cdl-master/generated_output/temp/_includes/list-people-xml.xhtml (30.0051sec)
Check Generate /Users/doug/Documents/cdl-master/generated_output/temp/_includes/list-simple-people-xml.xhtml (30.0051sec)
Check Generate /Users/doug/Documents/cdl-master/generated_output/temp/_includes/table-people-xml.xhtml (30.0052sec)
Check Generate /Users/doug/Documents/cdl-master/generated_output/temp/_includes/list-plandefinitions.xhtml (30.0052sec)
Check Generate /Users/doug/Documents/cdl-master/generated_output/temp/_includes/list-simple-plandefinitions.xhtml (30.0053sec)
Check Generate /Users/doug/Documents/cdl-master/generated_output/temp/_includes/table-plandefinitions.xhtml (30.0053sec)
Check Generate /Users/doug/Documents/cdl-master/generated_output/temp/_includes/list-plandefinitions-json.xhtml (30.0054sec)
Check Generate /Users/doug/Documents/cdl-master/generated_output/temp/_includes/list-simple-plandefinitions-json.xhtml (30.0054sec)
Check Generate /Users/doug/Documents/cdl-master/generated_output/temp/_includes/table-plandefinitions-json.xhtml (30.0055sec)
Check Generate /Users/doug/Documents/cdl-master/generated_output/temp/_includes/list-plandefinitions-xml.xhtml (30.0056sec)
Check Generate /Users/doug/Documents/cdl-master/generated_output/temp/_includes/list-simple-plandefinitions-xml.xhtml (30.0056sec)
Check Generate /Users/doug/Documents/cdl-master/generated_output/temp/_includes/table-plandefinitions-xml.xhtml (30.0057sec)
Check Generate /Users/doug/Documents/cdl-master/generated_output/temp/_includes/list-practitioners.xhtml (30.0057sec)
Check Generate /Users/doug/Documents/cdl-master/generated_output/temp/_includes/list-simple-practitioners.xhtml (30.0058sec)
Check Generate /Users/doug/Documents/cdl-master/generated_output/temp/_includes/table-practitioners.xhtml (30.0058sec)
Check Generate /Users/doug/Documents/cdl-master/generated_output/temp/_includes/list-practitioners-json.xhtml (30.0059sec)
Check Generate /Users/doug/Documents/cdl-master/generated_output/temp/_includes/list-simple-practitioners-json.xhtml (30.0060sec)
Check Generate /Users/doug/Documents/cdl-master/generated_output/temp/_includes/table-practitioners-json.xhtml (30.0060sec)
Check Generate /Users/doug/Documents/cdl-master/generated_output/temp/_includes/list-practitioners-xml.xhtml (30.0061sec)
Check Generate /Users/doug/Documents/cdl-master/generated_output/temp/_includes/list-simple-practitioners-xml.xhtml (30.0061sec)
Check Generate /Users/doug/Documents/cdl-master/generated_output/temp/_includes/table-practitioners-xml.xhtml (30.0062sec)
Check Generate /Users/doug/Documents/cdl-master/generated_output/temp/_includes/list-practitionerroles.xhtml (30.0062sec)
Check Generate /Users/doug/Documents/cdl-master/generated_output/temp/_includes/list-simple-practitionerroles.xhtml (30.0063sec)
Check Generate /Users/doug/Documents/cdl-master/generated_output/temp/_includes/table-practitionerroles.xhtml (30.0063sec)
Check Generate /Users/doug/Documents/cdl-master/generated_output/temp/_includes/list-practitionerroles-json.xhtml (30.0064sec)
Check Generate /Users/doug/Documents/cdl-master/generated_output/temp/_includes/list-simple-practitionerroles-json.xhtml (30.0064sec)
Check Generate /Users/doug/Documents/cdl-master/generated_output/temp/_includes/table-practitionerroles-json.xhtml (30.0065sec)
Check Generate /Users/doug/Documents/cdl-master/generated_output/temp/_includes/list-practitionerroles-xml.xhtml (30.0066sec)
Check Generate /Users/doug/Documents/cdl-master/generated_output/temp/_includes/list-simple-practitionerroles-xml.xhtml (30.0066sec)
Check Generate /Users/doug/Documents/cdl-master/generated_output/temp/_includes/table-practitionerroles-xml.xhtml (30.0067sec)
Check Generate /Users/doug/Documents/cdl-master/generated_output/temp/_includes/list-procedures.xhtml (30.0067sec)
Check Generate /Users/doug/Documents/cdl-master/generated_output/temp/_includes/list-simple-procedures.xhtml (30.0068sec)
Check Generate /Users/doug/Documents/cdl-master/generated_output/temp/_includes/table-procedures.xhtml (30.0069sec)
Check Generate /Users/doug/Documents/cdl-master/generated_output/temp/_includes/list-procedures-json.xhtml (30.0070sec)
Check Generate /Users/doug/Documents/cdl-master/generated_output/temp/_includes/list-simple-procedures-json.xhtml (30.0071sec)
Check Generate /Users/doug/Documents/cdl-master/generated_output/temp/_includes/table-procedures-json.xhtml (30.0072sec)
Check Generate /Users/doug/Documents/cdl-master/generated_output/temp/_includes/list-procedures-xml.xhtml (30.0073sec)
Check Generate /Users/doug/Documents/cdl-master/generated_output/temp/_includes/list-simple-procedures-xml.xhtml (30.0074sec)
Check Generate /Users/doug/Documents/cdl-master/generated_output/temp/_includes/table-procedures-xml.xhtml (30.0074sec)
Check Generate /Users/doug/Documents/cdl-master/generated_output/temp/_includes/list-provenances.xhtml (30.0075sec)
Check Generate /Users/doug/Documents/cdl-master/generated_output/temp/_includes/list-simple-provenances.xhtml (30.0075sec)
Check Generate /Users/doug/Documents/cdl-master/generated_output/temp/_includes/table-provenances.xhtml (30.0076sec)
Check Generate /Users/doug/Documents/cdl-master/generated_output/temp/_includes/list-provenances-json.xhtml (30.0076sec)
Check Generate /Users/doug/Documents/cdl-master/generated_output/temp/_includes/list-simple-provenances-json.xhtml (30.0077sec)
Check Generate /Users/doug/Documents/cdl-master/generated_output/temp/_includes/table-provenances-json.xhtml (30.0077sec)
Check Generate /Users/doug/Documents/cdl-master/generated_output/temp/_includes/list-provenances-xml.xhtml (30.0078sec)
Check Generate /Users/doug/Documents/cdl-master/generated_output/temp/_includes/list-simple-provenances-xml.xhtml (30.0079sec)
Check Generate /Users/doug/Documents/cdl-master/generated_output/temp/_includes/table-provenances-xml.xhtml (30.0079sec)
Check Generate /Users/doug/Documents/cdl-master/generated_output/temp/_includes/list-questionnaires.xhtml (30.0079sec)
Check Generate /Users/doug/Documents/cdl-master/generated_output/temp/_includes/list-simple-questionnaires.xhtml (30.0080sec)
Check Generate /Users/doug/Documents/cdl-master/generated_output/temp/_includes/table-questionnaires.xhtml (30.0080sec)
Check Generate /Users/doug/Documents/cdl-master/generated_output/temp/_includes/list-questionnaires-json.xhtml (30.0081sec)
Check Generate /Users/doug/Documents/cdl-master/generated_output/temp/_includes/list-simple-questionnaires-json.xhtml (30.0081sec)
Check Generate /Users/doug/Documents/cdl-master/generated_output/temp/_includes/table-questionnaires-json.xhtml (30.0082sec)
Check Generate /Users/doug/Documents/cdl-master/generated_output/temp/_includes/list-questionnaires-xml.xhtml (30.0083sec)
Check Generate /Users/doug/Documents/cdl-master/generated_output/temp/_includes/list-simple-questionnaires-xml.xhtml (30.0084sec)
Check Generate /Users/doug/Documents/cdl-master/generated_output/temp/_includes/table-questionnaires-xml.xhtml (30.0084sec)
Check Generate /Users/doug/Documents/cdl-master/generated_output/temp/_includes/list-questionnaireresponses.xhtml (30.0085sec)
Check Generate /Users/doug/Documents/cdl-master/generated_output/temp/_includes/list-simple-questionnaireresponses.xhtml (30.0085sec)
Check Generate /Users/doug/Documents/cdl-master/generated_output/temp/_includes/table-questionnaireresponses.xhtml (30.0086sec)
Check Generate /Users/doug/Documents/cdl-master/generated_output/temp/_includes/list-questionnaireresponses-json.xhtml (30.0086sec)
Check Generate /Users/doug/Documents/cdl-master/generated_output/temp/_includes/list-simple-questionnaireresponses-json.xhtml (30.0087sec)
Check Generate /Users/doug/Documents/cdl-master/generated_output/temp/_includes/table-questionnaireresponses-json.xhtml (30.0087sec)
Check Generate /Users/doug/Documents/cdl-master/generated_output/temp/_includes/list-questionnaireresponses-xml.xhtml (30.0088sec)
Check Generate /Users/doug/Documents/cdl-master/generated_output/temp/_includes/list-simple-questionnaireresponses-xml.xhtml (30.0088sec)
Check Generate /Users/doug/Documents/cdl-master/generated_output/temp/_includes/table-questionnaireresponses-xml.xhtml (30.0089sec)
Check Generate /Users/doug/Documents/cdl-master/generated_output/temp/_includes/list-relatedpeople.xhtml (30.0089sec)
Check Generate /Users/doug/Documents/cdl-master/generated_output/temp/_includes/list-simple-relatedpeople.xhtml (30.0090sec)
Check Generate /Users/doug/Documents/cdl-master/generated_output/temp/_includes/table-relatedpeople.xhtml (30.0091sec)
Check Generate /Users/doug/Documents/cdl-master/generated_output/temp/_includes/list-relatedpeople-json.xhtml (30.0091sec)
Check Generate /Users/doug/Documents/cdl-master/generated_output/temp/_includes/list-simple-relatedpeople-json.xhtml (30.0092sec)
Check Generate /Users/doug/Documents/cdl-master/generated_output/temp/_includes/table-relatedpeople-json.xhtml (30.0092sec)
Check Generate /Users/doug/Documents/cdl-master/generated_output/temp/_includes/list-relatedpeople-xml.xhtml (30.0093sec)
Check Generate /Users/doug/Documents/cdl-master/generated_output/temp/_includes/list-simple-relatedpeople-xml.xhtml (30.0093sec)
Check Generate /Users/doug/Documents/cdl-master/generated_output/temp/_includes/table-relatedpeople-xml.xhtml (30.0094sec)
Check Generate /Users/doug/Documents/cdl-master/generated_output/temp/_includes/list-requestgroups.xhtml (30.0094sec)
Check Generate /Users/doug/Documents/cdl-master/generated_output/temp/_includes/list-simple-requestgroups.xhtml (30.0095sec)
Check Generate /Users/doug/Documents/cdl-master/generated_output/temp/_includes/table-requestgroups.xhtml (30.0096sec)
Check Generate /Users/doug/Documents/cdl-master/generated_output/temp/_includes/list-requestgroups-json.xhtml (30.0096sec)
Check Generate /Users/doug/Documents/cdl-master/generated_output/temp/_includes/list-simple-requestgroups-json.xhtml (30.0096sec)
Check Generate /Users/doug/Documents/cdl-master/generated_output/temp/_includes/table-requestgroups-json.xhtml (30.0097sec)
Check Generate /Users/doug/Documents/cdl-master/generated_output/temp/_includes/list-requestgroups-xml.xhtml (30.0097sec)
Check Generate /Users/doug/Documents/cdl-master/generated_output/temp/_includes/list-simple-requestgroups-xml.xhtml (30.0098sec)
Check Generate /Users/doug/Documents/cdl-master/generated_output/temp/_includes/table-requestgroups-xml.xhtml (30.0099sec)
Check Generate /Users/doug/Documents/cdl-master/generated_output/temp/_includes/list-researchdefinitions.xhtml (30.0099sec)
Check Generate /Users/doug/Documents/cdl-master/generated_output/temp/_includes/list-simple-researchdefinitions.xhtml (30.0100sec)
Check Generate /Users/doug/Documents/cdl-master/generated_output/temp/_includes/table-researchdefinitions.xhtml (30.0100sec)
Check Generate /Users/doug/Documents/cdl-master/generated_output/temp/_includes/list-researchdefinitions-json.xhtml (30.0101sec)
Check Generate /Users/doug/Documents/cdl-master/generated_output/temp/_includes/list-simple-researchdefinitions-json.xhtml (30.0101sec)
Check Generate /Users/doug/Documents/cdl-master/generated_output/temp/_includes/table-researchdefinitions-json.xhtml (30.0102sec)
Check Generate /Users/doug/Documents/cdl-master/generated_output/temp/_includes/list-researchdefinitions-xml.xhtml (30.0102sec)
Check Generate /Users/doug/Documents/cdl-master/generated_output/temp/_includes/list-simple-researchdefinitions-xml.xhtml (30.0103sec)
Check Generate /Users/doug/Documents/cdl-master/generated_output/temp/_includes/table-researchdefinitions-xml.xhtml (30.0103sec)
Check Generate /Users/doug/Documents/cdl-master/generated_output/temp/_includes/list-researchelementdefinitions.xhtml (30.0104sec)
Check Generate /Users/doug/Documents/cdl-master/generated_output/temp/_includes/list-simple-researchelementdefinitions.xhtml (30.0105sec)
Check Generate /Users/doug/Documents/cdl-master/generated_output/temp/_includes/table-researchelementdefinitions.xhtml (30.0106sec)
Check Generate /Users/doug/Documents/cdl-master/generated_output/temp/_includes/list-researchelementdefinitions-json.xhtml (30.0106sec)
Check Generate /Users/doug/Documents/cdl-master/generated_output/temp/_includes/list-simple-researchelementdefinitions-json.xhtml (30.0107sec)
Check Generate /Users/doug/Documents/cdl-master/generated_output/temp/_includes/table-researchelementdefinitions-json.xhtml (30.0108sec)
Check Generate /Users/doug/Documents/cdl-master/generated_output/temp/_includes/list-researchelementdefinitions-xml.xhtml (30.0109sec)
Check Generate /Users/doug/Documents/cdl-master/generated_output/temp/_includes/list-simple-researchelementdefinitions-xml.xhtml (30.0110sec)
Check Generate /Users/doug/Documents/cdl-master/generated_output/temp/_includes/table-researchelementdefinitions-xml.xhtml (30.0111sec)
Check Generate /Users/doug/Documents/cdl-master/generated_output/temp/_includes/list-researchstudies.xhtml (30.0111sec)
Check Generate /Users/doug/Documents/cdl-master/generated_output/temp/_includes/list-simple-researchstudies.xhtml (30.0111sec)
Check Generate /Users/doug/Documents/cdl-master/generated_output/temp/_includes/table-researchstudies.xhtml (30.0112sec)
Check Generate /Users/doug/Documents/cdl-master/generated_output/temp/_includes/list-researchstudies-json.xhtml (30.0112sec)
Check Generate /Users/doug/Documents/cdl-master/generated_output/temp/_includes/list-simple-researchstudies-json.xhtml (30.0113sec)
Check Generate /Users/doug/Documents/cdl-master/generated_output/temp/_includes/table-researchstudies-json.xhtml (30.0113sec)
Check Generate /Users/doug/Documents/cdl-master/generated_output/temp/_includes/list-researchstudies-xml.xhtml (30.0114sec)
Check Generate /Users/doug/Documents/cdl-master/generated_output/temp/_includes/list-simple-researchstudies-xml.xhtml (30.0114sec)
Check Generate /Users/doug/Documents/cdl-master/generated_output/temp/_includes/table-researchstudies-xml.xhtml (30.0115sec)
Check Generate /Users/doug/Documents/cdl-master/generated_output/temp/_includes/list-researchsubjects.xhtml (30.0116sec)
Check Generate /Users/doug/Documents/cdl-master/generated_output/temp/_includes/list-simple-researchsubjects.xhtml (30.0116sec)
Check Generate /Users/doug/Documents/cdl-master/generated_output/temp/_includes/table-researchsubjects.xhtml (30.0117sec)
Check Generate /Users/doug/Documents/cdl-master/generated_output/temp/_includes/list-researchsubjects-json.xhtml (30.0117sec)
Check Generate /Users/doug/Documents/cdl-master/generated_output/temp/_includes/list-simple-researchsubjects-json.xhtml (30.0117sec)
Check Generate /Users/doug/Documents/cdl-master/generated_output/temp/_includes/table-researchsubjects-json.xhtml (30.0118sec)
Check Generate /Users/doug/Documents/cdl-master/generated_output/temp/_includes/list-researchsubjects-xml.xhtml (30.0118sec)
Check Generate /Users/doug/Documents/cdl-master/generated_output/temp/_includes/list-simple-researchsubjects-xml.xhtml (30.0119sec)
Check Generate /Users/doug/Documents/cdl-master/generated_output/temp/_includes/table-researchsubjects-xml.xhtml (30.0119sec)
Check Generate /Users/doug/Documents/cdl-master/generated_output/temp/_includes/list-riskassessments.xhtml (30.0120sec)
Check Generate /Users/doug/Documents/cdl-master/generated_output/temp/_includes/list-simple-riskassessments.xhtml (30.0121sec)
Check Generate /Users/doug/Documents/cdl-master/generated_output/temp/_includes/table-riskassessments.xhtml (30.0121sec)
Check Generate /Users/doug/Documents/cdl-master/generated_output/temp/_includes/list-riskassessments-json.xhtml (30.0122sec)
Check Generate /Users/doug/Documents/cdl-master/generated_output/temp/_includes/list-simple-riskassessments-json.xhtml (30.0122sec)
Check Generate /Users/doug/Documents/cdl-master/generated_output/temp/_includes/table-riskassessments-json.xhtml (30.0123sec)
Check Generate /Users/doug/Documents/cdl-master/generated_output/temp/_includes/list-riskassessments-xml.xhtml (30.0123sec)
Check Generate /Users/doug/Documents/cdl-master/generated_output/temp/_includes/list-simple-riskassessments-xml.xhtml (30.0123sec)
Check Generate /Users/doug/Documents/cdl-master/generated_output/temp/_includes/table-riskassessments-xml.xhtml (30.0124sec)
Check Generate /Users/doug/Documents/cdl-master/generated_output/temp/_includes/list-riskevidencesyntheses.xhtml (30.0124sec)
Check Generate /Users/doug/Documents/cdl-master/generated_output/temp/_includes/list-simple-riskevidencesyntheses.xhtml (30.0125sec)
Check Generate /Users/doug/Documents/cdl-master/generated_output/temp/_includes/table-riskevidencesyntheses.xhtml (30.0126sec)
Check Generate /Users/doug/Documents/cdl-master/generated_output/temp/_includes/list-riskevidencesyntheses-json.xhtml (30.0126sec)
Check Generate /Users/doug/Documents/cdl-master/generated_output/temp/_includes/list-simple-riskevidencesyntheses-json.xhtml (30.0127sec)
Check Generate /Users/doug/Documents/cdl-master/generated_output/temp/_includes/table-riskevidencesyntheses-json.xhtml (30.0127sec)
Check Generate /Users/doug/Documents/cdl-master/generated_output/temp/_includes/list-riskevidencesyntheses-xml.xhtml (30.0128sec)
Check Generate /Users/doug/Documents/cdl-master/generated_output/temp/_includes/list-simple-riskevidencesyntheses-xml.xhtml (30.0128sec)
Check Generate /Users/doug/Documents/cdl-master/generated_output/temp/_includes/table-riskevidencesyntheses-xml.xhtml (30.0128sec)
Check Generate /Users/doug/Documents/cdl-master/generated_output/temp/_includes/list-schedules.xhtml (30.0129sec)
Check Generate /Users/doug/Documents/cdl-master/generated_output/temp/_includes/list-simple-schedules.xhtml (30.0130sec)
Check Generate /Users/doug/Documents/cdl-master/generated_output/temp/_includes/table-schedules.xhtml (30.0130sec)
Check Generate /Users/doug/Documents/cdl-master/generated_output/temp/_includes/list-schedules-json.xhtml (30.0131sec)
Check Generate /Users/doug/Documents/cdl-master/generated_output/temp/_includes/list-simple-schedules-json.xhtml (30.0131sec)
Check Generate /Users/doug/Documents/cdl-master/generated_output/temp/_includes/table-schedules-json.xhtml (30.0132sec)
Check Generate /Users/doug/Documents/cdl-master/generated_output/temp/_includes/list-schedules-xml.xhtml (30.0132sec)
Check Generate /Users/doug/Documents/cdl-master/generated_output/temp/_includes/list-simple-schedules-xml.xhtml (30.0132sec)
Check Generate /Users/doug/Documents/cdl-master/generated_output/temp/_includes/table-schedules-xml.xhtml (30.0133sec)
Check Generate /Users/doug/Documents/cdl-master/generated_output/temp/_includes/list-searchparameters.xhtml (30.0133sec)
Check Generate /Users/doug/Documents/cdl-master/generated_output/temp/_includes/list-simple-searchparameters.xhtml (30.0134sec)
Check Generate /Users/doug/Documents/cdl-master/generated_output/temp/_includes/table-searchparameters.xhtml (30.0135sec)
Check Generate /Users/doug/Documents/cdl-master/generated_output/temp/_includes/list-searchparameters-json.xhtml (30.0135sec)
Check Generate /Users/doug/Documents/cdl-master/generated_output/temp/_includes/list-simple-searchparameters-json.xhtml (30.0136sec)
Check Generate /Users/doug/Documents/cdl-master/generated_output/temp/_includes/table-searchparameters-json.xhtml (30.0137sec)
Check Generate /Users/doug/Documents/cdl-master/generated_output/temp/_includes/list-searchparameters-xml.xhtml (30.0137sec)
Check Generate /Users/doug/Documents/cdl-master/generated_output/temp/_includes/list-simple-searchparameters-xml.xhtml (30.0138sec)
Check Generate /Users/doug/Documents/cdl-master/generated_output/temp/_includes/table-searchparameters-xml.xhtml (30.0138sec)
Check Generate /Users/doug/Documents/cdl-master/generated_output/temp/_includes/list-servicerequests.xhtml (30.0139sec)
Check Generate /Users/doug/Documents/cdl-master/generated_output/temp/_includes/list-simple-servicerequests.xhtml (30.0139sec)
Check Generate /Users/doug/Documents/cdl-master/generated_output/temp/_includes/table-servicerequests.xhtml (30.0140sec)
Check Generate /Users/doug/Documents/cdl-master/generated_output/temp/_includes/list-servicerequests-json.xhtml (30.0140sec)
Check Generate /Users/doug/Documents/cdl-master/generated_output/temp/_includes/list-simple-servicerequests-json.xhtml (30.0141sec)
Check Generate /Users/doug/Documents/cdl-master/generated_output/temp/_includes/table-servicerequests-json.xhtml (30.0141sec)
Check Generate /Users/doug/Documents/cdl-master/generated_output/temp/_includes/list-servicerequests-xml.xhtml (30.0142sec)
Check Generate /Users/doug/Documents/cdl-master/generated_output/temp/_includes/list-simple-servicerequests-xml.xhtml (30.0142sec)
Check Generate /Users/doug/Documents/cdl-master/generated_output/temp/_includes/table-servicerequests-xml.xhtml (30.0143sec)
Check Generate /Users/doug/Documents/cdl-master/generated_output/temp/_includes/list-slots.xhtml (30.0143sec)
Check Generate /Users/doug/Documents/cdl-master/generated_output/temp/_includes/list-simple-slots.xhtml (30.0144sec)
Check Generate /Users/doug/Documents/cdl-master/generated_output/temp/_includes/table-slots.xhtml (30.0144sec)
Check Generate /Users/doug/Documents/cdl-master/generated_output/temp/_includes/list-slots-json.xhtml (30.0145sec)
Check Generate /Users/doug/Documents/cdl-master/generated_output/temp/_includes/list-simple-slots-json.xhtml (30.0146sec)
Check Generate /Users/doug/Documents/cdl-master/generated_output/temp/_includes/table-slots-json.xhtml (30.0146sec)
Check Generate /Users/doug/Documents/cdl-master/generated_output/temp/_includes/list-slots-xml.xhtml (30.0147sec)
Check Generate /Users/doug/Documents/cdl-master/generated_output/temp/_includes/list-simple-slots-xml.xhtml (30.0147sec)
Check Generate /Users/doug/Documents/cdl-master/generated_output/temp/_includes/table-slots-xml.xhtml (30.0148sec)
Check Generate /Users/doug/Documents/cdl-master/generated_output/temp/_includes/list-specimen.xhtml (30.0148sec)
Check Generate /Users/doug/Documents/cdl-master/generated_output/temp/_includes/list-simple-specimen.xhtml (30.0149sec)
Check Generate /Users/doug/Documents/cdl-master/generated_output/temp/_includes/table-specimen.xhtml (30.0149sec)
Check Generate /Users/doug/Documents/cdl-master/generated_output/temp/_includes/list-specimen-json.xhtml (30.0150sec)
Check Generate /Users/doug/Documents/cdl-master/generated_output/temp/_includes/list-simple-specimen-json.xhtml (30.0150sec)
Check Generate /Users/doug/Documents/cdl-master/generated_output/temp/_includes/table-specimen-json.xhtml (30.0151sec)
Check Generate /Users/doug/Documents/cdl-master/generated_output/temp/_includes/list-specimen-xml.xhtml (30.0152sec)
Check Generate /Users/doug/Documents/cdl-master/generated_output/temp/_includes/list-simple-specimen-xml.xhtml (30.0152sec)
Check Generate /Users/doug/Documents/cdl-master/generated_output/temp/_includes/table-specimen-xml.xhtml (30.0153sec)
Check Generate /Users/doug/Documents/cdl-master/generated_output/temp/_includes/list-specimendefinitions.xhtml (30.0153sec)
Check Generate /Users/doug/Documents/cdl-master/generated_output/temp/_includes/list-simple-specimendefinitions.xhtml (30.0154sec)
Check Generate /Users/doug/Documents/cdl-master/generated_output/temp/_includes/table-specimendefinitions.xhtml (30.0154sec)
Check Generate /Users/doug/Documents/cdl-master/generated_output/temp/_includes/list-specimendefinitions-json.xhtml (30.0155sec)
Check Generate /Users/doug/Documents/cdl-master/generated_output/temp/_includes/list-simple-specimendefinitions-json.xhtml (30.0156sec)
Check Generate /Users/doug/Documents/cdl-master/generated_output/temp/_includes/table-specimendefinitions-json.xhtml (30.0157sec)
Check Generate /Users/doug/Documents/cdl-master/generated_output/temp/_includes/list-specimendefinitions-xml.xhtml (30.0158sec)
Check Generate /Users/doug/Documents/cdl-master/generated_output/temp/_includes/list-simple-specimendefinitions-xml.xhtml (30.0158sec)
Check Generate /Users/doug/Documents/cdl-master/generated_output/temp/_includes/table-specimendefinitions-xml.xhtml (30.0159sec)
Check Generate /Users/doug/Documents/cdl-master/generated_output/temp/_includes/list-structuredefinitions.xhtml (30.0161sec)
Check Generate /Users/doug/Documents/cdl-master/generated_output/temp/_includes/list-simple-structuredefinitions.xhtml (30.0162sec)
Check Generate /Users/doug/Documents/cdl-master/generated_output/temp/_includes/table-structuredefinitions.xhtml (30.0163sec)
Check Generate /Users/doug/Documents/cdl-master/generated_output/temp/_includes/list-structuredefinitions-json.xhtml (30.0164sec)
Check Generate /Users/doug/Documents/cdl-master/generated_output/temp/_includes/list-simple-structuredefinitions-json.xhtml (30.0165sec)
Check Generate /Users/doug/Documents/cdl-master/generated_output/temp/_includes/table-structuredefinitions-json.xhtml (30.0166sec)
Check Generate /Users/doug/Documents/cdl-master/generated_output/temp/_includes/list-structuredefinitions-xml.xhtml (30.0167sec)
Check Generate /Users/doug/Documents/cdl-master/generated_output/temp/_includes/list-simple-structuredefinitions-xml.xhtml (30.0168sec)
Check Generate /Users/doug/Documents/cdl-master/generated_output/temp/_includes/table-structuredefinitions-xml.xhtml (30.0169sec)
Check Generate /Users/doug/Documents/cdl-master/generated_output/temp/_includes/list-structuremaps.xhtml (30.0170sec)
Check Generate /Users/doug/Documents/cdl-master/generated_output/temp/_includes/list-simple-structuremaps.xhtml (30.0171sec)
Check Generate /Users/doug/Documents/cdl-master/generated_output/temp/_includes/table-structuremaps.xhtml (30.0172sec)
Check Generate /Users/doug/Documents/cdl-master/generated_output/temp/_includes/list-structuremaps-json.xhtml (30.0172sec)
Check Generate /Users/doug/Documents/cdl-master/generated_output/temp/_includes/list-simple-structuremaps-json.xhtml (30.0173sec)
Check Generate /Users/doug/Documents/cdl-master/generated_output/temp/_includes/table-structuremaps-json.xhtml (30.0174sec)
Check Generate /Users/doug/Documents/cdl-master/generated_output/temp/_includes/list-structuremaps-xml.xhtml (30.0175sec)
Check Generate /Users/doug/Documents/cdl-master/generated_output/temp/_includes/list-simple-structuremaps-xml.xhtml (30.0176sec)
Check Generate /Users/doug/Documents/cdl-master/generated_output/temp/_includes/table-structuremaps-xml.xhtml (30.0177sec)
Check Generate /Users/doug/Documents/cdl-master/generated_output/temp/_includes/list-subscriptions.xhtml (30.0178sec)
Check Generate /Users/doug/Documents/cdl-master/generated_output/temp/_includes/list-simple-subscriptions.xhtml (30.0178sec)
Check Generate /Users/doug/Documents/cdl-master/generated_output/temp/_includes/table-subscriptions.xhtml (30.0179sec)
Check Generate /Users/doug/Documents/cdl-master/generated_output/temp/_includes/list-subscriptions-json.xhtml (30.0180sec)
Check Generate /Users/doug/Documents/cdl-master/generated_output/temp/_includes/list-simple-subscriptions-json.xhtml (30.0181sec)
Check Generate /Users/doug/Documents/cdl-master/generated_output/temp/_includes/table-subscriptions-json.xhtml (30.0182sec)
Check Generate /Users/doug/Documents/cdl-master/generated_output/temp/_includes/list-subscriptions-xml.xhtml (30.0183sec)
Check Generate /Users/doug/Documents/cdl-master/generated_output/temp/_includes/list-simple-subscriptions-xml.xhtml (30.0183sec)
Check Generate /Users/doug/Documents/cdl-master/generated_output/temp/_includes/table-subscriptions-xml.xhtml (30.0184sec)
Check Generate /Users/doug/Documents/cdl-master/generated_output/temp/_includes/list-substances.xhtml (30.0185sec)
Check Generate /Users/doug/Documents/cdl-master/generated_output/temp/_includes/list-simple-substances.xhtml (30.0185sec)
Check Generate /Users/doug/Documents/cdl-master/generated_output/temp/_includes/table-substances.xhtml (30.0186sec)
Check Generate /Users/doug/Documents/cdl-master/generated_output/temp/_includes/list-substances-json.xhtml (30.0187sec)
Check Generate /Users/doug/Documents/cdl-master/generated_output/temp/_includes/list-simple-substances-json.xhtml (30.0188sec)
Check Generate /Users/doug/Documents/cdl-master/generated_output/temp/_includes/table-substances-json.xhtml (30.0189sec)
Check Generate /Users/doug/Documents/cdl-master/generated_output/temp/_includes/list-substances-xml.xhtml (30.0189sec)
Check Generate /Users/doug/Documents/cdl-master/generated_output/temp/_includes/list-simple-substances-xml.xhtml (30.0190sec)
Check Generate /Users/doug/Documents/cdl-master/generated_output/temp/_includes/table-substances-xml.xhtml (30.0190sec)
Check Generate /Users/doug/Documents/cdl-master/generated_output/temp/_includes/list-substancenucleicacids.xhtml (30.0191sec)
Check Generate /Users/doug/Documents/cdl-master/generated_output/temp/_includes/list-simple-substancenucleicacids.xhtml (30.0192sec)
Check Generate /Users/doug/Documents/cdl-master/generated_output/temp/_includes/table-substancenucleicacids.xhtml (30.0192sec)
Check Generate /Users/doug/Documents/cdl-master/generated_output/temp/_includes/list-substancenucleicacids-json.xhtml (30.0193sec)
Check Generate /Users/doug/Documents/cdl-master/generated_output/temp/_includes/list-simple-substancenucleicacids-json.xhtml (30.0193sec)
Check Generate /Users/doug/Documents/cdl-master/generated_output/temp/_includes/table-substancenucleicacids-json.xhtml (30.0194sec)
Check Generate /Users/doug/Documents/cdl-master/generated_output/temp/_includes/list-substancenucleicacids-xml.xhtml (30.0195sec)
Check Generate /Users/doug/Documents/cdl-master/generated_output/temp/_includes/list-simple-substancenucleicacids-xml.xhtml (30.0195sec)
Check Generate /Users/doug/Documents/cdl-master/generated_output/temp/_includes/table-substancenucleicacids-xml.xhtml (30.0196sec)
Check Generate /Users/doug/Documents/cdl-master/generated_output/temp/_includes/list-substancepolymers.xhtml (30.0197sec)
Check Generate /Users/doug/Documents/cdl-master/generated_output/temp/_includes/list-simple-substancepolymers.xhtml (30.0198sec)
Check Generate /Users/doug/Documents/cdl-master/generated_output/temp/_includes/table-substancepolymers.xhtml (30.0199sec)
Check Generate /Users/doug/Documents/cdl-master/generated_output/temp/_includes/list-substancepolymers-json.xhtml (30.0200sec)
Check Generate /Users/doug/Documents/cdl-master/generated_output/temp/_includes/list-simple-substancepolymers-json.xhtml (30.0201sec)
Check Generate /Users/doug/Documents/cdl-master/generated_output/temp/_includes/table-substancepolymers-json.xhtml (30.0202sec)
Check Generate /Users/doug/Documents/cdl-master/generated_output/temp/_includes/list-substancepolymers-xml.xhtml (30.0203sec)
Check Generate /Users/doug/Documents/cdl-master/generated_output/temp/_includes/list-simple-substancepolymers-xml.xhtml (30.0204sec)
Check Generate /Users/doug/Documents/cdl-master/generated_output/temp/_includes/table-substancepolymers-xml.xhtml (30.0205sec)
Check Generate /Users/doug/Documents/cdl-master/generated_output/temp/_includes/list-substanceproteins.xhtml (30.0206sec)
Check Generate /Users/doug/Documents/cdl-master/generated_output/temp/_includes/list-simple-substanceproteins.xhtml (30.0206sec)
Check Generate /Users/doug/Documents/cdl-master/generated_output/temp/_includes/table-substanceproteins.xhtml (30.0207sec)
Check Generate /Users/doug/Documents/cdl-master/generated_output/temp/_includes/list-substanceproteins-json.xhtml (30.0208sec)
Check Generate /Users/doug/Documents/cdl-master/generated_output/temp/_includes/list-simple-substanceproteins-json.xhtml (30.0209sec)
Check Generate /Users/doug/Documents/cdl-master/generated_output/temp/_includes/table-substanceproteins-json.xhtml (30.0210sec)
Check Generate /Users/doug/Documents/cdl-master/generated_output/temp/_includes/list-substanceproteins-xml.xhtml (30.0211sec)
Check Generate /Users/doug/Documents/cdl-master/generated_output/temp/_includes/list-simple-substanceproteins-xml.xhtml (30.0212sec)
Check Generate /Users/doug/Documents/cdl-master/generated_output/temp/_includes/table-substanceproteins-xml.xhtml (30.0213sec)
Check Generate /Users/doug/Documents/cdl-master/generated_output/temp/_includes/list-substancereferenceinformations.xhtml (30.0214sec)
Check Generate /Users/doug/Documents/cdl-master/generated_output/temp/_includes/list-simple-substancereferenceinformations.xhtml (30.0215sec)
Check Generate /Users/doug/Documents/cdl-master/generated_output/temp/_includes/table-substancereferenceinformations.xhtml (30.0216sec)
Check Generate /Users/doug/Documents/cdl-master/generated_output/temp/_includes/list-substancereferenceinformations-json.xhtml (30.0217sec)
Check Generate /Users/doug/Documents/cdl-master/generated_output/temp/_includes/list-simple-substancereferenceinformations-json.xhtml (30.0218sec)
Check Generate /Users/doug/Documents/cdl-master/generated_output/temp/_includes/table-substancereferenceinformations-json.xhtml (30.0219sec)
Check Generate /Users/doug/Documents/cdl-master/generated_output/temp/_includes/list-substancereferenceinformations-xml.xhtml (30.0220sec)
Check Generate /Users/doug/Documents/cdl-master/generated_output/temp/_includes/list-simple-substancereferenceinformations-xml.xhtml (30.0220sec)
Check Generate /Users/doug/Documents/cdl-master/generated_output/temp/_includes/table-substancereferenceinformations-xml.xhtml (30.0221sec)
Check Generate /Users/doug/Documents/cdl-master/generated_output/temp/_includes/list-substancesourcematerials.xhtml (30.0222sec)
Check Generate /Users/doug/Documents/cdl-master/generated_output/temp/_includes/list-simple-substancesourcematerials.xhtml (30.0222sec)
Check Generate /Users/doug/Documents/cdl-master/generated_output/temp/_includes/table-substancesourcematerials.xhtml (30.0223sec)
Check Generate /Users/doug/Documents/cdl-master/generated_output/temp/_includes/list-substancesourcematerials-json.xhtml (30.0224sec)
Check Generate /Users/doug/Documents/cdl-master/generated_output/temp/_includes/list-simple-substancesourcematerials-json.xhtml (30.0224sec)
Check Generate /Users/doug/Documents/cdl-master/generated_output/temp/_includes/table-substancesourcematerials-json.xhtml (30.0225sec)
Check Generate /Users/doug/Documents/cdl-master/generated_output/temp/_includes/list-substancesourcematerials-xml.xhtml (30.0226sec)
Check Generate /Users/doug/Documents/cdl-master/generated_output/temp/_includes/list-simple-substancesourcematerials-xml.xhtml (30.0227sec)
Check Generate /Users/doug/Documents/cdl-master/generated_output/temp/_includes/table-substancesourcematerials-xml.xhtml (30.0228sec)
Check Generate /Users/doug/Documents/cdl-master/generated_output/temp/_includes/list-substancespecifications.xhtml (30.0228sec)
Check Generate /Users/doug/Documents/cdl-master/generated_output/temp/_includes/list-simple-substancespecifications.xhtml (30.0229sec)
Check Generate /Users/doug/Documents/cdl-master/generated_output/temp/_includes/table-substancespecifications.xhtml (30.0229sec)
Check Generate /Users/doug/Documents/cdl-master/generated_output/temp/_includes/list-substancespecifications-json.xhtml (30.0230sec)
Check Generate /Users/doug/Documents/cdl-master/generated_output/temp/_includes/list-simple-substancespecifications-json.xhtml (30.0231sec)
Check Generate /Users/doug/Documents/cdl-master/generated_output/temp/_includes/table-substancespecifications-json.xhtml (30.0231sec)
Check Generate /Users/doug/Documents/cdl-master/generated_output/temp/_includes/list-substancespecifications-xml.xhtml (30.0232sec)
Check Generate /Users/doug/Documents/cdl-master/generated_output/temp/_includes/list-simple-substancespecifications-xml.xhtml (30.0233sec)
Check Generate /Users/doug/Documents/cdl-master/generated_output/temp/_includes/table-substancespecifications-xml.xhtml (30.0233sec)
Check Generate /Users/doug/Documents/cdl-master/generated_output/temp/_includes/list-supplydeliveries.xhtml (30.0234sec)
Check Generate /Users/doug/Documents/cdl-master/generated_output/temp/_includes/list-simple-supplydeliveries.xhtml (30.0234sec)
Check Generate /Users/doug/Documents/cdl-master/generated_output/temp/_includes/table-supplydeliveries.xhtml (30.0235sec)
Check Generate /Users/doug/Documents/cdl-master/generated_output/temp/_includes/list-supplydeliveries-json.xhtml (30.0236sec)
Check Generate /Users/doug/Documents/cdl-master/generated_output/temp/_includes/list-simple-supplydeliveries-json.xhtml (30.0237sec)
Check Generate /Users/doug/Documents/cdl-master/generated_output/temp/_includes/table-supplydeliveries-json.xhtml (30.0237sec)
Check Generate /Users/doug/Documents/cdl-master/generated_output/temp/_includes/list-supplydeliveries-xml.xhtml (30.0238sec)
Check Generate /Users/doug/Documents/cdl-master/generated_output/temp/_includes/list-simple-supplydeliveries-xml.xhtml (30.0239sec)
Check Generate /Users/doug/Documents/cdl-master/generated_output/temp/_includes/table-supplydeliveries-xml.xhtml (30.0239sec)
Check Generate /Users/doug/Documents/cdl-master/generated_output/temp/_includes/list-supplyrequests.xhtml (30.0240sec)
Check Generate /Users/doug/Documents/cdl-master/generated_output/temp/_includes/list-simple-supplyrequests.xhtml (30.0240sec)
Check Generate /Users/doug/Documents/cdl-master/generated_output/temp/_includes/table-supplyrequests.xhtml (30.0241sec)
Check Generate /Users/doug/Documents/cdl-master/generated_output/temp/_includes/list-supplyrequests-json.xhtml (30.0242sec)
Check Generate /Users/doug/Documents/cdl-master/generated_output/temp/_includes/list-simple-supplyrequests-json.xhtml (30.0242sec)
Check Generate /Users/doug/Documents/cdl-master/generated_output/temp/_includes/table-supplyrequests-json.xhtml (30.0243sec)
Check Generate /Users/doug/Documents/cdl-master/generated_output/temp/_includes/list-supplyrequests-xml.xhtml (30.0244sec)
Check Generate /Users/doug/Documents/cdl-master/generated_output/temp/_includes/list-simple-supplyrequests-xml.xhtml (30.0244sec)
Check Generate /Users/doug/Documents/cdl-master/generated_output/temp/_includes/table-supplyrequests-xml.xhtml (30.0245sec)
Check Generate /Users/doug/Documents/cdl-master/generated_output/temp/_includes/list-tasks.xhtml (30.0246sec)
Check Generate /Users/doug/Documents/cdl-master/generated_output/temp/_includes/list-simple-tasks.xhtml (30.0247sec)
Check Generate /Users/doug/Documents/cdl-master/generated_output/temp/_includes/table-tasks.xhtml (30.0248sec)
Check Generate /Users/doug/Documents/cdl-master/generated_output/temp/_includes/list-tasks-json.xhtml (30.0248sec)
Check Generate /Users/doug/Documents/cdl-master/generated_output/temp/_includes/list-simple-tasks-json.xhtml (30.0249sec)
Check Generate /Users/doug/Documents/cdl-master/generated_output/temp/_includes/table-tasks-json.xhtml (30.0249sec)
Check Generate /Users/doug/Documents/cdl-master/generated_output/temp/_includes/list-tasks-xml.xhtml (30.0250sec)
Check Generate /Users/doug/Documents/cdl-master/generated_output/temp/_includes/list-simple-tasks-xml.xhtml (30.0251sec)
Check Generate /Users/doug/Documents/cdl-master/generated_output/temp/_includes/table-tasks-xml.xhtml (30.0251sec)
Check Generate /Users/doug/Documents/cdl-master/generated_output/temp/_includes/list-terminologycapabilities.xhtml (30.0252sec)
Check Generate /Users/doug/Documents/cdl-master/generated_output/temp/_includes/list-simple-terminologycapabilities.xhtml (30.0252sec)
Check Generate /Users/doug/Documents/cdl-master/generated_output/temp/_includes/table-terminologycapabilities.xhtml (30.0253sec)
Check Generate /Users/doug/Documents/cdl-master/generated_output/temp/_includes/list-terminologycapabilities-json.xhtml (30.0254sec)
Check Generate /Users/doug/Documents/cdl-master/generated_output/temp/_includes/list-simple-terminologycapabilities-json.xhtml (30.0255sec)
Check Generate /Users/doug/Documents/cdl-master/generated_output/temp/_includes/table-terminologycapabilities-json.xhtml (30.0256sec)
Check Generate /Users/doug/Documents/cdl-master/generated_output/temp/_includes/list-terminologycapabilities-xml.xhtml (30.0257sec)
Check Generate /Users/doug/Documents/cdl-master/generated_output/temp/_includes/list-simple-terminologycapabilities-xml.xhtml (30.0257sec)
Check Generate /Users/doug/Documents/cdl-master/generated_output/temp/_includes/table-terminologycapabilities-xml.xhtml (30.0258sec)
Check Generate /Users/doug/Documents/cdl-master/generated_output/temp/_includes/list-testreports.xhtml (30.0259sec)
Check Generate /Users/doug/Documents/cdl-master/generated_output/temp/_includes/list-simple-testreports.xhtml (30.0259sec)
Check Generate /Users/doug/Documents/cdl-master/generated_output/temp/_includes/table-testreports.xhtml (30.0260sec)
Check Generate /Users/doug/Documents/cdl-master/generated_output/temp/_includes/list-testreports-json.xhtml (30.0261sec)
Check Generate /Users/doug/Documents/cdl-master/generated_output/temp/_includes/list-simple-testreports-json.xhtml (30.0261sec)
Check Generate /Users/doug/Documents/cdl-master/generated_output/temp/_includes/table-testreports-json.xhtml (30.0262sec)
Check Generate /Users/doug/Documents/cdl-master/generated_output/temp/_includes/list-testreports-xml.xhtml (30.0263sec)
Check Generate /Users/doug/Documents/cdl-master/generated_output/temp/_includes/list-simple-testreports-xml.xhtml (30.0263sec)
Check Generate /Users/doug/Documents/cdl-master/generated_output/temp/_includes/table-testreports-xml.xhtml (30.0264sec)
Check Generate /Users/doug/Documents/cdl-master/generated_output/temp/_includes/list-testscripts.xhtml (30.0264sec)
Check Generate /Users/doug/Documents/cdl-master/generated_output/temp/_includes/list-simple-testscripts.xhtml (30.0265sec)
Check Generate /Users/doug/Documents/cdl-master/generated_output/temp/_includes/table-testscripts.xhtml (30.0265sec)
Check Generate /Users/doug/Documents/cdl-master/generated_output/temp/_includes/list-testscripts-json.xhtml (30.0266sec)
Check Generate /Users/doug/Documents/cdl-master/generated_output/temp/_includes/list-simple-testscripts-json.xhtml (30.0267sec)
Check Generate /Users/doug/Documents/cdl-master/generated_output/temp/_includes/table-testscripts-json.xhtml (30.0267sec)
Check Generate /Users/doug/Documents/cdl-master/generated_output/temp/_includes/list-testscripts-xml.xhtml (30.0268sec)
Check Generate /Users/doug/Documents/cdl-master/generated_output/temp/_includes/list-simple-testscripts-xml.xhtml (30.0268sec)
Check Generate /Users/doug/Documents/cdl-master/generated_output/temp/_includes/table-testscripts-xml.xhtml (30.0269sec)
Check Generate /Users/doug/Documents/cdl-master/generated_output/temp/_includes/list-valuesets.xhtml (30.0270sec)
Check Generate /Users/doug/Documents/cdl-master/generated_output/temp/_includes/list-simple-valuesets.xhtml (30.0292sec)
Check Generate /Users/doug/Documents/cdl-master/generated_output/temp/_includes/table-valuesets.xhtml (30.0293sec)
Check Generate /Users/doug/Documents/cdl-master/generated_output/temp/_includes/list-valuesets-json.xhtml (30.0294sec)
Check Generate /Users/doug/Documents/cdl-master/generated_output/temp/_includes/list-simple-valuesets-json.xhtml (30.0296sec)
Check Generate /Users/doug/Documents/cdl-master/generated_output/temp/_includes/table-valuesets-json.xhtml (30.0297sec)
Check Generate /Users/doug/Documents/cdl-master/generated_output/temp/_includes/list-valuesets-xml.xhtml (30.0298sec)
Check Generate /Users/doug/Documents/cdl-master/generated_output/temp/_includes/list-simple-valuesets-xml.xhtml (30.0299sec)
Check Generate /Users/doug/Documents/cdl-master/generated_output/temp/_includes/table-valuesets-xml.xhtml (30.0300sec)
Check Generate /Users/doug/Documents/cdl-master/generated_output/temp/_includes/list-verificationresults.xhtml (30.0301sec)
Check Generate /Users/doug/Documents/cdl-master/generated_output/temp/_includes/list-simple-verificationresults.xhtml (30.0302sec)
Check Generate /Users/doug/Documents/cdl-master/generated_output/temp/_includes/table-verificationresults.xhtml (30.0302sec)
Check Generate /Users/doug/Documents/cdl-master/generated_output/temp/_includes/list-verificationresults-json.xhtml (30.0303sec)
Check Generate /Users/doug/Documents/cdl-master/generated_output/temp/_includes/list-simple-verificationresults-json.xhtml (30.0304sec)
Check Generate /Users/doug/Documents/cdl-master/generated_output/temp/_includes/table-verificationresults-json.xhtml (30.0305sec)
Check Generate /Users/doug/Documents/cdl-master/generated_output/temp/_includes/list-verificationresults-xml.xhtml (30.0305sec)
Check Generate /Users/doug/Documents/cdl-master/generated_output/temp/_includes/list-simple-verificationresults-xml.xhtml (30.0306sec)
Check Generate /Users/doug/Documents/cdl-master/generated_output/temp/_includes/table-verificationresults-xml.xhtml (30.0306sec)
Check Generate /Users/doug/Documents/cdl-master/generated_output/temp/_includes/list-visionprescriptions.xhtml (30.0307sec)
Check Generate /Users/doug/Documents/cdl-master/generated_output/temp/_includes/list-simple-visionprescriptions.xhtml (30.0308sec)
Check Generate /Users/doug/Documents/cdl-master/generated_output/temp/_includes/table-visionprescriptions.xhtml (30.0308sec)
Check Generate /Users/doug/Documents/cdl-master/generated_output/temp/_includes/list-visionprescriptions-json.xhtml (30.0309sec)
Check Generate /Users/doug/Documents/cdl-master/generated_output/temp/_includes/list-simple-visionprescriptions-json.xhtml (30.0309sec)
Check Generate /Users/doug/Documents/cdl-master/generated_output/temp/_includes/table-visionprescriptions-json.xhtml (30.0310sec)
Check Generate /Users/doug/Documents/cdl-master/generated_output/temp/_includes/list-visionprescriptions-xml.xhtml (30.0311sec)
Check Generate /Users/doug/Documents/cdl-master/generated_output/temp/_includes/list-simple-visionprescriptions-xml.xhtml (30.0311sec)
Check Generate /Users/doug/Documents/cdl-master/generated_output/temp/_includes/table-visionprescriptions-xml.xhtml (30.0312sec)
Check Generate /Users/doug/Documents/cdl-master/generated_output/temp/_includes/list-profiles.xhtml (30.0313sec)
Check Generate /Users/doug/Documents/cdl-master/generated_output/temp/_includes/list-simple-profiles.xhtml (30.0314sec)
Check Generate /Users/doug/Documents/cdl-master/generated_output/temp/_includes/table-profiles.xhtml (30.0314sec)
Check Generate /Users/doug/Documents/cdl-master/generated_output/temp/_includes/list-profiles-mm.xhtml (30.0315sec)
Check Generate /Users/doug/Documents/cdl-master/generated_output/temp/_includes/list-simple-profiles-mm.xhtml (30.0316sec)
Check Generate /Users/doug/Documents/cdl-master/generated_output/temp/_includes/table-profiles-mm.xhtml (30.0316sec)
Check Generate /Users/doug/Documents/cdl-master/generated_output/temp/_includes/list-extensions.xhtml (30.0317sec)
Check Generate /Users/doug/Documents/cdl-master/generated_output/temp/_includes/list-simple-extensions.xhtml (30.0317sec)
Check Generate /Users/doug/Documents/cdl-master/generated_output/temp/_includes/table-extensions.xhtml (30.0321sec)
Check Generate /Users/doug/Documents/cdl-master/generated_output/temp/_includes/list-extensions-mm.xhtml (30.0322sec)
Check Generate /Users/doug/Documents/cdl-master/generated_output/temp/_includes/list-simple-extensions-mm.xhtml (30.0323sec)
Check Generate /Users/doug/Documents/cdl-master/generated_output/temp/_includes/table-extensions-mm.xhtml (30.0324sec)
Check Generate /Users/doug/Documents/cdl-master/generated_output/temp/_includes/list-logicals.xhtml (30.0325sec)
Check Generate /Users/doug/Documents/cdl-master/generated_output/temp/_includes/list-simple-logicals.xhtml (30.0326sec)
Check Generate /Users/doug/Documents/cdl-master/generated_output/temp/_includes/table-logicals.xhtml (30.0326sec)
Check Generate /Users/doug/Documents/cdl-master/generated_output/temp/_includes/list-logicals-mm.xhtml (30.0327sec)
Check Generate /Users/doug/Documents/cdl-master/generated_output/temp/_includes/list-simple-logicals-mm.xhtml (30.0328sec)
Check Generate /Users/doug/Documents/cdl-master/generated_output/temp/_includes/table-logicals-mm.xhtml (30.0329sec)
Jekyll: Source: /Users/doug/Documents/cdl-master/generated_output/temp           (33.0272sec)
Jekyll: Generating...                                                            (33.0272sec)
Jekyll: done in 0.616 seconds.                                                   (33.0888sec)
Installing hl7.org.fhir.us.cdl#dev to the package cache
  Fetching:|
  Analysing done.
Checking Output HTML                                                             (34.0298sec)
CheckHTML: List files
found 332 files
Loading Files
Checking Files
Listing known Implementation Guides
Checking Other Links
Done checking
  ... 332 html files, 10 pages invalid xhtml (3%)                                (35.0909sec)
  ... 21034 links, 56 broken links (0%)                                          (35.0909sec)
Build final .zip                                                                 (35.0909sec)
Final .zip built                                                                 (36.0380sec)
Finished. 13.0351. Validation output in /Users/doug/Documents/cdl-master/output/qa.html
Errors: 8  Warnings: 2  Info: 0 (36.0557sec)
Done                                                                             (36.0557sec)
